Archive member included to satisfy reference by file (symbol)

c:/st/stm32cubeide_1.4.0/stm32cubeide/plugins/com.st.stm32cube.ide.mcu.externaltools.gnu-tools-for-stm32.7-2018-q2-update.win32_1.4.0.202007081208/tools/bin/../lib/gcc/arm-none-eabi/7.3.1/../../../../arm-none-eabi/lib/thumb/v7e-m/fpv4-sp/hard\libc_nano.a(lib_a-errno.o)
                              Core/Src/syscalls.o (__errno)
c:/st/stm32cubeide_1.4.0/stm32cubeide/plugins/com.st.stm32cube.ide.mcu.externaltools.gnu-tools-for-stm32.7-2018-q2-update.win32_1.4.0.202007081208/tools/bin/../lib/gcc/arm-none-eabi/7.3.1/../../../../arm-none-eabi/lib/thumb/v7e-m/fpv4-sp/hard\libc_nano.a(lib_a-exit.o)
                              c:/st/stm32cubeide_1.4.0/stm32cubeide/plugins/com.st.stm32cube.ide.mcu.externaltools.gnu-tools-for-stm32.7-2018-q2-update.win32_1.4.0.202007081208/tools/bin/../lib/gcc/arm-none-eabi/7.3.1/../../../../arm-none-eabi/lib/thumb/v7e-m/fpv4-sp/hard/crt0.o (exit)
c:/st/stm32cubeide_1.4.0/stm32cubeide/plugins/com.st.stm32cube.ide.mcu.externaltools.gnu-tools-for-stm32.7-2018-q2-update.win32_1.4.0.202007081208/tools/bin/../lib/gcc/arm-none-eabi/7.3.1/../../../../arm-none-eabi/lib/thumb/v7e-m/fpv4-sp/hard\libc_nano.a(lib_a-impure.o)
                              c:/st/stm32cubeide_1.4.0/stm32cubeide/plugins/com.st.stm32cube.ide.mcu.externaltools.gnu-tools-for-stm32.7-2018-q2-update.win32_1.4.0.202007081208/tools/bin/../lib/gcc/arm-none-eabi/7.3.1/../../../../arm-none-eabi/lib/thumb/v7e-m/fpv4-sp/hard\libc_nano.a(lib_a-exit.o) (_global_impure_ptr)
c:/st/stm32cubeide_1.4.0/stm32cubeide/plugins/com.st.stm32cube.ide.mcu.externaltools.gnu-tools-for-stm32.7-2018-q2-update.win32_1.4.0.202007081208/tools/bin/../lib/gcc/arm-none-eabi/7.3.1/../../../../arm-none-eabi/lib/thumb/v7e-m/fpv4-sp/hard\libc_nano.a(lib_a-init.o)
                              c:/st/stm32cubeide_1.4.0/stm32cubeide/plugins/com.st.stm32cube.ide.mcu.externaltools.gnu-tools-for-stm32.7-2018-q2-update.win32_1.4.0.202007081208/tools/bin/../lib/gcc/arm-none-eabi/7.3.1/../../../../arm-none-eabi/lib/thumb/v7e-m/fpv4-sp/hard/crt0.o (__libc_init_array)
c:/st/stm32cubeide_1.4.0/stm32cubeide/plugins/com.st.stm32cube.ide.mcu.externaltools.gnu-tools-for-stm32.7-2018-q2-update.win32_1.4.0.202007081208/tools/bin/../lib/gcc/arm-none-eabi/7.3.1/../../../../arm-none-eabi/lib/thumb/v7e-m/fpv4-sp/hard\libc_nano.a(lib_a-memset.o)
                              c:/st/stm32cubeide_1.4.0/stm32cubeide/plugins/com.st.stm32cube.ide.mcu.externaltools.gnu-tools-for-stm32.7-2018-q2-update.win32_1.4.0.202007081208/tools/bin/../lib/gcc/arm-none-eabi/7.3.1/../../../../arm-none-eabi/lib/thumb/v7e-m/fpv4-sp/hard/crt0.o (memset)
c:/st/stm32cubeide_1.4.0/stm32cubeide/plugins/com.st.stm32cube.ide.mcu.externaltools.gnu-tools-for-stm32.7-2018-q2-update.win32_1.4.0.202007081208/tools/bin/../lib/gcc/arm-none-eabi/7.3.1/../../../../arm-none-eabi/lib/thumb/v7e-m/fpv4-sp/hard\libc_nano.a(lib_a-sprintf.o)
                              Core/Src/main.o (sprintf)
c:/st/stm32cubeide_1.4.0/stm32cubeide/plugins/com.st.stm32cube.ide.mcu.externaltools.gnu-tools-for-stm32.7-2018-q2-update.win32_1.4.0.202007081208/tools/bin/../lib/gcc/arm-none-eabi/7.3.1/../../../../arm-none-eabi/lib/thumb/v7e-m/fpv4-sp/hard\libc_nano.a(lib_a-strlen.o)
                              Core/Src/main.o (strlen)
c:/st/stm32cubeide_1.4.0/stm32cubeide/plugins/com.st.stm32cube.ide.mcu.externaltools.gnu-tools-for-stm32.7-2018-q2-update.win32_1.4.0.202007081208/tools/bin/../lib/gcc/arm-none-eabi/7.3.1/../../../../arm-none-eabi/lib/thumb/v7e-m/fpv4-sp/hard\libc_nano.a(lib_a-nano-svfprintf.o)
                              c:/st/stm32cubeide_1.4.0/stm32cubeide/plugins/com.st.stm32cube.ide.mcu.externaltools.gnu-tools-for-stm32.7-2018-q2-update.win32_1.4.0.202007081208/tools/bin/../lib/gcc/arm-none-eabi/7.3.1/../../../../arm-none-eabi/lib/thumb/v7e-m/fpv4-sp/hard\libc_nano.a(lib_a-sprintf.o) (_svfprintf_r)
c:/st/stm32cubeide_1.4.0/stm32cubeide/plugins/com.st.stm32cube.ide.mcu.externaltools.gnu-tools-for-stm32.7-2018-q2-update.win32_1.4.0.202007081208/tools/bin/../lib/gcc/arm-none-eabi/7.3.1/../../../../arm-none-eabi/lib/thumb/v7e-m/fpv4-sp/hard\libc_nano.a(lib_a-nano-vfprintf_i.o)
                              c:/st/stm32cubeide_1.4.0/stm32cubeide/plugins/com.st.stm32cube.ide.mcu.externaltools.gnu-tools-for-stm32.7-2018-q2-update.win32_1.4.0.202007081208/tools/bin/../lib/gcc/arm-none-eabi/7.3.1/../../../../arm-none-eabi/lib/thumb/v7e-m/fpv4-sp/hard\libc_nano.a(lib_a-nano-svfprintf.o) (_printf_i)
c:/st/stm32cubeide_1.4.0/stm32cubeide/plugins/com.st.stm32cube.ide.mcu.externaltools.gnu-tools-for-stm32.7-2018-q2-update.win32_1.4.0.202007081208/tools/bin/../lib/gcc/arm-none-eabi/7.3.1/../../../../arm-none-eabi/lib/thumb/v7e-m/fpv4-sp/hard\libc_nano.a(lib_a-memchr.o)
[...]
Memory Configuration

Name             Origin             Length             Attributes
RAM              0x0000000020000000 0x0000000000008000 xrw
FLASH            0x0000000008000000 0x0000000000040000 xr
*default*        0x0000000000000000 0xffffffffffffffff

Linker script and memory map

LOAD c:/st/stm32cubeide_1.4.0/stm32cubeide/plugins/com.st.stm32cube.ide.mcu.externaltools.gnu-tools-for-stm32.7-2018-q2-update.win32_1.4.0.202007081208/tools/bin/../lib/gcc/arm-none-eabi/7.3.1/thumb/v7e-m/fpv4-sp/hard/crti.o
LOAD c:/st/stm32cubeide_1.4.0/stm32cubeide/plugins/com.st.stm32cube.ide.mcu.externaltools.gnu-tools-for-stm32.7-2018-q2-update.win32_1.4.0.202007081208/tools/bin/../lib/gcc/arm-none-eabi/7.3.1/thumb/v7e-m/fpv4-sp/hard/crtbegin.o
LOAD c:/st/stm32cubeide_1.4.0/stm32cubeide/plugins/com.st.stm32cube.ide.mcu.externaltools.gnu-tools-for-stm32.7-2018-q2-update.win32_1.4.0.202007081208/tools/bin/../lib/gcc/arm-none-eabi/7.3.1/../../../../arm-none-eabi/lib/thumb/v7e-m/fpv4-sp/hard/crt0.o
LOAD Core/Src/gpio.o
LOAD Core/Src/main.o
LOAD Core/Src/spi.o
LOAD Core/Src/stm32f3xx_hal_msp.o
LOAD Core/Src/stm32f3xx_it.o
LOAD Core/Src/syscalls.o
LOAD Core/Src/sysmem.o
LOAD Core/Src/system_stm32f3xx.o
LOAD Core/Src/usart.o
LOAD Core/Startup/startup_stm32f373cctx.o
LOAD Drivers/STM32F3xx_HAL_Driver/Src/stm32f3xx_hal.o
LOAD Drivers/STM32F3xx_HAL_Driver/Src/stm32f3xx_hal_cortex.o
LOAD Drivers/STM32F3xx_HAL_Driver/Src/stm32f3xx_hal_dma.o
LOAD Drivers/STM32F3xx_HAL_Driver/Src/stm32f3xx_hal_exti.o
LOAD Drivers/STM32F3xx_HAL_Driver/Src/stm32f3xx_hal_flash.o
LOAD Drivers/STM32F3xx_HAL_Driver/Src/stm32f3xx_hal_flash_ex.o
LOAD Drivers/STM32F3xx_HAL_Driver/Src/stm32f3xx_hal_gpio.o
LOAD Drivers/STM32F3xx_HAL_Driver/Src/stm32f3xx_hal_i2c.o
LOAD Drivers/STM32F3xx_HAL_Driver/Src/stm32f3xx_hal_i2c_ex.o
LOAD Drivers/STM32F3xx_HAL_Driver/Src/stm32f3xx_hal_pwr.o
LOAD Drivers/STM32F3xx_HAL_Driver/Src/stm32f3xx_hal_pwr_ex.o
LOAD Drivers/STM32F3xx_HAL_Driver/Src/stm32f3xx_hal_rcc.o
LOAD Drivers/STM32F3xx_HAL_Driver/Src/stm32f3xx_hal_rcc_ex.o
LOAD Drivers/STM32F3xx_HAL_Driver/Src/stm32f3xx_hal_spi.o
LOAD Drivers/STM32F3xx_HAL_Driver/Src/stm32f3xx_hal_spi_ex.o
LOAD Drivers/STM32F3xx_HAL_Driver/Src/stm32f3xx_hal_tim.o
LOAD Drivers/STM32F3xx_HAL_Driver/Src/stm32f3xx_hal_tim_ex.o
LOAD Drivers/STM32F3xx_HAL_Driver/Src/stm32f3xx_hal_uart.o
LOAD Drivers/STM32F3xx_HAL_Driver/Src/stm32f3xx_hal_uart_ex.o
LOAD FATFS/App/fatfs.o
LOAD FATFS/Target/user_diskio.o
LOAD MIDDLEWARE/FATFS_SD/FATFS_SD.o
LOAD Middlewares/Third_Party/FatFs/src/diskio.o
LOAD Middlewares/Third_Party/FatFs/src/ff.o
LOAD Middlewares/Third_Party/FatFs/src/ff_gen_drv.o
LOAD Middlewares/Third_Party/FatFs/src/option/ccsbcs.o
LOAD Middlewares/Third_Party/FatFs/src/option/syscall.o
START GROUP
LOAD c:/st/stm32cubeide_1.4.0/stm32cubeide/plugins/com.st.stm32cube.ide.mcu.externaltools.gnu-tools-for-stm32.7-2018-q2-update.win32_1.4.0.202007081208/tools/bin/../lib/gcc/arm-none-eabi/7.3.1/../../../../arm-none-eabi/lib/thumb/v7e-m/fpv4-sp/hard\libc_nano.a
LOAD c:/st/stm32cubeide_1.4.0/stm32cubeide/plugins/com.st.stm32cube.ide.mcu.externaltools.gnu-tools-for-stm32.7-2018-q2-update.win32_1.4.0.202007081208/tools/bin/../lib/gcc/arm-none-eabi/7.3.1/../../../../arm-none-eabi/lib/thumb/v7e-m/fpv4-sp/hard\libm.a
END GROUP
START GROUP
LOAD c:/st/stm32cubeide_1.4.0/stm32cubeide/plugins/com.st.stm32cube.ide.mcu.externaltools.gnu-tools-for-stm32.7-2018-q2-update.win32_1.4.0.202007081208/tools/bin/../lib/gcc/arm-none-eabi/7.3.1/thumb/v7e-m/fpv4-sp/hard\libgcc.a
LOAD c:/st/stm32cubeide_1.4.0/stm32cubeide/plugins/com.st.stm32cube.ide.mcu.externaltools.gnu-tools-for-stm32.7-2018-q2-update.win32_1.4.0.202007081208/tools/bin/../lib/gcc/arm-none-eabi/7.3.1/../../../../arm-none-eabi/lib/thumb/v7e-m/fpv4-sp/hard\libc_nano.a
END GROUP
START GROUP
LOAD c:/st/stm32cubeide_1.4.0/stm32cubeide/plugins/com.st.stm32cube.ide.mcu.externaltools.gnu-tools-for-stm32.7-2018-q2-update.win32_1.4.0.202007081208/tools/bin/../lib/gcc/arm-none-eabi/7.3.1/thumb/v7e-m/fpv4-sp/hard\libgcc.a
LOAD c:/st/stm32cubeide_1.4.0/stm32cubeide/plugins/com.st.stm32cube.ide.mcu.externaltools.gnu-tools-for-stm32.7-2018-q2-update.win32_1.4.0.202007081208/tools/bin/../lib/gcc/arm-none-eabi/7.3.1/../../../../arm-none-eabi/lib/thumb/v7e-m/fpv4-sp/hard\libc_nano.a
LOAD c:/st/stm32cubeide_1.4.0/stm32cubeide/plugins/com.st.stm32cube.ide.mcu.externaltools.gnu-tools-for-stm32.7-2018-q2-update.win32_1.4.0.202007081208/tools/bin/../lib/gcc/arm-none-eabi/7.3.1/../../../../arm-none-eabi/lib/thumb/v7e-m/fpv4-sp/hard\libnosys.a
END GROUP
START GROUP
LOAD c:/st/stm32cubeide_1.4.0/stm32cubeide/plugins/com.st.stm32cube.ide.mcu.externaltools.gnu-tools-for-stm32.7-2018-q2-update.win32_1.4.0.202007081208/tools/bin/../lib/gcc/arm-none-eabi/7.3.1/thumb/v7e-m/fpv4-sp/hard\libgcc.a
LOAD c:/st/stm32cubeide_1.4.0/stm32cubeide/plugins/com.st.stm32cube.ide.mcu.externaltools.gnu-tools-for-stm32.7-2018-q2-update.win32_1.4.0.202007081208/tools/bin/../lib/gcc/arm-none-eabi/7.3.1/../../../../arm-none-eabi/lib/thumb/v7e-m/fpv4-sp/hard\libc_nano.a
LOAD c:/st/stm32cubeide_1.4.0/stm32cubeide/plugins/com.st.stm32cube.ide.mcu.externaltools.gnu-tools-for-stm32.7-2018-q2-update.win32_1.4.0.202007081208/tools/bin/../lib/gcc/arm-none-eabi/7.3.1/../../../../arm-none-eabi/lib/thumb/v7e-m/fpv4-sp/hard\libnosys.a
END GROUP
LOAD c:/st/stm32cubeide_1.4.0/stm32cubeide/plugins/com.st.stm32cube.ide.mcu.externaltools.gnu-tools-for-stm32.7-2018-q2-update.win32_1.4.0.202007081208/tools/bin/../lib/gcc/arm-none-eabi/7.3.1/thumb/v7e-m/fpv4-sp/hard/crtend.o
LOAD c:/st/stm32cubeide_1.4.0/stm32cubeide/plugins/com.st.stm32cube.ide.mcu.externaltools.gnu-tools-for-stm32.7-2018-q2-update.win32_1.4.0.202007081208/tools/bin/../lib/gcc/arm-none-eabi/7.3.1/thumb/v7e-m/fpv4-sp/hard/crtn.o
                0x0000000020008000                _estack = (ORIGIN (RAM) + LENGTH (RAM))
                0x0000000000000200                _Min_Heap_Size = 0x200
                0x0000000000000400                _Min_Stack_Size = 0x400

.isr_vector     0x0000000008000000      0x188
                0x0000000008000000                . = ALIGN (0x4)
 *(.isr_vector)
 .isr_vector    0x0000000008000000      0x188 Core/Startup/startup_stm32f373cctx.o
                0x0000000008000000                g_pfnVectors
                0x0000000008000188                . = ALIGN (0x4)

.text           0x0000000008000190     0x9cc4
                0x0000000008000190                . = ALIGN (0x4)
 *(.text)
 .text          0x0000000008000190       0x40 c:/st/stm32cubeide_1.4.0/stm32cubeide/plugins/com.st.stm32cube.ide.mcu.externaltools.gnu-tools-for-stm32.7-2018-q2-update.win32_1.4.0.202007081208/tools/bin/../lib/gcc/arm-none-eabi/7.3.1/thumb/v7e-m/fpv4-sp/hard/crtbegin.o
 .text          0x00000000080001d0       0x10 c:/st/stm32cubeide_1.4.0/stm32cubeide/plugins/com.st.stm32cube.ide.mcu.externaltools.gnu-tools-for-stm32.7-2018-q2-update.win32_1.4.0.202007081208/tools/bin/../lib/gcc/arm-none-eabi/7.3.1/../../../../arm-none-eabi/lib/thumb/v7e-m/fpv4-sp/hard\libc_nano.a(lib_a-strlen.o)
                0x00000000080001d0                strlen
 .text          0x00000000080001e0       0xa0 c:/st/stm32cubeide_1.4.0/stm32cubeide/plugins/com.st.stm32cube.ide.mcu.externaltools.gnu-tools-for-stm32.7-2018-q2-update.win32_1.4.0.202007081208/tools/bin/../lib/gcc/arm-none-eabi/7.3.1/../../../../arm-none-eabi/lib/thumb/v7e-m/fpv4-sp/hard\libc_nano.a(lib_a-memchr.o)
                0x00000000080001e0                memchr
 .text          0x0000000008000280      0x378 c:/st/stm32cubeide_1.4.0/stm32cubeide/plugins/com.st.stm32cube.ide.mcu.externaltools.gnu-tools-for-stm32.7-2018-q2-update.win32_1.4.0.202007081208/tools/bin/../lib/gcc/arm-none-eabi/7.3.1/thumb/v7e-m/fpv4-sp/hard\libgcc.a(_arm_addsubdf3.o)
                0x0000000008000280                __aeabi_drsub
                0x0000000008000288                __aeabi_dsub
                0x0000000008000288                __subdf3
                0x000000000800028c                __aeabi_dadd
                0x000000000800028c                __adddf3
                0x0000000008000504                __floatunsidf
                0x0000000008000504                __aeabi_ui2d
                0x0000000008000524                __floatsidf
                0x0000000008000524                __aeabi_i2d
                0x0000000008000548                __aeabi_f2d
                0x0000000008000548                __extendsfdf2
                0x000000000800058c                __floatundidf
                0x000000000800058c                __aeabi_ul2d
                0x000000000800059c                __floatdidf
                0x000000000800059c                __aeabi_l2d
 .text          0x00000000080005f8      0x424 c:/st/stm32cubeide_1.4.0/stm32cubeide/plugins/com.st.stm32cube.ide.mcu.externaltools.gnu-tools-for-stm32.7-2018-q2-update.win32_1.4.0.202007081208/tools/bin/../lib/gcc/arm-none-eabi/7.3.1/thumb/v7e-m/fpv4-sp/hard\libgcc.a(_arm_muldivdf3.o)
                0x00000000080005f8                __aeabi_dmul
                0x00000000080005f8                __muldf3
                0x000000000800084c                __divdf3
                0x000000000800084c                __aeabi_ddiv
 .text          0x0000000008000a1c       0x40 c:/st/stm32cubeide_1.4.0/stm32cubeide/plugins/com.st.stm32cube.ide.mcu.externaltools.gnu-tools-for-stm32.7-2018-q2-update.win32_1.4.0.202007081208/tools/bin/../lib/gcc/arm-none-eabi/7.3.1/thumb/v7e-m/fpv4-sp/hard\libgcc.a(_arm_fixunsdfsi.o)
                0x0000000008000a1c                __aeabi_d2uiz
                0x0000000008000a1c                __fixunsdfsi
 *(.text*)
 .text.MX_GPIO_Init
                0x0000000008000a5c       0xb0 Core/Src/gpio.o
                0x0000000008000a5c                MX_GPIO_Init
 .text.UART_Print
                0x0000000008000b0c       0x28 Core/Src/main.o
 .text.main     0x0000000008000b34       0x2a Core/Src/main.o
                0x0000000008000b34                main
 .text.SystemClock_Config
                0x0000000008000b5e       0xb4 Core/Src/main.o
                0x0000000008000b5e                SystemClock_Config
 *fill*         0x0000000008000c12        0x2 
 .text.SD_Card_Test
                0x0000000008000c14      0x508 Core/Src/main.o
 .text.Error_Handler
                0x000000000800111c        0xe Core/Src/main.o
                0x000000000800111c                Error_Handler
 *fill*         0x000000000800112a        0x2 
 .text.MX_SPI1_Init
                0x000000000800112c       0x7c Core/Src/spi.o
                0x000000000800112c                MX_SPI1_Init
 .text.HAL_SPI_MspInit
                0x00000000080011a8       0xe4 Core/Src/spi.o
                0x00000000080011a8                HAL_SPI_MspInit
 .text.HAL_MspInit
                0x000000000800128c       0x48 Core/Src/stm32f3xx_hal_msp.o
                0x000000000800128c                HAL_MspInit
 .text.NMI_Handler
                0x00000000080012d4        0xe Core/Src/stm32f3xx_it.o
                0x00000000080012d4                NMI_Handler
 .text.HardFault_Handler
                0x00000000080012e2        0x6 Core/Src/stm32f3xx_it.o
                0x00000000080012e2                HardFault_Handler
 .text.MemManage_Handler
                0x00000000080012e8        0x6 Core/Src/stm32f3xx_it.o
                0x00000000080012e8                MemManage_Handler
 .text.BusFault_Handler
                0x00000000080012ee        0x6 Core/Src/stm32f3xx_it.o
                0x00000000080012ee                BusFault_Handler
 .text.UsageFault_Handler
                0x00000000080012f4        0x6 Core/Src/stm32f3xx_it.o
                0x00000000080012f4                UsageFault_Handler
 .text.SVC_Handler
                0x00000000080012fa        0xe Core/Src/stm32f3xx_it.o
                0x00000000080012fa                SVC_Handler
 .text.DebugMon_Handler
                0x0000000008001308        0xe Core/Src/stm32f3xx_it.o
                0x0000000008001308                DebugMon_Handler
 .text.PendSV_Handler
                0x0000000008001316        0xe Core/Src/stm32f3xx_it.o
                0x0000000008001316                PendSV_Handler
 .text.SysTick_Handler
                0x0000000008001324       0x3c Core/Src/stm32f3xx_it.o
                0x0000000008001324                SysTick_Handler
 .text._sbrk    0x0000000008001360       0x6c Core/Src/sysmem.o
                0x0000000008001360                _sbrk
 .text.SystemInit
                0x00000000080013cc       0x24 Core/Src/system_stm32f3xx.o
                0x00000000080013cc                SystemInit
 .text.MX_USART1_UART_Init
                0x00000000080013f0       0x60 Core/Src/usart.o
                0x00000000080013f0                MX_USART1_UART_Init
 .text.HAL_UART_MspInit
                0x0000000008001450       0x88 Core/Src/usart.o
                0x0000000008001450                HAL_UART_MspInit
 .text.Reset_Handler
                0x00000000080014d8       0x50 Core/Startup/startup_stm32f373cctx.o
                0x00000000080014d8                Reset_Handler
 .text.Default_Handler
                0x0000000008001528        0x2 Core/Startup/startup_stm32f373cctx.o
                0x0000000008001528                RTC_Alarm_IRQHandler
                0x0000000008001528                USB_HP_IRQHandler
                0x0000000008001528                PVD_IRQHandler
                0x0000000008001528                TAMP_STAMP_IRQHandler
                0x0000000008001528                EXTI3_IRQHandler
                0x0000000008001528                EXTI0_IRQHandler
                0x0000000008001528                I2C2_EV_IRQHandler
                0x0000000008001528                FPU_IRQHandler
                0x0000000008001528                CAN_TX_IRQHandler
                0x0000000008001528                SPI1_IRQHandler
                0x0000000008001528                CAN_SCE_IRQHandler
                0x0000000008001528                DMA2_Channel2_IRQHandler
                0x0000000008001528                DMA1_Channel4_IRQHandler
                0x0000000008001528                ADC1_IRQHandler
                0x0000000008001528                TIM17_IRQHandler
                0x0000000008001528                USART3_IRQHandler
                0x0000000008001528                DMA1_Channel7_IRQHandler
                0x0000000008001528                TIM4_IRQHandler
                0x0000000008001528                CAN_RX1_IRQHandler
                0x0000000008001528                DMA2_Channel1_IRQHandler
                0x0000000008001528                I2C1_EV_IRQHandler
                0x0000000008001528                DMA1_Channel6_IRQHandler
                0x0000000008001528                TIM16_IRQHandler
                0x0000000008001528                DMA2_Channel4_IRQHandler
                0x0000000008001528                TIM3_IRQHandler
                0x0000000008001528                RCC_IRQHandler
                0x0000000008001528                DMA1_Channel1_IRQHandler
                0x0000000008001528                Default_Handler
                0x0000000008001528                CEC_IRQHandler
                0x0000000008001528                EXTI15_10_IRQHandler
                0x0000000008001528                TIM14_IRQHandler
                0x0000000008001528                TIM13_IRQHandler
                0x0000000008001528                TIM12_IRQHandler
                0x0000000008001528                TIM7_IRQHandler
                0x0000000008001528                TIM5_IRQHandler
                0x0000000008001528                SDADC2_IRQHandler
                0x0000000008001528                TIM15_IRQHandler
                0x0000000008001528                TIM6_DAC1_IRQHandler
                0x0000000008001528                EXTI9_5_IRQHandler
                0x0000000008001528                RTC_WKUP_IRQHandler
                0x0000000008001528                SPI2_IRQHandler
                0x0000000008001528                DMA2_Channel5_IRQHandler
                0x0000000008001528                DMA1_Channel5_IRQHandler
                0x0000000008001528                USB_LP_IRQHandler
                0x0000000008001528                EXTI4_IRQHandler
                0x0000000008001528                TIM18_DAC2_IRQHandler
                0x0000000008001528                DMA1_Channel3_IRQHandler
                0x0000000008001528                COMP_IRQHandler
                0x0000000008001528                WWDG_IRQHandler
                0x0000000008001528                SDADC1_IRQHandler
                0x0000000008001528                TIM2_IRQHandler
                0x0000000008001528                EXTI1_IRQHandler
                0x0000000008001528                SDADC3_IRQHandler
                0x0000000008001528                USART2_IRQHandler
                0x0000000008001528                TIM19_IRQHandler
                0x0000000008001528                I2C2_ER_IRQHandler
                0x0000000008001528                DMA1_Channel2_IRQHandler
                0x0000000008001528                FLASH_IRQHandler
                0x0000000008001528                USART1_IRQHandler
                0x0000000008001528                SPI3_IRQHandler
                0x0000000008001528                CAN_RX0_IRQHandler
                0x0000000008001528                I2C1_ER_IRQHandler
                0x0000000008001528                USBWakeUp_IRQHandler
                0x0000000008001528                DMA2_Channel3_IRQHandler
                0x0000000008001528                EXTI2_TSC_IRQHandler
 *fill*         0x000000000800152a        0x2 
 .text.HAL_Init
                0x000000000800152c       0x2c Drivers/STM32F3xx_HAL_Driver/Src/stm32f3xx_hal.o
                0x000000000800152c                HAL_Init
 .text.HAL_InitTick
                0x0000000008001558       0x60 Drivers/STM32F3xx_HAL_Driver/Src/stm32f3xx_hal.o
                0x0000000008001558                HAL_InitTick
 .text.HAL_IncTick
                0x00000000080015b8       0x28 Drivers/STM32F3xx_HAL_Driver/Src/stm32f3xx_hal.o
                0x00000000080015b8                HAL_IncTick
 .text.HAL_GetTick
                0x00000000080015e0       0x18 Drivers/STM32F3xx_HAL_Driver/Src/stm32f3xx_hal.o
                0x00000000080015e0                HAL_GetTick
 .text.HAL_Delay
                0x00000000080015f8       0x44 Drivers/STM32F3xx_HAL_Driver/Src/stm32f3xx_hal.o
                0x00000000080015f8                HAL_Delay
 .text.__NVIC_SetPriorityGrouping
                0x000000000800163c       0x48 Drivers/STM32F3xx_HAL_Driver/Src/stm32f3xx_hal_cortex.o
 .text.__NVIC_GetPriorityGrouping
                0x0000000008001684       0x1c Drivers/STM32F3xx_HAL_Driver/Src/stm32f3xx_hal_cortex.o
 .text.__NVIC_SetPriority
                0x00000000080016a0       0x54 Drivers/STM32F3xx_HAL_Driver/Src/stm32f3xx_hal_cortex.o
 .text.NVIC_EncodePriority
                0x00000000080016f4       0x66 Drivers/STM32F3xx_HAL_Driver/Src/stm32f3xx_hal_cortex.o
 *fill*         0x000000000800175a        0x2 
 .text.SysTick_Config
                0x000000000800175c       0x44 Drivers/STM32F3xx_HAL_Driver/Src/stm32f3xx_hal_cortex.o
 .text.HAL_NVIC_SetPriorityGrouping
                0x00000000080017a0       0x16 Drivers/STM32F3xx_HAL_Driver/Src/stm32f3xx_hal_cortex.o
                0x00000000080017a0                HAL_NVIC_SetPriorityGrouping
 .text.HAL_NVIC_SetPriority
                0x00000000080017b6       0x38 Drivers/STM32F3xx_HAL_Driver/Src/stm32f3xx_hal_cortex.o
                0x00000000080017b6                HAL_NVIC_SetPriority
 .text.HAL_SYSTICK_Config
                0x00000000080017ee       0x18 Drivers/STM32F3xx_HAL_Driver/Src/stm32f3xx_hal_cortex.o
                0x00000000080017ee                HAL_SYSTICK_Config
 *fill*         0x0000000008001806        0x2 
 .text.HAL_GPIO_Init
                0x0000000008001808      0x2f4 Drivers/STM32F3xx_HAL_Driver/Src/stm32f3xx_hal_gpio.o
                0x0000000008001808                HAL_GPIO_Init
 .text.HAL_GPIO_WritePin
                0x0000000008001afc       0x30 Drivers/STM32F3xx_HAL_Driver/Src/stm32f3xx_hal_gpio.o
                0x0000000008001afc                HAL_GPIO_WritePin
 .text.HAL_RCC_OscConfig
                0x0000000008001b2c      0xe10 Drivers/STM32F3xx_HAL_Driver/Src/stm32f3xx_hal_rcc.o
                0x0000000008001b2c                HAL_RCC_OscConfig
 .text.HAL_RCC_ClockConfig
                0x000000000800293c      0x2f8 Drivers/STM32F3xx_HAL_Driver/Src/stm32f3xx_hal_rcc.o
                0x000000000800293c                HAL_RCC_ClockConfig
 .text.HAL_RCC_GetSysClockFreq
                0x0000000008002c34       0xd8 Drivers/STM32F3xx_HAL_Driver/Src/stm32f3xx_hal_rcc.o
                0x0000000008002c34                HAL_RCC_GetSysClockFreq
 .text.HAL_RCC_GetHCLKFreq
                0x0000000008002d0c       0x18 Drivers/STM32F3xx_HAL_Driver/Src/stm32f3xx_hal_rcc.o
                0x0000000008002d0c                HAL_RCC_GetHCLKFreq
 .text.HAL_RCC_GetPCLK1Freq
                0x0000000008002d24       0x44 Drivers/STM32F3xx_HAL_Driver/Src/stm32f3xx_hal_rcc.o
                0x0000000008002d24                HAL_RCC_GetPCLK1Freq
 .text.HAL_RCC_GetPCLK2Freq
                0x0000000008002d68       0x44 Drivers/STM32F3xx_HAL_Driver/Src/stm32f3xx_hal_rcc.o
                0x0000000008002d68                HAL_RCC_GetPCLK2Freq
 .text.HAL_RCCEx_PeriphCLKConfig
                0x0000000008002dac      0x2e8 Drivers/STM32F3xx_HAL_Driver/Src/stm32f3xx_hal_rcc_ex.o
                0x0000000008002dac                HAL_RCCEx_PeriphCLKConfig
 .text.HAL_SPI_Init
                0x0000000008003094      0x156 Drivers/STM32F3xx_HAL_Driver/Src/stm32f3xx_hal_spi.o
                0x0000000008003094                HAL_SPI_Init
 .text.HAL_SPI_Transmit
                0x00000000080031ea      0x2dc Drivers/STM32F3xx_HAL_Driver/Src/stm32f3xx_hal_spi.o
                0x00000000080031ea                HAL_SPI_Transmit
 .text.HAL_SPI_TransmitReceive
                0x00000000080034c6      0x426 Drivers/STM32F3xx_HAL_Driver/Src/stm32f3xx_hal_spi.o
                0x00000000080034c6                HAL_SPI_TransmitReceive
 .text.SPI_WaitFlagStateUntilTimeout
                0x00000000080038ec      0x110 Drivers/STM32F3xx_HAL_Driver/Src/stm32f3xx_hal_spi.o
 .text.SPI_WaitFifoStateUntilTimeout
                0x00000000080039fc      0x12c Drivers/STM32F3xx_HAL_Driver/Src/stm32f3xx_hal_spi.o
 .text.SPI_EndRxTxTransaction
                0x0000000008003b28       0x8c Drivers/STM32F3xx_HAL_Driver/Src/stm32f3xx_hal_spi.o
 .text.HAL_UART_Init
                0x0000000008003bb4       0x9c Drivers/STM32F3xx_HAL_Driver/Src/stm32f3xx_hal_uart.o
                0x0000000008003bb4                HAL_UART_Init
 .text.HAL_UART_Transmit
                0x0000000008003c50      0x128 Drivers/STM32F3xx_HAL_Driver/Src/stm32f3xx_hal_uart.o
                0x0000000008003c50                HAL_UART_Transmit
 .text.UART_SetConfig
                0x0000000008003d78      0x2f4 Drivers/STM32F3xx_HAL_Driver/Src/stm32f3xx_hal_uart.o
                0x0000000008003d78                UART_SetConfig
 .text.UART_AdvFeatureConfig
                0x000000000800406c      0x144 Drivers/STM32F3xx_HAL_Driver/Src/stm32f3xx_hal_uart.o
                0x000000000800406c                UART_AdvFeatureConfig
 .text.UART_CheckIdleState
                0x00000000080041b0       0x92 Drivers/STM32F3xx_HAL_Driver/Src/stm32f3xx_hal_uart.o
                0x00000000080041b0                UART_CheckIdleState
 .text.UART_WaitOnFlagUntilTimeout
                0x0000000008004242      0x188 Drivers/STM32F3xx_HAL_Driver/Src/stm32f3xx_hal_uart.o
                0x0000000008004242                UART_WaitOnFlagUntilTimeout
 *fill*         0x00000000080043ca        0x2 
 .text.MX_FATFS_Init
                0x00000000080043cc       0x24 FATFS/App/fatfs.o
                0x00000000080043cc                MX_FATFS_Init
 .text.get_fattime
                0x00000000080043f0       0x10 FATFS/App/fatfs.o
                0x00000000080043f0                get_fattime
 .text.USER_initialize
                0x0000000008004400       0x1c FATFS/Target/user_diskio.o
                0x0000000008004400                USER_initialize
 .text.USER_status
                0x000000000800441c       0x1c FATFS/Target/user_diskio.o
                0x000000000800441c                USER_status
 .text.USER_read
                0x0000000008004438       0x26 FATFS/Target/user_diskio.o
                0x0000000008004438                USER_read
 .text.USER_write
                0x000000000800445e       0x26 FATFS/Target/user_diskio.o
                0x000000000800445e                USER_write
 .text.USER_ioctl
                0x0000000008004484       0x26 FATFS/Target/user_diskio.o
                0x0000000008004484                USER_ioctl
 *fill*         0x00000000080044aa        0x2 
 .text.SELECT   0x00000000080044ac       0x18 MIDDLEWARE/FATFS_SD/FATFS_SD.o
 .text.DESELECT
                0x00000000080044c4       0x18 MIDDLEWARE/FATFS_SD/FATFS_SD.o
 .text.SPI_TxByte
                0x00000000080044dc       0x34 MIDDLEWARE/FATFS_SD/FATFS_SD.o
 .text.SPI_TxBuffer
                0x0000000008004510       0x34 MIDDLEWARE/FATFS_SD/FATFS_SD.o
 .text.SPI_RxByte
                0x0000000008004544       0x38 MIDDLEWARE/FATFS_SD/FATFS_SD.o
 .text.SPI_RxBytePtr
                0x000000000800457c       0x1c MIDDLEWARE/FATFS_SD/FATFS_SD.o
 .text.SD_ReadyWait
                0x0000000008004598       0x34 MIDDLEWARE/FATFS_SD/FATFS_SD.o
 .text.SD_PowerOn
                0x00000000080045cc       0x84 MIDDLEWARE/FATFS_SD/FATFS_SD.o
 .text.SD_PowerOff
                0x0000000008004650       0x18 MIDDLEWARE/FATFS_SD/FATFS_SD.o
 .text.SD_CheckPower
                0x0000000008004668       0x18 MIDDLEWARE/FATFS_SD/FATFS_SD.o
 .text.SD_RxDataBlock
                0x0000000008004680       0x5c MIDDLEWARE/FATFS_SD/FATFS_SD.o
 .text.SD_TxDataBlock
                0x00000000080046dc       0x86 MIDDLEWARE/FATFS_SD/FATFS_SD.o
 .text.SD_SendCmd
                0x0000000008004762       0xa8 MIDDLEWARE/FATFS_SD/FATFS_SD.o
 *fill*         0x000000000800480a        0x2 
 .text.SD_disk_initialize
                0x000000000800480c      0x1cc MIDDLEWARE/FATFS_SD/FATFS_SD.o
                0x000000000800480c                SD_disk_initialize
 .text.SD_disk_status
                0x00000000080049d8       0x2c MIDDLEWARE/FATFS_SD/FATFS_SD.o
                0x00000000080049d8                SD_disk_status
 .text.SD_disk_read
                0x0000000008004a04       0xd4 MIDDLEWARE/FATFS_SD/FATFS_SD.o
                0x0000000008004a04                SD_disk_read
 .text.SD_disk_write
                0x0000000008004ad8      0x108 MIDDLEWARE/FATFS_SD/FATFS_SD.o
                0x0000000008004ad8                SD_disk_write
 .text.SD_disk_ioctl
                0x0000000008004be0      0x254 MIDDLEWARE/FATFS_SD/FATFS_SD.o
                0x0000000008004be0                SD_disk_ioctl
 .text.disk_status
                0x0000000008004e34       0x34 Middlewares/Third_Party/FatFs/src/diskio.o
                0x0000000008004e34                disk_status
 .text.disk_initialize
                0x0000000008004e68       0x4c Middlewares/Third_Party/FatFs/src/diskio.o
                0x0000000008004e68                disk_initialize
 .text.disk_read
                0x0000000008004eb4       0x40 Middlewares/Third_Party/FatFs/src/diskio.o
                0x0000000008004eb4                disk_read
 .text.disk_write
                0x0000000008004ef4       0x40 Middlewares/Third_Party/FatFs/src/diskio.o
                0x0000000008004ef4                disk_write
 .text.disk_ioctl
                0x0000000008004f34       0x3c Middlewares/Third_Party/FatFs/src/diskio.o
                0x0000000008004f34                disk_ioctl
 .text.mem_cpy  0x0000000008004f70       0x3c Middlewares/Third_Party/FatFs/src/ff.o
 .text.mem_set  0x0000000008004fac       0x34 Middlewares/Third_Party/FatFs/src/ff.o
 .text.mem_cmp  0x0000000008004fe0       0x4e Middlewares/Third_Party/FatFs/src/ff.o
 .text.chk_chr  0x000000000800502e       0x36 Middlewares/Third_Party/FatFs/src/ff.o
 .text.chk_lock
                0x0000000008005064       0xe4 Middlewares/Third_Party/FatFs/src/ff.o
 .text.enq_lock
                0x0000000008005148       0x48 Middlewares/Third_Party/FatFs/src/ff.o
 .text.inc_lock
                0x0000000008005190      0x184 Middlewares/Third_Party/FatFs/src/ff.o
 .text.dec_lock
                0x0000000008005314       0x88 Middlewares/Third_Party/FatFs/src/ff.o
 .text.clear_lock
                0x000000000800539c       0x54 Middlewares/Third_Party/FatFs/src/ff.o
 .text.sync_window
                0x00000000080053f0       0xb4 Middlewares/Third_Party/FatFs/src/ff.o
 .text.move_window
                0x00000000080054a4       0x68 Middlewares/Third_Party/FatFs/src/ff.o
 .text.sync_fs  0x000000000800550c      0x19e Middlewares/Third_Party/FatFs/src/ff.o
 .text.clust2sect
                0x00000000080056aa       0x50 Middlewares/Third_Party/FatFs/src/ff.o
                0x00000000080056aa                clust2sect
 .text.get_fat  0x00000000080056fa      0x204 Middlewares/Third_Party/FatFs/src/ff.o
                0x00000000080056fa                get_fat
 .text.put_fat  0x00000000080058fe      0x2ba Middlewares/Third_Party/FatFs/src/ff.o
                0x00000000080058fe                put_fat
 .text.remove_chain
                0x0000000008005bb8       0xd0 Middlewares/Third_Party/FatFs/src/ff.o
 .text.create_chain
                0x0000000008005c88      0x162 Middlewares/Third_Party/FatFs/src/ff.o
 .text.clmt_clust
                0x0000000008005dea       0x88 Middlewares/Third_Party/FatFs/src/ff.o
 .text.dir_sdi  0x0000000008005e72      0x1b6 Middlewares/Third_Party/FatFs/src/ff.o
 .text.dir_next
                0x0000000008006028      0x2c4 Middlewares/Third_Party/FatFs/src/ff.o
 .text.dir_alloc
                0x00000000080062ec       0xa2 Middlewares/Third_Party/FatFs/src/ff.o
 .text.ld_clust
                0x000000000800638e       0x5e Middlewares/Third_Party/FatFs/src/ff.o
 .text.st_clust
                0x00000000080063ec       0x4e Middlewares/Third_Party/FatFs/src/ff.o
 *fill*         0x000000000800643a        0x2 
 .text.cmp_lfn  0x000000000800643c       0xdc Middlewares/Third_Party/FatFs/src/ff.o
 .text.fit_lfn  0x0000000008006518       0xec Middlewares/Third_Party/FatFs/src/ff.o
 .text.gen_numname
                0x0000000008006604      0x11e Middlewares/Third_Party/FatFs/src/ff.o
 .text.sum_sfn  0x0000000008006722       0x42 Middlewares/Third_Party/FatFs/src/ff.o
 .text.dir_find
                0x0000000008006764      0x1aa Middlewares/Third_Party/FatFs/src/ff.o
 *fill*         0x000000000800690e        0x2 
 .text.dir_register
                0x0000000008006910      0x260 Middlewares/Third_Party/FatFs/src/ff.o
 .text.create_name
                0x0000000008006b70      0x384 Middlewares/Third_Party/FatFs/src/ff.o
 .text.follow_path
                0x0000000008006ef4       0xf2 Middlewares/Third_Party/FatFs/src/ff.o
 .text.get_ldnumber
                0x0000000008006fe6       0x88 Middlewares/Third_Party/FatFs/src/ff.o
 *fill*         0x000000000800706e        0x2 
 .text.check_fs
                0x0000000008007070       0xdc Middlewares/Third_Party/FatFs/src/ff.o
 .text.find_volume
                0x000000000800714c      0x6b8 Middlewares/Third_Party/FatFs/src/ff.o
 .text.validate
                0x0000000008007804       0x7c Middlewares/Third_Party/FatFs/src/ff.o
 .text.f_mount  0x0000000008007880       0x94 Middlewares/Third_Party/FatFs/src/ff.o
                0x0000000008007880                f_mount
 .text.f_open   0x0000000008007914      0x674 Middlewares/Third_Party/FatFs/src/ff.o
                0x0000000008007914                f_open
 .text.f_read   0x0000000008007f88      0x42c Middlewares/Third_Party/FatFs/src/ff.o
                0x0000000008007f88                f_read
 .text.f_write  0x00000000080083b4      0x4e6 Middlewares/Third_Party/FatFs/src/ff.o
                0x00000000080083b4                f_write
 .text.f_sync   0x000000000800889a      0x1bc Middlewares/Third_Party/FatFs/src/ff.o
                0x000000000800889a                f_sync
 .text.f_close  0x0000000008008a56       0x56 Middlewares/Third_Party/FatFs/src/ff.o
                0x0000000008008a56                f_close
 .text.f_lseek  0x0000000008008aac      0x668 Middlewares/Third_Party/FatFs/src/ff.o
                0x0000000008008aac                f_lseek
 .text.f_getfree
                0x0000000008009114      0x1c4 Middlewares/Third_Party/FatFs/src/ff.o
                0x0000000008009114                f_getfree
 .text.f_gets   0x00000000080092d8       0x7a Middlewares/Third_Party/FatFs/src/ff.o
                0x00000000080092d8                f_gets
 .text.putc_bfd
                0x0000000008009352       0x7a Middlewares/Third_Party/FatFs/src/ff.o
 .text.f_puts   0x00000000080093cc       0x74 Middlewares/Third_Party/FatFs/src/ff.o
                0x00000000080093cc                f_puts
 .text.FATFS_LinkDriverEx
                0x0000000008009440       0x98 Middlewares/Third_Party/FatFs/src/ff_gen_drv.o
                0x0000000008009440                FATFS_LinkDriverEx
 .text.FATFS_LinkDriver
                0x00000000080094d8       0x1e Middlewares/Third_Party/FatFs/src/ff_gen_drv.o
                0x00000000080094d8                FATFS_LinkDriver
 *fill*         0x00000000080094f6        0x2 
 .text.ff_convert
                0x00000000080094f8       0x78 Middlewares/Third_Party/FatFs/src/option/ccsbcs.o
                0x00000000080094f8                ff_convert
 .text.ff_wtoupper
                0x0000000008009570       0x5c Middlewares/Third_Party/FatFs/src/option/ccsbcs.o
                0x0000000008009570                ff_wtoupper
 .text.__errno  0x00000000080095cc        0xc c:/st/stm32cubeide_1.4.0/stm32cubeide/plugins/com.st.stm32cube.ide.mcu.externaltools.gnu-tools-for-stm32.7-2018-q2-update.win32_1.4.0.202007081208/tools/bin/../lib/gcc/arm-none-eabi/7.3.1/../../../../arm-none-eabi/lib/thumb/v7e-m/fpv4-sp/hard\libc_nano.a(lib_a-errno.o)
                0x00000000080095cc                __errno
 .text.__libc_init_array
                0x00000000080095d8       0x48 c:/st/stm32cubeide_1.4.0/stm32cubeide/plugins/com.st.stm32cube.ide.mcu.externaltools.gnu-tools-for-stm32.7-2018-q2-update.win32_1.4.0.202007081208/tools/bin/../lib/gcc/arm-none-eabi/7.3.1/../../../../arm-none-eabi/lib/thumb/v7e-m/fpv4-sp/hard\libc_nano.a(lib_a-init.o)
                0x00000000080095d8                __libc_init_array
 .text.memset   0x0000000008009620       0x10 c:/st/stm32cubeide_1.4.0/stm32cubeide/plugins/com.st.stm32cube.ide.mcu.externaltools.gnu-tools-for-stm32.7-2018-q2-update.win32_1.4.0.202007081208/tools/bin/../lib/gcc/arm-none-eabi/7.3.1/../../../../arm-none-eabi/lib/thumb/v7e-m/fpv4-sp/hard\libc_nano.a(lib_a-memset.o)
                0x0000000008009620                memset
 .text.sprintf  0x0000000008009630       0x40 c:/st/stm32cubeide_1.4.0/stm32cubeide/plugins/com.st.stm32cube.ide.mcu.externaltools.gnu-tools-for-stm32.7-2018-q2-update.win32_1.4.0.202007081208/tools/bin/../lib/gcc/arm-none-eabi/7.3.1/../../../../arm-none-eabi/lib/thumb/v7e-m/fpv4-sp/hard\libc_nano.a(lib_a-sprintf.o)
                0x0000000008009630                siprintf
                0x0000000008009630                sprintf
 .text.__ssputs_r
                0x0000000008009670       0xb4 c:/st/stm32cubeide_1.4.0/stm32cubeide/plugins/com.st.stm32cube.ide.mcu.externaltools.gnu-tools-for-stm32.7-2018-q2-update.win32_1.4.0.202007081208/tools/bin/../lib/gcc/arm-none-eabi/7.3.1/../../../../arm-none-eabi/lib/thumb/v7e-m/fpv4-sp/hard\libc_nano.a(lib_a-nano-svfprintf.o)
                0x0000000008009670                __ssputs_r
 .text._svfprintf_r
                0x0000000008009724      0x1f0 c:/st/stm32cubeide_1.4.0/stm32cubeide/plugins/com.st.stm32cube.ide.mcu.externaltools.gnu-tools-for-stm32.7-2018-q2-update.win32_1.4.0.202007081208/tools/bin/../lib/gcc/arm-none-eabi/7.3.1/../../../../arm-none-eabi/lib/thumb/v7e-m/fpv4-sp/hard\libc_nano.a(lib_a-nano-svfprintf.o)
                0x0000000008009724                _svfiprintf_r
                0x0000000008009724                _svfprintf_r
 .text._printf_common
                0x0000000008009914       0xea c:/st/stm32cubeide_1.4.0/stm32cubeide/plugins/com.st.stm32cube.ide.mcu.externaltools.gnu-tools-for-stm32.7-2018-q2-update.win32_1.4.0.202007081208/tools/bin/../lib/gcc/arm-none-eabi/7.3.1/../../../../arm-none-eabi/lib/thumb/v7e-m/fpv4-sp/hard\libc_nano.a(lib_a-nano-vfprintf_i.o)
                0x0000000008009914                _printf_common
 *fill*         0x00000000080099fe        0x2 
 .text._printf_i
                0x0000000008009a00      0x224 c:/st/stm32cubeide_1.4.0/stm32cubeide/plugins/com.st.stm32cube.ide.mcu.externaltools.gnu-tools-for-stm32.7-2018-q2-update.win32_1.4.0.202007081208/tools/bin/../lib/gcc/arm-none-eabi/7.3.1/../../../../arm-none-eabi/lib/thumb/v7e-m/fpv4-sp/hard\libc_nano.a(lib_a-nano-vfprintf_i.o)
                0x0000000008009a00                _printf_i
 .text.memcpy   0x0000000008009c24       0x16 c:/st/stm32cubeide_1.4.0/stm32cubeide/plugins/com.st.stm32cube.ide.mcu.externaltools.gnu-tools-for-stm32.7-2018-q2-update.win32_1.4.0.202007081208/tools/bin/../lib/gcc/arm-none-eabi/7.3.1/../../../../arm-none-eabi/lib/thumb/v7e-m/fpv4-sp/hard\libc_nano.a(lib_a-memcpy-stub.o)
                0x0000000008009c24                memcpy
 .text.memmove  0x0000000008009c3a       0x32 c:/st/stm32cubeide_1.4.0/stm32cubeide/plugins/com.st.stm32cube.ide.mcu.externaltools.gnu-tools-for-stm32.7-2018-q2-update.win32_1.4.0.202007081208/tools/bin/../lib/gcc/arm-none-eabi/7.3.1/../../../../arm-none-eabi/lib/thumb/v7e-m/fpv4-sp/hard\libc_nano.a(lib_a-memmove.o)
                0x0000000008009c3a                memmove
 .text._free_r  0x0000000008009c6c       0x9c c:/st/stm32cubeide_1.4.0/stm32cubeide/plugins/com.st.stm32cube.ide.mcu.externaltools.gnu-tools-for-stm32.7-2018-q2-update.win32_1.4.0.202007081208/tools/bin/../lib/gcc/arm-none-eabi/7.3.1/../../../../arm-none-eabi/lib/thumb/v7e-m/fpv4-sp/hard\libc_nano.a(lib_a-nano-freer.o)
                0x0000000008009c6c                _free_r
 .text._malloc_r
                0x0000000008009d08       0xb4 c:/st/stm32cubeide_1.4.0/stm32cubeide/plugins/com.st.stm32cube.ide.mcu.externaltools.gnu-tools-for-stm32.7-2018-q2-update.win32_1.4.0.202007081208/tools/bin/../lib/gcc/arm-none-eabi/7.3.1/../../../../arm-none-eabi/lib/thumb/v7e-m/fpv4-sp/hard\libc_nano.a(lib_a-nano-mallocr.o)
                0x0000000008009d08                _malloc_r
 .text._realloc_r
                0x0000000008009dbc       0x4c c:/st/stm32cubeide_1.4.0/stm32cubeide/plugins/com.st.stm32cube.ide.mcu.externaltools.gnu-tools-for-stm32.7-2018-q2-update.win32_1.4.0.202007081208/tools/bin/../lib/gcc/arm-none-eabi/7.3.1/../../../../arm-none-eabi/lib/thumb/v7e-m/fpv4-sp/hard\libc_nano.a(lib_a-nano-reallocr.o)
                0x0000000008009dbc                _realloc_r
 .text._sbrk_r  0x0000000008009e08       0x20 c:/st/stm32cubeide_1.4.0/stm32cubeide/plugins/com.st.stm32cube.ide.mcu.externaltools.gnu-tools-for-stm32.7-2018-q2-update.win32_1.4.0.202007081208/tools/bin/../lib/gcc/arm-none-eabi/7.3.1/../../../../arm-none-eabi/lib/thumb/v7e-m/fpv4-sp/hard\libc_nano.a(lib_a-sbrkr.o)
                0x0000000008009e08                _sbrk_r
 .text.__malloc_lock
                0x0000000008009e28        0x2 c:/st/stm32cubeide_1.4.0/stm32cubeide/plugins/com.st.stm32cube.ide.mcu.externaltools.gnu-tools-for-stm32.7-2018-q2-update.win32_1.4.0.202007081208/tools/bin/../lib/gcc/arm-none-eabi/7.3.1/../../../../arm-none-eabi/lib/thumb/v7e-m/fpv4-sp/hard\libc_nano.a(lib_a-mlock.o)
                0x0000000008009e28                __malloc_lock
 .text.__malloc_unlock
                0x0000000008009e2a        0x2 c:/st/stm32cubeide_1.4.0/stm32cubeide/plugins/com.st.stm32cube.ide.mcu.externaltools.gnu-tools-for-stm32.7-2018-q2-update.win32_1.4.0.202007081208/tools/bin/../lib/gcc/arm-none-eabi/7.3.1/../../../../arm-none-eabi/lib/thumb/v7e-m/fpv4-sp/hard\libc_nano.a(lib_a-mlock.o)
                0x0000000008009e2a                __malloc_unlock
 .text._malloc_usable_size_r
                0x0000000008009e2c       0x10 c:/st/stm32cubeide_1.4.0/stm32cubeide/plugins/com.st.stm32cube.ide.mcu.externaltools.gnu-tools-for-stm32.7-2018-q2-update.win32_1.4.0.202007081208/tools/bin/../lib/gcc/arm-none-eabi/7.3.1/../../../../arm-none-eabi/lib/thumb/v7e-m/fpv4-sp/hard\libc_nano.a(lib_a-nano-msizer.o)
                0x0000000008009e2c                _malloc_usable_size_r
 *(.glue_7)
 .glue_7        0x0000000008009e3c        0x0 linker stubs
 *(.glue_7t)
 .glue_7t       0x0000000008009e3c        0x0 linker stubs
 *(.eh_frame)
 .eh_frame      0x0000000008009e3c        0x0 c:/st/stm32cubeide_1.4.0/stm32cubeide/plugins/com.st.stm32cube.ide.mcu.externaltools.gnu-tools-for-stm32.7-2018-q2-update.win32_1.4.0.202007081208/tools/bin/../lib/gcc/arm-none-eabi/7.3.1/thumb/v7e-m/fpv4-sp/hard/crtbegin.o
 *(.init)
 .init          0x0000000008009e3c        0x4 c:/st/stm32cubeide_1.4.0/stm32cubeide/plugins/com.st.stm32cube.ide.mcu.externaltools.gnu-tools-for-stm32.7-2018-q2-update.win32_1.4.0.202007081208/tools/bin/../lib/gcc/arm-none-eabi/7.3.1/thumb/v7e-m/fpv4-sp/hard/crti.o
                0x0000000008009e3c                _init
 .init          0x0000000008009e40        0x8 c:/st/stm32cubeide_1.4.0/stm32cubeide/plugins/com.st.stm32cube.ide.mcu.externaltools.gnu-tools-for-stm32.7-2018-q2-update.win32_1.4.0.202007081208/tools/bin/../lib/gcc/arm-none-eabi/7.3.1/thumb/v7e-m/fpv4-sp/hard/crtn.o
 *(.fini)
 .fini          0x0000000008009e48        0x4 c:/st/stm32cubeide_1.4.0/stm32cubeide/plugins/com.st.stm32cube.ide.mcu.externaltools.gnu-tools-for-stm32.7-2018-q2-update.win32_1.4.0.202007081208/tools/bin/../lib/gcc/arm-none-eabi/7.3.1/thumb/v7e-m/fpv4-sp/hard/crti.o
                0x0000000008009e48                _fini
 .fini          0x0000000008009e4c        0x8 c:/st/stm32cubeide_1.4.0/stm32cubeide/plugins/com.st.stm32cube.ide.mcu.externaltools.gnu-tools-for-stm32.7-2018-q2-update.win32_1.4.0.202007081208/tools/bin/../lib/gcc/arm-none-eabi/7.3.1/thumb/v7e-m/fpv4-sp/hard/crtn.o
                0x0000000008009e54                . = ALIGN (0x4)
                0x0000000008009e54                _etext = .

.vfp11_veneer   0x0000000008009e54        0x0
 .vfp11_veneer  0x0000000008009e54        0x0 linker stubs

.v4_bx          0x0000000008009e54        0x0
 .v4_bx         0x0000000008009e54        0x0 linker stubs

.iplt           0x0000000008009e54        0x0
 .iplt          0x0000000008009e54        0x0 c:/st/stm32cubeide_1.4.0/stm32cubeide/plugins/com.st.stm32cube.ide.mcu.externaltools.gnu-tools-for-stm32.7-2018-q2-update.win32_1.4.0.202007081208/tools/bin/../lib/gcc/arm-none-eabi/7.3.1/thumb/v7e-m/fpv4-sp/hard/crtbegin.o

.rodata         0x0000000008009e54      0x96c
                0x0000000008009e54                . = ALIGN (0x4)
 *(.rodata)
 .rodata        0x0000000008009e54      0x368 Core/Src/main.o
 .rodata        0x000000000800a1bc       0x48 Middlewares/Third_Party/FatFs/src/ff.o
 *(.rodata*)
 .rodata.AHBPrescTable
                0x000000000800a204       0x10 Core/Src/system_stm32f3xx.o
                0x000000000800a204                AHBPrescTable
 .rodata.APBPrescTable
                0x000000000800a214        0x8 Core/Src/system_stm32f3xx.o
                0x000000000800a214                APBPrescTable
 .rodata.aPLLMULFactorTable
                0x000000000800a21c       0x10 Drivers/STM32F3xx_HAL_Driver/Src/stm32f3xx_hal_rcc.o
                0x000000000800a21c                aPLLMULFactorTable
 .rodata.aPredivFactorTable
                0x000000000800a22c       0x10 Drivers/STM32F3xx_HAL_Driver/Src/stm32f3xx_hal_rcc.o
                0x000000000800a22c                aPredivFactorTable
 .rodata.ExCvt  0x000000000800a23c       0x80 Middlewares/Third_Party/FatFs/src/ff.o
 .rodata.LfnOfs
                0x000000000800a2bc        0xd Middlewares/Third_Party/FatFs/src/ff.o
 *fill*         0x000000000800a2c9        0x3 
 .rodata.Tbl    0x000000000800a2cc      0x100 Middlewares/Third_Party/FatFs/src/option/ccsbcs.o
 .rodata.tbl_lower.8027
                0x000000000800a3cc      0x1e0 Middlewares/Third_Party/FatFs/src/option/ccsbcs.o
 .rodata.tbl_upper.8028
                0x000000000800a5ac      0x1e0 Middlewares/Third_Party/FatFs/src/option/ccsbcs.o
 .rodata._svfprintf_r.str1.1
                0x000000000800a78c       0x11 c:/st/stm32cubeide_1.4.0/stm32cubeide/plugins/com.st.stm32cube.ide.mcu.externaltools.gnu-tools-for-stm32.7-2018-q2-update.win32_1.4.0.202007081208/tools/bin/../lib/gcc/arm-none-eabi/7.3.1/../../../../arm-none-eabi/lib/thumb/v7e-m/fpv4-sp/hard\libc_nano.a(lib_a-nano-svfprintf.o)
 .rodata._printf_i.str1.1
                0x000000000800a79d       0x22 c:/st/stm32cubeide_1.4.0/stm32cubeide/plugins/com.st.stm32cube.ide.mcu.externaltools.gnu-tools-for-stm32.7-2018-q2-update.win32_1.4.0.202007081208/tools/bin/../lib/gcc/arm-none-eabi/7.3.1/../../../../arm-none-eabi/lib/thumb/v7e-m/fpv4-sp/hard\libc_nano.a(lib_a-nano-vfprintf_i.o)
                0x000000000800a7c0                . = ALIGN (0x4)
 *fill*         0x000000000800a7bf        0x1 

.rel.dyn        0x000000000800a7c0        0x0
 .rel.iplt      0x000000000800a7c0        0x0 c:/st/stm32cubeide_1.4.0/stm32cubeide/plugins/com.st.stm32cube.ide.mcu.externaltools.gnu-tools-for-stm32.7-2018-q2-update.win32_1.4.0.202007081208/tools/bin/../lib/gcc/arm-none-eabi/7.3.1/thumb/v7e-m/fpv4-sp/hard/crtbegin.o

.ARM.extab      0x000000000800a7c0        0x0
                0x000000000800a7c0                . = ALIGN (0x4)
 *(.ARM.extab* .gnu.linkonce.armextab.*)
                0x000000000800a7c0                . = ALIGN (0x4)

.ARM            0x000000000800a7c0        0x0
                0x000000000800a7c0                . = ALIGN (0x4)
                0x000000000800a7c0                __exidx_start = .
 *(.ARM.exidx*)
                0x000000000800a7c0                __exidx_end = .
                0x000000000800a7c0                . = ALIGN (0x4)

.preinit_array  0x000000000800a7c0        0x0
                0x000000000800a7c0                . = ALIGN (0x4)
                0x000000000800a7c0                PROVIDE (__preinit_array_start = .)
 *(.preinit_array*)
                0x000000000800a7c0                PROVIDE (__preinit_array_end = .)
                0x000000000800a7c0                . = ALIGN (0x4)

.init_array     0x000000000800a7c0        0x4
                0x000000000800a7c0                . = ALIGN (0x4)
                0x000000000800a7c0                PROVIDE (__init_array_start = .)
 *(SORT_BY_NAME(.init_array.*))
 *(.init_array*)
 .init_array    0x000000000800a7c0        0x4 c:/st/stm32cubeide_1.4.0/stm32cubeide/plugins/com.st.stm32cube.ide.mcu.externaltools.gnu-tools-for-stm32.7-2018-q2-update.win32_1.4.0.202007081208/tools/bin/../lib/gcc/arm-none-eabi/7.3.1/thumb/v7e-m/fpv4-sp/hard/crtbegin.o
                0x000000000800a7c4                PROVIDE (__init_array_end = .)
                0x000000000800a7c4                . = ALIGN (0x4)

.fini_array     0x000000000800a7c4        0x4
                0x000000000800a7c4                . = ALIGN (0x4)
                [!provide]                        PROVIDE (__fini_array_start = .)
 *(SORT_BY_NAME(.fini_array.*))
 *(.fini_array*)
 .fini_array    0x000000000800a7c4        0x4 c:/st/stm32cubeide_1.4.0/stm32cubeide/plugins/com.st.stm32cube.ide.mcu.externaltools.gnu-tools-for-stm32.7-2018-q2-update.win32_1.4.0.202007081208/tools/bin/../lib/gcc/arm-none-eabi/7.3.1/thumb/v7e-m/fpv4-sp/hard/crtbegin.o
                [!provide]                        PROVIDE (__fini_array_end = .)
                0x000000000800a7c8                . = ALIGN (0x4)
                0x000000000800a7c8                _sidata = LOADADDR (.data)

.data           0x0000000020000000       0x88 load address 0x000000000800a7c8
                0x0000000020000000                . = ALIGN (0x4)
                0x0000000020000000                _sdata = .
 *(.data)
 *(.data*)
 .data.SystemCoreClock
                0x0000000020000000        0x4 Core/Src/system_stm32f3xx.o
                0x0000000020000000                SystemCoreClock
 .data.uwTickPrio
                0x0000000020000004        0x4 Drivers/STM32F3xx_HAL_Driver/Src/stm32f3xx_hal.o
                0x0000000020000004                uwTickPrio
 .data.uwTickFreq
                0x0000000020000008        0x1 Drivers/STM32F3xx_HAL_Driver/Src/stm32f3xx_hal.o
                0x0000000020000008                uwTickFreq
 *fill*         0x0000000020000009        0x3 
 .data.USER_Driver
                0x000000002000000c       0x14 FATFS/Target/user_diskio.o
                0x000000002000000c                USER_Driver
 .data.Stat     0x0000000020000020        0x1 MIDDLEWARE/FATFS_SD/FATFS_SD.o
 *fill*         0x0000000020000021        0x3 
 .data._impure_ptr
                0x0000000020000024        0x4 c:/st/stm32cubeide_1.4.0/stm32cubeide/plugins/com.st.stm32cube.ide.mcu.externaltools.gnu-tools-for-stm32.7-2018-q2-update.win32_1.4.0.202007081208/tools/bin/../lib/gcc/arm-none-eabi/7.3.1/../../../../arm-none-eabi/lib/thumb/v7e-m/fpv4-sp/hard\libc_nano.a(lib_a-impure.o)
                0x0000000020000024                _impure_ptr
 .data.impure_data
                0x0000000020000028       0x60 c:/st/stm32cubeide_1.4.0/stm32cubeide/plugins/com.st.stm32cube.ide.mcu.externaltools.gnu-tools-for-stm32.7-2018-q2-update.win32_1.4.0.202007081208/tools/bin/../lib/gcc/arm-none-eabi/7.3.1/../../../../arm-none-eabi/lib/thumb/v7e-m/fpv4-sp/hard\libc_nano.a(lib_a-impure.o)
                0x0000000020000088                . = ALIGN (0x4)
                0x0000000020000088                _edata = .

.igot.plt       0x0000000020000088        0x0 load address 0x000000000800a850
 .igot.plt      0x0000000020000088        0x0 c:/st/stm32cubeide_1.4.0/stm32cubeide/plugins/com.st.stm32cube.ide.mcu.externaltools.gnu-tools-for-stm32.7-2018-q2-update.win32_1.4.0.202007081208/tools/bin/../lib/gcc/arm-none-eabi/7.3.1/thumb/v7e-m/fpv4-sp/hard/crtbegin.o
                0x0000000020000088                . = ALIGN (0x4)

.bss            0x0000000020000088     0x24ac load address 0x000000000800a850
                0x0000000020000088                _sbss = .
                0x0000000020000088                __bss_start__ = _sbss
 *(.bss)
 .bss           0x0000000020000088       0x1c c:/st/stm32cubeide_1.4.0/stm32cubeide/plugins/com.st.stm32cube.ide.mcu.externaltools.gnu-tools-for-stm32.7-2018-q2-update.win32_1.4.0.202007081208/tools/bin/../lib/gcc/arm-none-eabi/7.3.1/thumb/v7e-m/fpv4-sp/hard/crtbegin.o
 *(.bss*)
 .bss.__sbrk_heap_end
                0x00000000200000a4        0x4 Core/Src/sysmem.o
 .bss.CardType  0x00000000200000a8        0x1 MIDDLEWARE/FATFS_SD/FATFS_SD.o
 .bss.PowerFlag
                0x00000000200000a9        0x1 MIDDLEWARE/FATFS_SD/FATFS_SD.o
 *fill*         0x00000000200000aa        0x2 
 .bss.FatFs     0x00000000200000ac        0x4 Middlewares/Third_Party/FatFs/src/ff.o
 .bss.Fsid      0x00000000200000b0        0x2 Middlewares/Third_Party/FatFs/src/ff.o
 *fill*         0x00000000200000b2        0x2 
 .bss.Files     0x00000000200000b4       0x18 Middlewares/Third_Party/FatFs/src/ff.o
 .bss.LfnBuf    0x00000000200000cc      0x200 Middlewares/Third_Party/FatFs/src/ff.o
 .bss.disk      0x00000000200002cc        0xc Middlewares/Third_Party/FatFs/src/ff_gen_drv.o
                0x00000000200002cc                disk
 .bss.__malloc_free_list
                0x00000000200002d8        0x4 c:/st/stm32cubeide_1.4.0/stm32cubeide/plugins/com.st.stm32cube.ide.mcu.externaltools.gnu-tools-for-stm32.7-2018-q2-update.win32_1.4.0.202007081208/tools/bin/../lib/gcc/arm-none-eabi/7.3.1/../../../../arm-none-eabi/lib/thumb/v7e-m/fpv4-sp/hard\libc_nano.a(lib_a-nano-mallocr.o)
                0x00000000200002d8                __malloc_free_list
 .bss.__malloc_sbrk_start
                0x00000000200002dc        0x4 c:/st/stm32cubeide_1.4.0/stm32cubeide/plugins/com.st.stm32cube.ide.mcu.externaltools.gnu-tools-for-stm32.7-2018-q2-update.win32_1.4.0.202007081208/tools/bin/../lib/gcc/arm-none-eabi/7.3.1/../../../../arm-none-eabi/lib/thumb/v7e-m/fpv4-sp/hard\libc_nano.a(lib_a-nano-mallocr.o)
                0x00000000200002dc                __malloc_sbrk_start
 *(COMMON)
 COMMON         0x00000000200002e0      0x1e4 Core/Src/main.o
                0x00000000200002e0                huart1
                0x0000000020000364                TxBuffer
                0x0000000020000460                hspi1
 COMMON         0x00000000200004c4        0x4 Drivers/STM32F3xx_HAL_Driver/Src/stm32f3xx_hal.o
                0x00000000200004c4                uwTick
 COMMON         0x00000000200004c8     0x2064 FATFS/App/fatfs.o
                0x00000000200004c8                USERPath
                0x00000000200004cc                retUSER
                0x00000000200004d0                USERFile
                0x00000000200014fc                USERFatFS
 COMMON         0x000000002000252c        0x4 MIDDLEWARE/FATFS_SD/FATFS_SD.o
                0x000000002000252c                Timer2
                0x000000002000252e                Timer1
 COMMON         0x0000000020002530        0x4 c:/st/stm32cubeide_1.4.0/stm32cubeide/plugins/com.st.stm32cube.ide.mcu.externaltools.gnu-tools-for-stm32.7-2018-q2-update.win32_1.4.0.202007081208/tools/bin/../lib/gcc/arm-none-eabi/7.3.1/../../../../arm-none-eabi/lib/thumb/v7e-m/fpv4-sp/hard\libc_nano.a(lib_a-reent.o)
                0x0000000020002530                errno
                0x0000000020002534                . = ALIGN (0x4)
                0x0000000020002534                _ebss = .
                0x0000000020002534                __bss_end__ = _ebss

._user_heap_stack
                0x0000000020002534      0x604 load address 0x000000000800a850
                0x0000000020002538                . = ALIGN (0x8)
 *fill*         0x0000000020002534        0x4 
                [!provide]                        PROVIDE (end = .)
                0x0000000020002538                PROVIDE (_end = .)
                0x0000000020002738                . = (. + _Min_Heap_Size)
 *fill*         0x0000000020002538      0x200 
                0x0000000020002b38                . = (. + _Min_Stack_Size)
 *fill*         0x0000000020002738      0x400 
                0x0000000020002b38                . = ALIGN (0x8)

/DISCARD/
 libc.a(*)
 libm.a(*)
 libgcc.a(*)

.ARM.attributes
                0x0000000000000000       0x30
 *(.ARM.attributes)
 .ARM.attributes
                0x0000000000000000       0x22 c:/st/stm32cubeide_1.4.0/stm32cubeide/plugins/com.st.stm32cube.ide.mcu.externaltools.gnu-tools-for-stm32.7-2018-q2-update.win32_1.4.0.202007081208/tools/bin/../lib/gcc/arm-none-eabi/7.3.1/thumb/v7e-m/fpv4-sp/hard/crti.o
 .ARM.attributes
                0x0000000000000022       0x34 c:/st/stm32cubeide_1.4.0/stm32cubeide/plugins/com.st.stm32cube.ide.mcu.externaltools.gnu-tools-for-stm32.7-2018-q2-update.win32_1.4.0.202007081208/tools/bin/../lib/gcc/arm-none-eabi/7.3.1/thumb/v7e-m/fpv4-sp/hard/crtbegin.o
 .ARM.attributes
                0x0000000000000056       0x39 Core/Src/gpio.o
 .ARM.attributes
                0x000000000000008f       0x39 Core/Src/main.o
 .ARM.attributes
                0x00000000000000c8       0x39 Core/Src/spi.o
 .ARM.attributes
                0x0000000000000101       0x39 Core/Src/stm32f3xx_hal_msp.o
 .ARM.attributes
                0x000000000000013a       0x39 Core/Src/stm32f3xx_it.o
 .ARM.attributes
                0x0000000000000173       0x39 Core/Src/sysmem.o
 .ARM.attributes
                0x00000000000001ac       0x39 Core/Src/system_stm32f3xx.o
 .ARM.attributes
                0x00000000000001e5       0x39 Core/Src/usart.o
 .ARM.attributes
                0x000000000000021e       0x21 Core/Startup/startup_stm32f373cctx.o
 .ARM.attributes
                0x000000000000023f       0x39 Drivers/STM32F3xx_HAL_Driver/Src/stm32f3xx_hal.o
 .ARM.attributes
                0x0000000000000278       0x39 Drivers/STM32F3xx_HAL_Driver/Src/stm32f3xx_hal_cortex.o
 .ARM.attributes
                0x00000000000002b1       0x39 Drivers/STM32F3xx_HAL_Driver/Src/stm32f3xx_hal_gpio.o
 .ARM.attributes
                0x00000000000002ea       0x39 Drivers/STM32F3xx_HAL_Driver/Src/stm32f3xx_hal_rcc.o
 .ARM.attributes
                0x0000000000000323       0x39 Drivers/STM32F3xx_HAL_Driver/Src/stm32f3xx_hal_rcc_ex.o
 .ARM.attributes
                0x000000000000035c       0x39 Drivers/STM32F3xx_HAL_Driver/Src/stm32f3xx_hal_spi.o
 .ARM.attributes
                0x0000000000000395       0x39 Drivers/STM32F3xx_HAL_Driver/Src/stm32f3xx_hal_uart.o
 .ARM.attributes
                0x00000000000003ce       0x39 FATFS/App/fatfs.o
 .ARM.attributes
                0x0000000000000407       0x39 FATFS/Target/user_diskio.o
 .ARM.attributes
                0x0000000000000440       0x39 MIDDLEWARE/FATFS_SD/FATFS_SD.o
 .ARM.attributes
                0x0000000000000479       0x39 Middlewares/Third_Party/FatFs/src/diskio.o
 .ARM.attributes
                0x00000000000004b2       0x39 Middlewares/Third_Party/FatFs/src/ff.o
 .ARM.attributes
                0x00000000000004eb       0x39 Middlewares/Third_Party/FatFs/src/ff_gen_drv.o
 .ARM.attributes
                0x0000000000000524       0x39 Middlewares/Third_Party/FatFs/src/option/ccsbcs.o
 .ARM.attributes
                0x000000000000055d       0x34 c:/st/stm32cubeide_1.4.0/stm32cubeide/plugins/com.st.stm32cube.ide.mcu.externaltools.gnu-tools-for-stm32.7-2018-q2-update.win32_1.4.0.202007081208/tools/bin/../lib/gcc/arm-none-eabi/7.3.1/../../../../arm-none-eabi/lib/thumb/v7e-m/fpv4-sp/hard\libc_nano.a(lib_a-errno.o)
 .ARM.attributes
                0x0000000000000591       0x34 c:/st/stm32cubeide_1.4.0/stm32cubeide/plugins/com.st.stm32cube.ide.mcu.externaltools.gnu-tools-for-stm32.7-2018-q2-update.win32_1.4.0.202007081208/tools/bin/../lib/gcc/arm-none-eabi/7.3.1/../../../../arm-none-eabi/lib/thumb/v7e-m/fpv4-sp/hard\libc_nano.a(lib_a-impure.o)
 .ARM.attributes
                0x00000000000005c5       0x34 c:/st/stm32cubeide_1.4.0/stm32cubeide/plugins/com.st.stm32cube.ide.mcu.externaltools.gnu-tools-for-stm32.7-2018-q2-update.win32_1.4.0.202007081208/tools/bin/../lib/gcc/arm-none-eabi/7.3.1/../../../../arm-none-eabi/lib/thumb/v7e-m/fpv4-sp/hard\libc_nano.a(lib_a-init.o)
 .ARM.attributes
                0x00000000000005f9       0x34 c:/st/stm32cubeide_1.4.0/stm32cubeide/plugins/com.st.stm32cube.ide.mcu.externaltools.gnu-tools-for-stm32.7-2018-q2-update.win32_1.4.0.202007081208/tools/bin/../lib/gcc/arm-none-eabi/7.3.1/../../../../arm-none-eabi/lib/thumb/v7e-m/fpv4-sp/hard\libc_nano.a(lib_a-memset.o)
 .ARM.attributes
                0x000000000000062d       0x34 c:/st/stm32cubeide_1.4.0/stm32cubeide/plugins/com.st.stm32cube.ide.mcu.externaltools.gnu-tools-for-stm32.7-2018-q2-update.win32_1.4.0.202007081208/tools/bin/../lib/gcc/arm-none-eabi/7.3.1/../../../../arm-none-eabi/lib/thumb/v7e-m/fpv4-sp/hard\libc_nano.a(lib_a-sprintf.o)
 .ARM.attributes
                0x0000000000000661       0x1b c:/st/stm32cubeide_1.4.0/stm32cubeide/plugins/com.st.stm32cube.ide.mcu.externaltools.gnu-tools-for-stm32.7-2018-q2-update.win32_1.4.0.202007081208/tools/bin/../lib/gcc/arm-none-eabi/7.3.1/../../../../arm-none-eabi/lib/thumb/v7e-m/fpv4-sp/hard\libc_nano.a(lib_a-strlen.o)
 .ARM.attributes
                0x000000000000067c       0x34 c:/st/stm32cubeide_1.4.0/stm32cubeide/plugins/com.st.stm32cube.ide.mcu.externaltools.gnu-tools-for-stm32.7-2018-q2-update.win32_1.4.0.202007081208/tools/bin/../lib/gcc/arm-none-eabi/7.3.1/../../../../arm-none-eabi/lib/thumb/v7e-m/fpv4-sp/hard\libc_nano.a(lib_a-nano-svfprintf.o)
 .ARM.attributes
                0x00000000000006b0       0x34 c:/st/stm32cubeide_1.4.0/stm32cubeide/plugins/com.st.stm32cube.ide.mcu.externaltools.gnu-tools-for-stm32.7-2018-q2-update.win32_1.4.0.202007081208/tools/bin/../lib/gcc/arm-none-eabi/7.3.1/../../../../arm-none-eabi/lib/thumb/v7e-m/fpv4-sp/hard\libc_nano.a(lib_a-nano-vfprintf_i.o)
 .ARM.attributes
                0x00000000000006e4       0x20 c:/st/stm32cubeide_1.4.0/stm32cubeide/plugins/com.st.stm32cube.ide.mcu.externaltools.gnu-tools-for-stm32.7-2018-q2-update.win32_1.4.0.202007081208/tools/bin/../lib/gcc/arm-none-eabi/7.3.1/../../../../arm-none-eabi/lib/thumb/v7e-m/fpv4-sp/hard\libc_nano.a(lib_a-memchr.o)
 .ARM.attributes
                0x0000000000000704       0x34 c:/st/stm32cubeide_1.4.0/stm32cubeide/plugins/com.st.stm32cube.ide.mcu.externaltools.gnu-tools-for-stm32.7-2018-q2-update.win32_1.4.0.202007081208/tools/bin/../lib/gcc/arm-none-eabi/7.3.1/../../../../arm-none-eabi/lib/thumb/v7e-m/fpv4-sp/hard\libc_nano.a(lib_a-memcpy-stub.o)
 .ARM.attributes
                0x0000000000000738       0x34 c:/st/stm32cubeide_1.4.0/stm32cubeide/plugins/com.st.stm32cube.ide.mcu.externaltools.gnu-tools-for-stm32.7-2018-q2-update.win32_1.4.0.202007081208/tools/bin/../lib/gcc/arm-none-eabi/7.3.1/../../../../arm-none-eabi/lib/thumb/v7e-m/fpv4-sp/hard\libc_nano.a(lib_a-memmove.o)
 .ARM.attributes
                0x000000000000076c       0x34 c:/st/stm32cubeide_1.4.0/stm32cubeide/plugins/com.st.stm32cube.ide.mcu.externaltools.gnu-tools-for-stm32.7-2018-q2-update.win32_1.4.0.202007081208/tools/bin/../lib/gcc/arm-none-eabi/7.3.1/../../../../arm-none-eabi/lib/thumb/v7e-m/fpv4-sp/hard\libc_nano.a(lib_a-nano-freer.o)
 .ARM.attributes
                0x00000000000007a0       0x34 c:/st/stm32cubeide_1.4.0/stm32cubeide/plugins/com.st.stm32cube.ide.mcu.externaltools.gnu-tools-for-stm32.7-2018-q2-update.win32_1.4.0.202007081208/tools/bin/../lib/gcc/arm-none-eabi/7.3.1/../../../../arm-none-eabi/lib/thumb/v7e-m/fpv4-sp/hard\libc_nano.a(lib_a-nano-mallocr.o)
 .ARM.attributes
                0x00000000000007d4       0x34 c:/st/stm32cubeide_1.4.0/stm32cubeide/plugins/com.st.stm32cube.ide.mcu.externaltools.gnu-tools-for-stm32.7-2018-q2-update.win32_1.4.0.202007081208/tools/bin/../lib/gcc/arm-none-eabi/7.3.1/../../../../arm-none-eabi/lib/thumb/v7e-m/fpv4-sp/hard\libc_nano.a(lib_a-nano-reallocr.o)
 .ARM.attributes
                0x0000000000000808       0x34 c:/st/stm32cubeide_1.4.0/stm32cubeide/plugins/com.st.stm32cube.ide.mcu.externaltools.gnu-tools-for-stm32.7-2018-q2-update.win32_1.4.0.202007081208/tools/bin/../lib/gcc/arm-none-eabi/7.3.1/../../../../arm-none-eabi/lib/thumb/v7e-m/fpv4-sp/hard\libc_nano.a(lib_a-sbrkr.o)
 .ARM.attributes
                0x000000000000083c       0x34 c:/st/stm32cubeide_1.4.0/stm32cubeide/plugins/com.st.stm32cube.ide.mcu.externaltools.gnu-tools-for-stm32.7-2018-q2-update.win32_1.4.0.202007081208/tools/bin/../lib/gcc/arm-none-eabi/7.3.1/../../../../arm-none-eabi/lib/thumb/v7e-m/fpv4-sp/hard\libc_nano.a(lib_a-mlock.o)
 .ARM.attributes
                0x0000000000000870       0x34 c:/st/stm32cubeide_1.4.0/stm32cubeide/plugins/com.st.stm32cube.ide.mcu.externaltools.gnu-tools-for-stm32.7-2018-q2-update.win32_1.4.0.202007081208/tools/bin/../lib/gcc/arm-none-eabi/7.3.1/../../../../arm-none-eabi/lib/thumb/v7e-m/fpv4-sp/hard\libc_nano.a(lib_a-nano-msizer.o)
 .ARM.attributes
                0x00000000000008a4       0x34 c:/st/stm32cubeide_1.4.0/stm32cubeide/plugins/com.st.stm32cube.ide.mcu.externaltools.gnu-tools-for-stm32.7-2018-q2-update.win32_1.4.0.202007081208/tools/bin/../lib/gcc/arm-none-eabi/7.3.1/../../../../arm-none-eabi/lib/thumb/v7e-m/fpv4-sp/hard\libc_nano.a(lib_a-reent.o)
 .ARM.attributes
                0x00000000000008d8       0x22 c:/st/stm32cubeide_1.4.0/stm32cubeide/plugins/com.st.stm32cube.ide.mcu.externaltools.gnu-tools-for-stm32.7-2018-q2-update.win32_1.4.0.202007081208/tools/bin/../lib/gcc/arm-none-eabi/7.3.1/thumb/v7e-m/fpv4-sp/hard\libgcc.a(_arm_addsubdf3.o)
 .ARM.attributes
                0x00000000000008fa       0x22 c:/st/stm32cubeide_1.4.0/stm32cubeide/plugins/com.st.stm32cube.ide.mcu.externaltools.gnu-tools-for-stm32.7-2018-q2-update.win32_1.4.0.202007081208/tools/bin/../lib/gcc/arm-none-eabi/7.3.1/thumb/v7e-m/fpv4-sp/hard\libgcc.a(_arm_muldivdf3.o)
 .ARM.attributes
                0x000000000000091c       0x22 c:/st/stm32cubeide_1.4.0/stm32cubeide/plugins/com.st.stm32cube.ide.mcu.externaltools.gnu-tools-for-stm32.7-2018-q2-update.win32_1.4.0.202007081208/tools/bin/../lib/gcc/arm-none-eabi/7.3.1/thumb/v7e-m/fpv4-sp/hard\libgcc.a(_arm_fixunsdfsi.o)
 .ARM.attributes
                0x000000000000093e       0x22 c:/st/stm32cubeide_1.4.0/stm32cubeide/plugins/com.st.stm32cube.ide.mcu.externaltools.gnu-tools-for-stm32.7-2018-q2-update.win32_1.4.0.202007081208/tools/bin/../lib/gcc/arm-none-eabi/7.3.1/thumb/v7e-m/fpv4-sp/hard/crtn.o
OUTPUT(SD_Card.elf elf32-littlearm)

.debug_info     0x0000000000000000    0x124f4
 .debug_info    0x0000000000000000      0x3eb Core/Src/gpio.o
 .debug_info    0x00000000000003eb     0x190b Core/Src/main.o
 .debug_info    0x0000000000001cf6      0x8d2 Core/Src/spi.o
 .debug_info    0x00000000000025c8      0x278 Core/Src/stm32f3xx_hal_msp.o
 .debug_info    0x0000000000002840      0x239 Core/Src/stm32f3xx_it.o
 .debug_info    0x0000000000002a79      0x985 Core/Src/sysmem.o
 .debug_info    0x00000000000033fe      0x45c Core/Src/system_stm32f3xx.o
 .debug_info    0x000000000000385a      0x933 Core/Src/usart.o
 .debug_info    0x000000000000418d       0x22 Core/Startup/startup_stm32f373cctx.o
 .debug_info    0x00000000000041af      0x7d6 Drivers/STM32F3xx_HAL_Driver/Src/stm32f3xx_hal.o
 .debug_info    0x0000000000004985      0xd8d Drivers/STM32F3xx_HAL_Driver/Src/stm32f3xx_hal_cortex.o
 .debug_info    0x0000000000005712      0x6a3 Drivers/STM32F3xx_HAL_Driver/Src/stm32f3xx_hal_gpio.o
 .debug_info    0x0000000000005db5     0x180f Drivers/STM32F3xx_HAL_Driver/Src/stm32f3xx_hal_rcc.o
 .debug_info    0x00000000000075c4      0x661 Drivers/STM32F3xx_HAL_Driver/Src/stm32f3xx_hal_rcc_ex.o
 .debug_info    0x0000000000007c25     0x16a8 Drivers/STM32F3xx_HAL_Driver/Src/stm32f3xx_hal_spi.o
 .debug_info    0x00000000000092cd     0x3eee Drivers/STM32F3xx_HAL_Driver/Src/stm32f3xx_hal_uart.o
 .debug_info    0x000000000000d1bb      0x5a7 FATFS/App/fatfs.o
 .debug_info    0x000000000000d762     0x10d2 FATFS/Target/user_diskio.o
 .debug_info    0x000000000000e834      0xc10 MIDDLEWARE/FATFS_SD/FATFS_SD.o
 .debug_info    0x000000000000f444      0x4c6 Middlewares/Third_Party/FatFs/src/diskio.o
 .debug_info    0x000000000000f90a     0x2518 Middlewares/Third_Party/FatFs/src/ff.o
 .debug_info    0x0000000000011e22      0x464 Middlewares/Third_Party/FatFs/src/ff_gen_drv.o
 .debug_info    0x0000000000012286      0x26e Middlewares/Third_Party/FatFs/src/option/ccsbcs.o

.debug_abbrev   0x0000000000000000     0x27ff
 .debug_abbrev  0x0000000000000000      0x134 Core/Src/gpio.o
 .debug_abbrev  0x0000000000000134      0x29b Core/Src/main.o
 .debug_abbrev  0x00000000000003cf      0x199 Core/Src/spi.o
 .debug_abbrev  0x0000000000000568      0x109 Core/Src/stm32f3xx_hal_msp.o
 .debug_abbrev  0x0000000000000671       0xc6 Core/Src/stm32f3xx_it.o
 .debug_abbrev  0x0000000000000737      0x19b Core/Src/sysmem.o
 .debug_abbrev  0x00000000000008d2      0x12b Core/Src/system_stm32f3xx.o
 .debug_abbrev  0x00000000000009fd      0x199 Core/Src/usart.o
 .debug_abbrev  0x0000000000000b96       0x12 Core/Startup/startup_stm32f373cctx.o
 .debug_abbrev  0x0000000000000ba8      0x1c7 Drivers/STM32F3xx_HAL_Driver/Src/stm32f3xx_hal.o
 .debug_abbrev  0x0000000000000d6f      0x2fa Drivers/STM32F3xx_HAL_Driver/Src/stm32f3xx_hal_cortex.o
 .debug_abbrev  0x0000000000001069      0x1c0 Drivers/STM32F3xx_HAL_Driver/Src/stm32f3xx_hal_gpio.o
 .debug_abbrev  0x0000000000001229      0x28c Drivers/STM32F3xx_HAL_Driver/Src/stm32f3xx_hal_rcc.o
 .debug_abbrev  0x00000000000014b5      0x219 Drivers/STM32F3xx_HAL_Driver/Src/stm32f3xx_hal_rcc_ex.o
 .debug_abbrev  0x00000000000016ce      0x228 Drivers/STM32F3xx_HAL_Driver/Src/stm32f3xx_hal_spi.o
 .debug_abbrev  0x00000000000018f6      0x27f Drivers/STM32F3xx_HAL_Driver/Src/stm32f3xx_hal_uart.o
 .debug_abbrev  0x0000000000001b75      0x17d FATFS/App/fatfs.o
 .debug_abbrev  0x0000000000001cf2      0x1fe FATFS/Target/user_diskio.o
 .debug_abbrev  0x0000000000001ef0      0x284 MIDDLEWARE/FATFS_SD/FATFS_SD.o
 .debug_abbrev  0x0000000000002174      0x16f Middlewares/Third_Party/FatFs/src/diskio.o
 .debug_abbrev  0x00000000000022e3      0x278 Middlewares/Third_Party/FatFs/src/ff.o
 .debug_abbrev  0x000000000000255b      0x19c Middlewares/Third_Party/FatFs/src/ff_gen_drv.o
 .debug_abbrev  0x00000000000026f7      0x108 Middlewares/Third_Party/FatFs/src/option/ccsbcs.o

.debug_aranges  0x0000000000000000      0xc90
 .debug_aranges
                0x0000000000000000       0x20 Core/Src/gpio.o
 .debug_aranges
                0x0000000000000020       0x40 Core/Src/main.o
 .debug_aranges
                0x0000000000000060       0x30 Core/Src/spi.o
 .debug_aranges
                0x0000000000000090       0x20 Core/Src/stm32f3xx_hal_msp.o
 .debug_aranges
                0x00000000000000b0       0x60 Core/Src/stm32f3xx_it.o
 .debug_aranges
                0x0000000000000110       0x20 Core/Src/sysmem.o
 .debug_aranges
                0x0000000000000130       0x28 Core/Src/system_stm32f3xx.o
 .debug_aranges
                0x0000000000000158       0x30 Core/Src/usart.o
 .debug_aranges
                0x0000000000000188       0x28 Core/Startup/startup_stm32f373cctx.o
 .debug_aranges
                0x00000000000001b0       0xe0 Drivers/STM32F3xx_HAL_Driver/Src/stm32f3xx_hal.o
 .debug_aranges
                0x0000000000000290      0x118 Drivers/STM32F3xx_HAL_Driver/Src/stm32f3xx_hal_cortex.o
 .debug_aranges
                0x00000000000003a8       0x58 Drivers/STM32F3xx_HAL_Driver/Src/stm32f3xx_hal_gpio.o
 .debug_aranges
                0x0000000000000400       0x88 Drivers/STM32F3xx_HAL_Driver/Src/stm32f3xx_hal_rcc.o
 .debug_aranges
                0x0000000000000488       0x38 Drivers/STM32F3xx_HAL_Driver/Src/stm32f3xx_hal_rcc_ex.o
 .debug_aranges
                0x00000000000004c0      0x1d8 Drivers/STM32F3xx_HAL_Driver/Src/stm32f3xx_hal_spi.o
 .debug_aranges
                0x0000000000000698      0x228 Drivers/STM32F3xx_HAL_Driver/Src/stm32f3xx_hal_uart.o
 .debug_aranges
                0x00000000000008c0       0x28 FATFS/App/fatfs.o
 .debug_aranges
                0x00000000000008e8       0x40 FATFS/Target/user_diskio.o
 .debug_aranges
                0x0000000000000928       0xa8 MIDDLEWARE/FATFS_SD/FATFS_SD.o
 .debug_aranges
                0x00000000000009d0       0x48 Middlewares/Third_Party/FatFs/src/diskio.o
 .debug_aranges
                0x0000000000000a18      0x210 Middlewares/Third_Party/FatFs/src/ff.o
 .debug_aranges
                0x0000000000000c28       0x40 Middlewares/Third_Party/FatFs/src/ff_gen_drv.o
 .debug_aranges
                0x0000000000000c68       0x28 Middlewares/Third_Party/FatFs/src/option/ccsbcs.o

.debug_ranges   0x0000000000000000      0xb58
 .debug_ranges  0x0000000000000000       0x10 Core/Src/gpio.o
 .debug_ranges  0x0000000000000010       0x30 Core/Src/main.o
 .debug_ranges  0x0000000000000040       0x20 Core/Src/spi.o
 .debug_ranges  0x0000000000000060       0x10 Core/Src/stm32f3xx_hal_msp.o
 .debug_ranges  0x0000000000000070       0x50 Core/Src/stm32f3xx_it.o
 .debug_ranges  0x00000000000000c0       0x10 Core/Src/sysmem.o
 .debug_ranges  0x00000000000000d0       0x18 Core/Src/system_stm32f3xx.o
 .debug_ranges  0x00000000000000e8       0x20 Core/Src/usart.o
 .debug_ranges  0x0000000000000108       0x20 Core/Startup/startup_stm32f373cctx.o
 .debug_ranges  0x0000000000000128       0xd0 Drivers/STM32F3xx_HAL_Driver/Src/stm32f3xx_hal.o
 .debug_ranges  0x00000000000001f8      0x108 Drivers/STM32F3xx_HAL_Driver/Src/stm32f3xx_hal_cortex.o
 .debug_ranges  0x0000000000000300       0x48 Drivers/STM32F3xx_HAL_Driver/Src/stm32f3xx_hal_gpio.o
 .debug_ranges  0x0000000000000348       0x78 Drivers/STM32F3xx_HAL_Driver/Src/stm32f3xx_hal_rcc.o
 .debug_ranges  0x00000000000003c0       0x28 Drivers/STM32F3xx_HAL_Driver/Src/stm32f3xx_hal_rcc_ex.o
 .debug_ranges  0x00000000000003e8      0x1c8 Drivers/STM32F3xx_HAL_Driver/Src/stm32f3xx_hal_spi.o
 .debug_ranges  0x00000000000005b0      0x248 Drivers/STM32F3xx_HAL_Driver/Src/stm32f3xx_hal_uart.o
 .debug_ranges  0x00000000000007f8       0x18 FATFS/App/fatfs.o
 .debug_ranges  0x0000000000000810       0x30 FATFS/Target/user_diskio.o
 .debug_ranges  0x0000000000000840       0x98 MIDDLEWARE/FATFS_SD/FATFS_SD.o
 .debug_ranges  0x00000000000008d8       0x38 Middlewares/Third_Party/FatFs/src/diskio.o
 .debug_ranges  0x0000000000000910      0x200 Middlewares/Third_Party/FatFs/src/ff.o
 .debug_ranges  0x0000000000000b10       0x30 Middlewares/Third_Party/FatFs/src/ff_gen_drv.o
 .debug_ranges  0x0000000000000b40       0x18 Middlewares/Third_Party/FatFs/src/option/ccsbcs.o

.debug_macro    0x0000000000000000    0x1cefe
 .debug_macro   0x0000000000000000      0x1f1 Core/Src/gpio.o
 .debug_macro   0x00000000000001f1      0xa5a Core/Src/gpio.o
 .debug_macro   0x0000000000000c4b      0x157 Core/Src/gpio.o
 .debug_macro   0x0000000000000da2       0x2e Core/Src/gpio.o
 .debug_macro   0x0000000000000dd0       0x28 Core/Src/gpio.o
 .debug_macro   0x0000000000000df8       0x22 Core/Src/gpio.o
 .debug_macro   0x0000000000000e1a       0x8e Core/Src/gpio.o
 .debug_macro   0x0000000000000ea8       0x51 Core/Src/gpio.o
 .debug_macro   0x0000000000000ef9       0xef Core/Src/gpio.o
 .debug_macro   0x0000000000000fe8       0x6a Core/Src/gpio.o
 .debug_macro   0x0000000000001052      0x1df Core/Src/gpio.o
 .debug_macro   0x0000000000001231       0x1c Core/Src/gpio.o
 .debug_macro   0x000000000000124d       0x22 Core/Src/gpio.o
 .debug_macro   0x000000000000126f       0xdf Core/Src/gpio.o
 .debug_macro   0x000000000000134e     0x102d Core/Src/gpio.o
 .debug_macro   0x000000000000237b      0x11f Core/Src/gpio.o
 .debug_macro   0x000000000000249a    0x10709 Core/Src/gpio.o
 .debug_macro   0x0000000000012ba3       0x6d Core/Src/gpio.o
 .debug_macro   0x0000000000012c10     0x354e Core/Src/gpio.o
 .debug_macro   0x000000000001615e      0x174 Core/Src/gpio.o
 .debug_macro   0x00000000000162d2       0x55 Core/Src/gpio.o
 .debug_macro   0x0000000000016327      0x95b Core/Src/gpio.o
 .debug_macro   0x0000000000016c82      0x5dc Core/Src/gpio.o
 .debug_macro   0x000000000001725e      0x1b6 Core/Src/gpio.o
 .debug_macro   0x0000000000017414      0x161 Core/Src/gpio.o
 .debug_macro   0x0000000000017575      0x1ab Core/Src/gpio.o
 .debug_macro   0x0000000000017720      0x1bc Core/Src/gpio.o
 .debug_macro   0x00000000000178dc       0x30 Core/Src/gpio.o
 .debug_macro   0x000000000001790c       0x3c Core/Src/gpio.o
 .debug_macro   0x0000000000017948      0x236 Core/Src/gpio.o
 .debug_macro   0x0000000000017b7e       0xc5 Core/Src/gpio.o
 .debug_macro   0x0000000000017c43      0x231 Core/Src/gpio.o
 .debug_macro   0x0000000000017e74      0x22c Core/Src/gpio.o
 .debug_macro   0x00000000000180a0       0x5b Core/Src/gpio.o
 .debug_macro   0x00000000000180fb       0xa5 Core/Src/gpio.o
 .debug_macro   0x00000000000181a0       0x81 Core/Src/gpio.o
 .debug_macro   0x0000000000018221       0xec Core/Src/gpio.o
 .debug_macro   0x000000000001830d      0x2fe Core/Src/gpio.o
 .debug_macro   0x000000000001860b      0x5a5 Core/Src/gpio.o
 .debug_macro   0x0000000000018bb0       0x3e Core/Src/gpio.o
 .debug_macro   0x0000000000018bee      0x244 Core/Src/gpio.o
 .debug_macro   0x0000000000018e32       0x10 Core/Src/gpio.o
 .debug_macro   0x0000000000018e42      0x3e5 Core/Src/main.o
 .debug_macro   0x0000000000019227       0xde Core/Src/main.o
 .debug_macro   0x0000000000019305       0xf5 Core/Src/main.o
 .debug_macro   0x00000000000193fa       0x8e Core/Src/main.o
 .debug_macro   0x0000000000019488       0x22 Core/Src/main.o
 .debug_macro   0x00000000000194aa       0x46 Core/Src/main.o
 .debug_macro   0x00000000000194f0       0x18 Core/Src/main.o
 .debug_macro   0x0000000000019508       0x3c Core/Src/main.o
 .debug_macro   0x0000000000019544       0x34 Core/Src/main.o
 .debug_macro   0x0000000000019578       0x16 Core/Src/main.o
 .debug_macro   0x000000000001958e       0x35 Core/Src/main.o
 .debug_macro   0x00000000000195c3      0x32a Core/Src/main.o
 .debug_macro   0x00000000000198ed       0x10 Core/Src/main.o
 .debug_macro   0x00000000000198fd       0x52 Core/Src/main.o
 .debug_macro   0x000000000001994f       0x1f Core/Src/main.o
 .debug_macro   0x000000000001996e       0x43 Core/Src/main.o
 .debug_macro   0x00000000000199b1       0x20 Core/Src/main.o
 .debug_macro   0x00000000000199d1      0x1a3 Core/Src/main.o
 .debug_macro   0x0000000000019b74       0x10 Core/Src/main.o
 .debug_macro   0x0000000000019b84       0x1c Core/Src/main.o
 .debug_macro   0x0000000000019ba0       0x52 Core/Src/main.o
 .debug_macro   0x0000000000019bf2       0x40 Core/Src/main.o
 .debug_macro   0x0000000000019c32       0x10 Core/Src/main.o
 .debug_macro   0x0000000000019c42       0x40 Core/Src/main.o
 .debug_macro   0x0000000000019c82       0xd7 Core/Src/main.o
 .debug_macro   0x0000000000019d59       0x1c Core/Src/main.o
 .debug_macro   0x0000000000019d75       0x3d Core/Src/main.o
 .debug_macro   0x0000000000019db2       0x16 Core/Src/main.o
 .debug_macro   0x0000000000019dc8      0x145 Core/Src/main.o
 .debug_macro   0x0000000000019f0d       0x16 Core/Src/main.o
 .debug_macro   0x0000000000019f23       0x20 Core/Src/main.o
 .debug_macro   0x0000000000019f43      0x1f1 Core/Src/spi.o
 .debug_macro   0x000000000001a134      0x1e7 Core/Src/stm32f3xx_hal_msp.o
 .debug_macro   0x000000000001a31b      0x1f1 Core/Src/stm32f3xx_it.o
 .debug_macro   0x000000000001a50c       0xee Core/Src/sysmem.o
 .debug_macro   0x000000000001a5fa      0x23b Core/Src/sysmem.o
 .debug_macro   0x000000000001a835      0x1d8 Core/Src/system_stm32f3xx.o
 .debug_macro   0x000000000001aa0d      0x1f1 Core/Src/usart.o
 .debug_macro   0x000000000001abfe      0x1fc Drivers/STM32F3xx_HAL_Driver/Src/stm32f3xx_hal.o
 .debug_macro   0x000000000001adfa      0x1d8 Drivers/STM32F3xx_HAL_Driver/Src/stm32f3xx_hal_cortex.o
 .debug_macro   0x000000000001afd2      0x1df Drivers/STM32F3xx_HAL_Driver/Src/stm32f3xx_hal_gpio.o
 .debug_macro   0x000000000001b1b1      0x1fc Drivers/STM32F3xx_HAL_Driver/Src/stm32f3xx_hal_rcc.o
 .debug_macro   0x000000000001b3ad      0x1d8 Drivers/STM32F3xx_HAL_Driver/Src/stm32f3xx_hal_rcc_ex.o
 .debug_macro   0x000000000001b585      0x1e0 Drivers/STM32F3xx_HAL_Driver/Src/stm32f3xx_hal_spi.o
 .debug_macro   0x000000000001b765      0x1f5 Drivers/STM32F3xx_HAL_Driver/Src/stm32f3xx_hal_uart.o
 .debug_macro   0x000000000001b95a      0x23a FATFS/App/fatfs.o
 .debug_macro   0x000000000001bb94       0xd8 FATFS/App/fatfs.o
 .debug_macro   0x000000000001bc6c      0x2eb FATFS/Target/user_diskio.o
 .debug_macro   0x000000000001bf57       0x10 FATFS/Target/user_diskio.o
 .debug_macro   0x000000000001bf67       0x16 FATFS/Target/user_diskio.o
 .debug_macro   0x000000000001bf7d       0x7c FATFS/Target/user_diskio.o
 .debug_macro   0x000000000001bff9       0xd9 FATFS/Target/user_diskio.o
 .debug_macro   0x000000000001c0d2       0x4f FATFS/Target/user_diskio.o
 .debug_macro   0x000000000001c121       0x9a FATFS/Target/user_diskio.o
 .debug_macro   0x000000000001c1bb      0x21a MIDDLEWARE/FATFS_SD/FATFS_SD.o
 .debug_macro   0x000000000001c3d5      0x227 Middlewares/Third_Party/FatFs/src/diskio.o
 .debug_macro   0x000000000001c5fc      0x46e Middlewares/Third_Party/FatFs/src/ff.o
 .debug_macro   0x000000000001ca6a       0x58 Middlewares/Third_Party/FatFs/src/ff.o
 .debug_macro   0x000000000001cac2      0x227 Middlewares/Third_Party/FatFs/src/ff_gen_drv.o
 .debug_macro   0x000000000001cce9      0x215 Middlewares/Third_Party/FatFs/src/option/ccsbcs.o

.debug_line     0x0000000000000000     0xf06a
 .debug_line    0x0000000000000000      0x6f1 Core/Src/gpio.o
 .debug_line    0x00000000000006f1      0xa5d Core/Src/main.o
 .debug_line    0x000000000000114e      0x730 Core/Src/spi.o
 .debug_line    0x000000000000187e      0x6ec Core/Src/stm32f3xx_hal_msp.o
 .debug_line    0x0000000000001f6a      0x794 Core/Src/stm32f3xx_it.o
 .debug_line    0x00000000000026fe      0x4c7 Core/Src/sysmem.o
 .debug_line    0x0000000000002bc5      0x709 Core/Src/system_stm32f3xx.o
 .debug_line    0x00000000000032ce      0x722 Core/Src/usart.o
 .debug_line    0x00000000000039f0       0x88 Core/Startup/startup_stm32f373cctx.o
 .debug_line    0x0000000000003a78      0x8c7 Drivers/STM32F3xx_HAL_Driver/Src/stm32f3xx_hal.o
 .debug_line    0x000000000000433f      0x9fc Drivers/STM32F3xx_HAL_Driver/Src/stm32f3xx_hal_cortex.o
 .debug_line    0x0000000000004d3b      0x869 Drivers/STM32F3xx_HAL_Driver/Src/stm32f3xx_hal_gpio.o
 .debug_line    0x00000000000055a4      0xe40 Drivers/STM32F3xx_HAL_Driver/Src/stm32f3xx_hal_rcc.o
 .debug_line    0x00000000000063e4      0x925 Drivers/STM32F3xx_HAL_Driver/Src/stm32f3xx_hal_rcc_ex.o
 .debug_line    0x0000000000006d09     0x11a3 Drivers/STM32F3xx_HAL_Driver/Src/stm32f3xx_hal_spi.o
 .debug_line    0x0000000000007eac     0x22d3 Drivers/STM32F3xx_HAL_Driver/Src/stm32f3xx_hal_uart.o
 .debug_line    0x000000000000a17f      0x77e FATFS/App/fatfs.o
 .debug_line    0x000000000000a8fd      0x91f FATFS/Target/user_diskio.o
 .debug_line    0x000000000000b21c      0xada MIDDLEWARE/FATFS_SD/FATFS_SD.o
 .debug_line    0x000000000000bcf6      0x7a7 Middlewares/Third_Party/FatFs/src/diskio.o
 .debug_line    0x000000000000c49d     0x1c6e Middlewares/Third_Party/FatFs/src/ff.o
 .debug_line    0x000000000000e10b      0x7a6 Middlewares/Third_Party/FatFs/src/ff_gen_drv.o
 .debug_line    0x000000000000e8b1      0x7b9 Middlewares/Third_Party/FatFs/src/option/ccsbcs.o

.debug_str      0x0000000000000000    0xa1488
 .debug_str     0x0000000000000000    0x98c09 Core/Src/gpio.o
                                      0x992d4 (size before relaxing)
 .debug_str     0x0000000000098c09     0x52dd Core/Src/main.o
                                      0x9e611 (size before relaxing)
 .debug_str     0x000000000009dee6       0x4b Core/Src/spi.o
                                      0x996d7 (size before relaxing)
 .debug_str     0x000000000009df31       0x2c Core/Src/stm32f3xx_hal_msp.o
                                      0x99239 (size before relaxing)
 .debug_str     0x000000000009df5d       0xcb Core/Src/stm32f3xx_it.o
                                      0x99292 (size before relaxing)
 .debug_str     0x000000000009e028      0x4e9 Core/Src/sysmem.o
                                       0x5f63 (size before relaxing)
 .debug_str     0x000000000009e511       0xbd Core/Src/system_stm32f3xx.o
                                      0x99294 (size before relaxing)
 .debug_str     0x000000000009e5ce       0x57 Core/Src/usart.o
                                      0x99704 (size before relaxing)
 .debug_str     0x000000000009e625       0x36 Core/Startup/startup_stm32f373cctx.o
                                         0x70 (size before relaxing)
 .debug_str     0x000000000009e65b      0x61b Drivers/STM32F3xx_HAL_Driver/Src/stm32f3xx_hal.o
                                      0x999d3 (size before relaxing)
 .debug_str     0x000000000009ec76      0x3b1 Drivers/STM32F3xx_HAL_Driver/Src/stm32f3xx_hal_cortex.o
                                      0x99ae1 (size before relaxing)
 .debug_str     0x000000000009f027      0x153 Drivers/STM32F3xx_HAL_Driver/Src/stm32f3xx_hal_gpio.o
                                      0x99417 (size before relaxing)
 .debug_str     0x000000000009f17a      0x2f0 Drivers/STM32F3xx_HAL_Driver/Src/stm32f3xx_hal_rcc.o
                                      0x99702 (size before relaxing)
 .debug_str     0x000000000009f46a       0xd9 Drivers/STM32F3xx_HAL_Driver/Src/stm32f3xx_hal_rcc_ex.o
                                      0x99464 (size before relaxing)
 .debug_str     0x000000000009f543      0x59a Drivers/STM32F3xx_HAL_Driver/Src/stm32f3xx_hal_spi.o
                                      0x99b9a (size before relaxing)
 .debug_str     0x000000000009fadd      0x866 Drivers/STM32F3xx_HAL_Driver/Src/stm32f3xx_hal_uart.o
                                      0x99f12 (size before relaxing)
 .debug_str     0x00000000000a0343       0x2f FATFS/App/fatfs.o
                                      0x99b02 (size before relaxing)
 .debug_str     0x00000000000a0372      0x1fa FATFS/Target/user_diskio.o
                                      0x9cf1e (size before relaxing)
 .debug_str     0x00000000000a056c      0x14b MIDDLEWARE/FATFS_SD/FATFS_SD.o
                                      0x99ab4 (size before relaxing)
 .debug_str     0x00000000000a06b7       0x52 Middlewares/Third_Party/FatFs/src/diskio.o
                                      0x99a39 (size before relaxing)
 .debug_str     0x00000000000a0709      0xc73 Middlewares/Third_Party/FatFs/src/ff.o
                                      0x9a8a2 (size before relaxing)
 .debug_str     0x00000000000a137c       0xa2 Middlewares/Third_Party/FatFs/src/ff_gen_drv.o
                                      0x99a8a (size before relaxing)
 .debug_str     0x00000000000a141e       0x6a Middlewares/Third_Party/FatFs/src/option/ccsbcs.o
                                      0x9982a (size before relaxing)

.comment        0x0000000000000000       0x7b
 .comment       0x0000000000000000       0x7b Core/Src/gpio.o
                                         0x7c (size before relaxing)
 .comment       0x000000000000007b       0x7c Core/Src/main.o
 .comment       0x000000000000007b       0x7c Core/Src/spi.o
 .comment       0x000000000000007b       0x7c Core/Src/stm32f3xx_hal_msp.o
 .comment       0x000000000000007b       0x7c Core/Src/stm32f3xx_it.o
 .comment       0x000000000000007b       0x7c Core/Src/sysmem.o
 .comment       0x000000000000007b       0x7c Core/Src/system_stm32f3xx.o
 .comment       0x000000000000007b       0x7c Core/Src/usart.o
 .comment       0x000000000000007b       0x7c Drivers/STM32F3xx_HAL_Driver/Src/stm32f3xx_hal.o
 .comment       0x000000000000007b       0x7c Drivers/STM32F3xx_HAL_Driver/Src/stm32f3xx_hal_cortex.o
 .comment       0x000000000000007b       0x7c Drivers/STM32F3xx_HAL_Driver/Src/stm32f3xx_hal_gpio.o
 .comment       0x000000000000007b       0x7c Drivers/STM32F3xx_HAL_Driver/Src/stm32f3xx_hal_rcc.o
 .comment       0x000000000000007b       0x7c Drivers/STM32F3xx_HAL_Driver/Src/stm32f3xx_hal_rcc_ex.o
 .comment       0x000000000000007b       0x7c Drivers/STM32F3xx_HAL_Driver/Src/stm32f3xx_hal_spi.o
 .comment       0x000000000000007b       0x7c Drivers/STM32F3xx_HAL_Driver/Src/stm32f3xx_hal_uart.o
 .comment       0x000000000000007b       0x7c FATFS/App/fatfs.o
 .comment       0x000000000000007b       0x7c FATFS/Target/user_diskio.o
 .comment       0x000000000000007b       0x7c MIDDLEWARE/FATFS_SD/FATFS_SD.o
 .comment       0x000000000000007b       0x7c Middlewares/Third_Party/FatFs/src/diskio.o
 .comment       0x000000000000007b       0x7c Middlewares/Third_Party/FatFs/src/ff.o
 .comment       0x000000000000007b       0x7c Middlewares/Third_Party/FatFs/src/ff_gen_drv.o
 .comment       0x000000000000007b       0x7c Middlewares/Third_Party/FatFs/src/option/ccsbcs.o

.debug_frame    0x0000000000000000     0x35e0
 .debug_frame   0x0000000000000000       0x34 Core/Src/gpio.o
 .debug_frame   0x0000000000000034       0xc4 Core/Src/main.o
 .debug_frame   0x00000000000000f8       0x74 Core/Src/spi.o
 .debug_frame   0x000000000000016c       0x38 Core/Src/stm32f3xx_hal_msp.o
 .debug_frame   0x00000000000001a4      0x10c Core/Src/stm32f3xx_it.o
 .debug_frame   0x00000000000002b0       0x34 Core/Src/sysmem.o
 .debug_frame   0x00000000000002e4       0x58 Core/Src/system_stm32f3xx.o
 .debug_frame   0x000000000000033c       0x74 Core/Src/usart.o
 .debug_frame   0x00000000000003b0      0x334 Drivers/STM32F3xx_HAL_Driver/Src/stm32f3xx_hal.o
 .debug_frame   0x00000000000006e4      0x498 Drivers/STM32F3xx_HAL_Driver/Src/stm32f3xx_hal_cortex.o
 .debug_frame   0x0000000000000b7c      0x14c Drivers/STM32F3xx_HAL_Driver/Src/stm32f3xx_hal_gpio.o
 .debug_frame   0x0000000000000cc8      0x214 Drivers/STM32F3xx_HAL_Driver/Src/stm32f3xx_hal_rcc.o
 .debug_frame   0x0000000000000edc       0xb0 Drivers/STM32F3xx_HAL_Driver/Src/stm32f3xx_hal_rcc_ex.o
 .debug_frame   0x0000000000000f8c      0x860 Drivers/STM32F3xx_HAL_Driver/Src/stm32f3xx_hal_spi.o
 .debug_frame   0x00000000000017ec      0x9e8 Drivers/STM32F3xx_HAL_Driver/Src/stm32f3xx_hal_uart.o
 .debug_frame   0x00000000000021d4       0x4c FATFS/App/fatfs.o
 .debug_frame   0x0000000000002220       0xc4 FATFS/Target/user_diskio.o
 .debug_frame   0x00000000000022e4      0x28c MIDDLEWARE/FATFS_SD/FATFS_SD.o
 .debug_frame   0x0000000000002570       0xec Middlewares/Third_Party/FatFs/src/diskio.o
 .debug_frame   0x000000000000265c      0x9ac Middlewares/Third_Party/FatFs/src/ff.o
 .debug_frame   0x0000000000003008       0xc8 Middlewares/Third_Party/FatFs/src/ff_gen_drv.o
 .debug_frame   0x00000000000030d0       0x60 Middlewares/Third_Party/FatFs/src/option/ccsbcs.o
 .debug_frame   0x0000000000003130       0x20 c:/st/stm32cubeide_1.4.0/stm32cubeide/plugins/com.st.stm32cube.ide.mcu.externaltools.gnu-tools-for-stm32.7-2018-q2-update.win32_1.4.0.202007081208/tools/bin/../lib/gcc/arm-none-eabi/7.3.1/../../../../arm-none-eabi/lib/thumb/v7e-m/fpv4-sp/hard\libc_nano.a(lib_a-errno.o)
 .debug_frame   0x0000000000003150       0x2c c:/st/stm32cubeide_1.4.0/stm32cubeide/plugins/com.st.stm32cube.ide.mcu.externaltools.gnu-tools-for-stm32.7-2018-q2-update.win32_1.4.0.202007081208/tools/bin/../lib/gcc/arm-none-eabi/7.3.1/../../../../arm-none-eabi/lib/thumb/v7e-m/fpv4-sp/hard\libc_nano.a(lib_a-init.o)
 .debug_frame   0x000000000000317c       0x20 c:/st/stm32cubeide_1.4.0/stm32cubeide/plugins/com.st.stm32cube.ide.mcu.externaltools.gnu-tools-for-stm32.7-2018-q2-update.win32_1.4.0.202007081208/tools/bin/../lib/gcc/arm-none-eabi/7.3.1/../../../../arm-none-eabi/lib/thumb/v7e-m/fpv4-sp/hard\libc_nano.a(lib_a-memset.o)
 .debug_frame   0x000000000000319c       0x6c c:/st/stm32cubeide_1.4.0/stm32cubeide/plugins/com.st.stm32cube.ide.mcu.externaltools.gnu-tools-for-stm32.7-2018-q2-update.win32_1.4.0.202007081208/tools/bin/../lib/gcc/arm-none-eabi/7.3.1/../../../../arm-none-eabi/lib/thumb/v7e-m/fpv4-sp/hard\libc_nano.a(lib_a-sprintf.o)
 .debug_frame   0x0000000000003208       0x90 c:/st/stm32cubeide_1.4.0/stm32cubeide/plugins/com.st.stm32cube.ide.mcu.externaltools.gnu-tools-for-stm32.7-2018-q2-update.win32_1.4.0.202007081208/tools/bin/../lib/gcc/arm-none-eabi/7.3.1/../../../../arm-none-eabi/lib/thumb/v7e-m/fpv4-sp/hard\libc_nano.a(lib_a-nano-svfprintf.o)
 .debug_frame   0x0000000000003298       0x60 c:/st/stm32cubeide_1.4.0/stm32cubeide/plugins/com.st.stm32cube.ide.mcu.externaltools.gnu-tools-for-stm32.7-2018-q2-update.win32_1.4.0.202007081208/tools/bin/../lib/gcc/arm-none-eabi/7.3.1/../../../../arm-none-eabi/lib/thumb/v7e-m/fpv4-sp/hard\libc_nano.a(lib_a-nano-vfprintf_i.o)
 .debug_frame   0x00000000000032f8       0x28 c:/st/stm32cubeide_1.4.0/stm32cubeide/plugins/com.st.stm32cube.ide.mcu.externaltools.gnu-tools-for-stm32.7-2018-q2-update.win32_1.4.0.202007081208/tools/bin/../lib/gcc/arm-none-eabi/7.3.1/../../../../arm-none-eabi/lib/thumb/v7e-m/fpv4-sp/hard\libc_nano.a(lib_a-memcpy-stub.o)
 .debug_frame   0x0000000000003320       0x28 c:/st/stm32cubeide_1.4.0/stm32cubeide/plugins/com.st.stm32cube.ide.mcu.externaltools.gnu-tools-for-stm32.7-2018-q2-update.win32_1.4.0.202007081208/tools/bin/../lib/gcc/arm-none-eabi/7.3.1/../../../../arm-none-eabi/lib/thumb/v7e-m/fpv4-sp/hard\libc_nano.a(lib_a-memmove.o)
 .debug_frame   0x0000000000003348       0x38 c:/st/stm32cubeide_1.4.0/stm32cubeide/plugins/com.st.stm32cube.ide.mcu.externaltools.gnu-tools-for-stm32.7-2018-q2-update.win32_1.4.0.202007081208/tools/bin/../lib/gcc/arm-none-eabi/7.3.1/../../../../arm-none-eabi/lib/thumb/v7e-m/fpv4-sp/hard\libc_nano.a(lib_a-nano-freer.o)
 .debug_frame   0x0000000000003380       0x2c c:/st/stm32cubeide_1.4.0/stm32cubeide/plugins/com.st.stm32cube.ide.mcu.externaltools.gnu-tools-for-stm32.7-2018-q2-update.win32_1.4.0.202007081208/tools/bin/../lib/gcc/arm-none-eabi/7.3.1/../../../../arm-none-eabi/lib/thumb/v7e-m/fpv4-sp/hard\libc_nano.a(lib_a-nano-mallocr.o)
 .debug_frame   0x00000000000033ac       0x3c c:/st/stm32cubeide_1.4.0/stm32cubeide/plugins/com.st.stm32cube.ide.mcu.externaltools.gnu-tools-for-stm32.7-2018-q2-update.win32_1.4.0.202007081208/tools/bin/../lib/gcc/arm-none-eabi/7.3.1/../../../../arm-none-eabi/lib/thumb/v7e-m/fpv4-sp/hard\libc_nano.a(lib_a-nano-reallocr.o)
 .debug_frame   0x00000000000033e8       0x2c c:/st/stm32cubeide_1.4.0/stm32cubeide/plugins/com.st.stm32cube.ide.mcu.externaltools.gnu-tools-for-stm32.7-2018-q2-update.win32_1.4.0.202007081208/tools/bin/../lib/gcc/arm-none-eabi/7.3.1/../../../../arm-none-eabi/lib/thumb/v7e-m/fpv4-sp/hard\libc_nano.a(lib_a-sbrkr.o)
 .debug_frame   0x0000000000003414       0x30 c:/st/stm32cubeide_1.4.0/stm32cubeide/plugins/com.st.stm32cube.ide.mcu.externaltools.gnu-tools-for-stm32.7-2018-q2-update.win32_1.4.0.202007081208/tools/bin/../lib/gcc/arm-none-eabi/7.3.1/../../../../arm-none-eabi/lib/thumb/v7e-m/fpv4-sp/hard\libc_nano.a(lib_a-mlock.o)