Archive member included to satisfy reference by file (symbol)

c:/st/stm32cubeide_1.4.0/stm32cubeide/plugins/com.st.stm32cube.ide.mcu.externaltools.gnu-tools-for-stm32.7-2018-q2-update.win32_1.4.0.202007081208/tools/bin/../lib/gcc/arm-none-eabi/7.3.1/../../../../arm-none-eabi/lib/thumb/v7e-m/fpv4-sp/hard\libc_nano.a(lib_a-errno.o)
                              Core/Src/syscalls.o (__errno)
c:/st/stm32cubeide_1.4.0/stm32cubeide/plugins/com.st.stm32cube.ide.mcu.externaltools.gnu-tools-for-stm32.7-2018-q2-update.win32_1.4.0.202007081208/tools/bin/../lib/gcc/arm-none-eabi/7.3.1/../../../../arm-none-eabi/lib/thumb/v7e-m/fpv4-sp/hard\libc_nano.a(lib_a-exit.o)
                              c:/st/stm32cubeide_1.4.0/stm32cubeide/plugins/com.st.stm32cube.ide.mcu.externaltools.gnu-tools-for-stm32.7-2018-q2-update.win32_1.4.0.202007081208/tools/bin/../lib/gcc/arm-none-eabi/7.3.1/../../../../arm-none-eabi/lib/thumb/v7e-m/fpv4-sp/hard/crt0.o (exit)
c:/st/stm32cubeide_1.4.0/stm32cubeide/plugins/com.st.stm32cube.ide.mcu.externaltools.gnu-tools-for-stm32.7-2018-q2-update.win32_1.4.0.202007081208/tools/bin/../lib/gcc/arm-none-eabi/7.3.1/../../../../arm-none-eabi/lib/thumb/v7e-m/fpv4-sp/hard\libc_nano.a(lib_a-impure.o)
                              c:/st/stm32cubeide_1.4.0/stm32cubeide/plugins/com.st.stm32cube.ide.mcu.externaltools.gnu-tools-for-stm32.7-2018-q2-update.win32_1.4.0.202007081208/tools/bin/../lib/gcc/arm-none-eabi/7.3.1/../../../../arm-none-eabi/lib/thumb/v7e-m/fpv4-sp/hard\libc_nano.a(lib_a-exit.o) (_global_impure_ptr)
c:/st/stm32cubeide_1.4.0/stm32cubeide/plugins/com.st.stm32cube.ide.mcu.externaltools.gnu-tools-for-stm32.7-2018-q2-update.win32_1.4.0.202007081208/tools/bin/../lib/gcc/arm-none-eabi/7.3.1/../../../../arm-none-eabi/lib/thumb/v7e-m/fpv4-sp/hard\libc_nano.a(lib_a-init.o)
                              c:/st/stm32cubeide_1.4.0/stm32cubeide/plugins/com.st.stm32cube.ide.mcu.externaltools.gnu-tools-for-stm32.7-2018-q2-update.win32_1.4.0.202007081208/tools/bin/../lib/gcc/arm-none-eabi/7.3.1/../../../../arm-none-eabi/lib/thumb/v7e-m/fpv4-sp/hard/crt0.o (__libc_init_array)
c:/st/stm32cubeide_1.4.0/stm32cubeide/plugins/com.st.stm32cube.ide.mcu.externaltools.gnu-tools-for-stm32.7-2018-q2-update.win32_1.4.0.202007081208/tools/bin/../lib/gcc/arm-none-eabi/7.3.1/../../../../arm-none-eabi/lib/thumb/v7e-m/fpv4-sp/hard\libc_nano.a(lib_a-memset.o)
                              c:/st/stm32cubeide_1.4.0/stm32cubeide/plugins/com.st.stm32cube.ide.mcu.externaltools.gnu-tools-for-stm32.7-2018-q2-update.win32_1.4.0.202007081208/tools/bin/../lib/gcc/arm-none-eabi/7.3.1/../../../../arm-none-eabi/lib/thumb/v7e-m/fpv4-sp/hard/crt0.o (memset)
c:/st/stm32cubeide_1.4.0/stm32cubeide/plugins/com.st.stm32cube.ide.mcu.externaltools.gnu-tools-for-stm32.7-2018-q2-update.win32_1.4.0.202007081208/tools/bin/../lib/gcc/arm-none-eabi/7.3.1/../../../../arm-none-eabi/lib/thumb/v7e-m/fpv4-sp/hard\libc_nano.a(lib_a-printf.o)
                              Core/Src/main.o (printf)
c:/st/stm32cubeide_1.4.0/stm32cubeide/plugins/com.st.stm32cube.ide.mcu.externaltools.gnu-tools-for-stm32.7-2018-q2-update.win32_1.4.0.202007081208/tools/bin/../lib/gcc/arm-none-eabi/7.3.1/../../../../arm-none-eabi/lib/thumb/v7e-m/fpv4-sp/hard\libc_nano.a(lib_a-puts.o)
                              Core/Src/main.o (puts)
c:/st/stm32cubeide_1.4.0/stm32cubeide/plugins/com.st.stm32cube.ide.mcu.externaltools.gnu-tools-for-stm32.7-2018-q2-update.win32_1.4.0.202007081208/tools/bin/../lib/gcc/arm-none-eabi/7.3.1/../../../../arm-none-eabi/lib/thumb/v7e-m/fpv4-sp/hard\libc_nano.a(lib_a-wbuf.o)
                              c:/st/stm32cubeide_1.4.0/stm32cubeide/plugins/com.st.stm32cube.ide.mcu.externaltools.gnu-tools-for-stm32.7-2018-q2-update.win32_1.4.0.202007081208/tools/bin/../lib/gcc/arm-none-eabi/7.3.1/../../../../arm-none-eabi/lib/thumb/v7e-m/fpv4-sp/hard\libc_nano.a(lib_a-puts.o) (__swbuf_r)
c:/st/stm32cubeide_1.4.0/stm32cubeide/plugins/com.st.stm32cube.ide.mcu.externaltools.gnu-tools-for-stm32.7-2018-q2-update.win32_1.4.0.202007081208/tools/bin/../lib/gcc/arm-none-eabi/7.3.1/../../../../arm-none-eabi/lib/thumb/v7e-m/fpv4-sp/hard\libc_nano.a(lib_a-wsetup.o)
                              c:/st/stm32cubeide_1.4.0/stm32cubeide/plugins/com.st.stm32cube.ide.mcu.externaltools.gnu-tools-for-stm32.7-2018-q2-update.win32_1.4.0.202007081208/tools/bin/../lib/gcc/arm-none-eabi/7.3.1/../../../../arm-none-eabi/lib/thumb/v7e-m/fpv4-sp/hard\libc_nano.a(lib_a-puts.o) (__swsetup_r)
c:/st/stm32cubeide_1.4.0/stm32cubeide/plugins/com.st.stm32cube.ide.mcu.externaltools.gnu-tools-for-stm32.7-2018-q2-update.win32_1.4.0.202007081208/tools/bin/../lib/gcc/arm-none-eabi/7.3.1/../../../../arm-none-eabi/lib/thumb/v7e-m/fpv4-sp/hard\libc_nano.a(lib_a-fflush.o)
[...]
Memory Configuration

Name             Origin             Length             Attributes
RAM              0x0000000020000000 0x0000000000008000 xrw
FLASH            0x0000000008000000 0x0000000000040000 xr
*default*        0x0000000000000000 0xffffffffffffffff

Linker script and memory map

LOAD c:/st/stm32cubeide_1.4.0/stm32cubeide/plugins/com.st.stm32cube.ide.mcu.externaltools.gnu-tools-for-stm32.7-2018-q2-update.win32_1.4.0.202007081208/tools/bin/../lib/gcc/arm-none-eabi/7.3.1/thumb/v7e-m/fpv4-sp/hard/crti.o
LOAD c:/st/stm32cubeide_1.4.0/stm32cubeide/plugins/com.st.stm32cube.ide.mcu.externaltools.gnu-tools-for-stm32.7-2018-q2-update.win32_1.4.0.202007081208/tools/bin/../lib/gcc/arm-none-eabi/7.3.1/thumb/v7e-m/fpv4-sp/hard/crtbegin.o
LOAD c:/st/stm32cubeide_1.4.0/stm32cubeide/plugins/com.st.stm32cube.ide.mcu.externaltools.gnu-tools-for-stm32.7-2018-q2-update.win32_1.4.0.202007081208/tools/bin/../lib/gcc/arm-none-eabi/7.3.1/../../../../arm-none-eabi/lib/thumb/v7e-m/fpv4-sp/hard/crt0.o
LOAD Core/Src/adc.o
LOAD Core/Src/dac.o
LOAD Core/Src/fatfs_sd_card.o
LOAD Core/Src/gpio.o
LOAD Core/Src/main.o
LOAD Core/Src/spi.o
LOAD Core/Src/stm32f3xx_hal_msp.o
LOAD Core/Src/stm32f3xx_it.o
LOAD Core/Src/syscalls.o
LOAD Core/Src/sysmem.o
LOAD Core/Src/system_stm32f3xx.o
LOAD Core/Src/tim.o
LOAD Core/Src/usart.o
LOAD Core/Startup/startup_stm32f373cctx.o
LOAD Drivers/STM32F3xx_HAL_Driver/Src/stm32f3xx_hal.o
LOAD Drivers/STM32F3xx_HAL_Driver/Src/stm32f3xx_hal_adc.o
LOAD Drivers/STM32F3xx_HAL_Driver/Src/stm32f3xx_hal_adc_ex.o
LOAD Drivers/STM32F3xx_HAL_Driver/Src/stm32f3xx_hal_cortex.o
LOAD Drivers/STM32F3xx_HAL_Driver/Src/stm32f3xx_hal_dac.o
LOAD Drivers/STM32F3xx_HAL_Driver/Src/stm32f3xx_hal_dac_ex.o
LOAD Drivers/STM32F3xx_HAL_Driver/Src/stm32f3xx_hal_dma.o
LOAD Drivers/STM32F3xx_HAL_Driver/Src/stm32f3xx_hal_exti.o
LOAD Drivers/STM32F3xx_HAL_Driver/Src/stm32f3xx_hal_flash.o
LOAD Drivers/STM32F3xx_HAL_Driver/Src/stm32f3xx_hal_flash_ex.o
LOAD Drivers/STM32F3xx_HAL_Driver/Src/stm32f3xx_hal_gpio.o
LOAD Drivers/STM32F3xx_HAL_Driver/Src/stm32f3xx_hal_i2c.o
LOAD Drivers/STM32F3xx_HAL_Driver/Src/stm32f3xx_hal_i2c_ex.o
LOAD Drivers/STM32F3xx_HAL_Driver/Src/stm32f3xx_hal_pwr.o
LOAD Drivers/STM32F3xx_HAL_Driver/Src/stm32f3xx_hal_pwr_ex.o
LOAD Drivers/STM32F3xx_HAL_Driver/Src/stm32f3xx_hal_rcc.o
LOAD Drivers/STM32F3xx_HAL_Driver/Src/stm32f3xx_hal_rcc_ex.o
LOAD Drivers/STM32F3xx_HAL_Driver/Src/stm32f3xx_hal_spi.o
LOAD Drivers/STM32F3xx_HAL_Driver/Src/stm32f3xx_hal_spi_ex.o
LOAD Drivers/STM32F3xx_HAL_Driver/Src/stm32f3xx_hal_tim.o
LOAD Drivers/STM32F3xx_HAL_Driver/Src/stm32f3xx_hal_tim_ex.o
LOAD Drivers/STM32F3xx_HAL_Driver/Src/stm32f3xx_hal_uart.o
LOAD Drivers/STM32F3xx_HAL_Driver/Src/stm32f3xx_hal_uart_ex.o
LOAD FATFS/App/fatfs.o
LOAD FATFS/Target/user_diskio.o
LOAD Middlewares/Third_Party/FatFs/src/diskio.o
LOAD Middlewares/Third_Party/FatFs/src/ff.o
LOAD Middlewares/Third_Party/FatFs/src/ff_gen_drv.o
LOAD Middlewares/Third_Party/FatFs/src/option/ccsbcs.o
LOAD Middlewares/Third_Party/FatFs/src/option/syscall.o
START GROUP
LOAD c:/st/stm32cubeide_1.4.0/stm32cubeide/plugins/com.st.stm32cube.ide.mcu.externaltools.gnu-tools-for-stm32.7-2018-q2-update.win32_1.4.0.202007081208/tools/bin/../lib/gcc/arm-none-eabi/7.3.1/../../../../arm-none-eabi/lib/thumb/v7e-m/fpv4-sp/hard\libc_nano.a
LOAD c:/st/stm32cubeide_1.4.0/stm32cubeide/plugins/com.st.stm32cube.ide.mcu.externaltools.gnu-tools-for-stm32.7-2018-q2-update.win32_1.4.0.202007081208/tools/bin/../lib/gcc/arm-none-eabi/7.3.1/../../../../arm-none-eabi/lib/thumb/v7e-m/fpv4-sp/hard\libm.a
END GROUP
START GROUP
LOAD c:/st/stm32cubeide_1.4.0/stm32cubeide/plugins/com.st.stm32cube.ide.mcu.externaltools.gnu-tools-for-stm32.7-2018-q2-update.win32_1.4.0.202007081208/tools/bin/../lib/gcc/arm-none-eabi/7.3.1/thumb/v7e-m/fpv4-sp/hard\libgcc.a
LOAD c:/st/stm32cubeide_1.4.0/stm32cubeide/plugins/com.st.stm32cube.ide.mcu.externaltools.gnu-tools-for-stm32.7-2018-q2-update.win32_1.4.0.202007081208/tools/bin/../lib/gcc/arm-none-eabi/7.3.1/../../../../arm-none-eabi/lib/thumb/v7e-m/fpv4-sp/hard\libc_nano.a
END GROUP
START GROUP
LOAD c:/st/stm32cubeide_1.4.0/stm32cubeide/plugins/com.st.stm32cube.ide.mcu.externaltools.gnu-tools-for-stm32.7-2018-q2-update.win32_1.4.0.202007081208/tools/bin/../lib/gcc/arm-none-eabi/7.3.1/thumb/v7e-m/fpv4-sp/hard\libgcc.a
LOAD c:/st/stm32cubeide_1.4.0/stm32cubeide/plugins/com.st.stm32cube.ide.mcu.externaltools.gnu-tools-for-stm32.7-2018-q2-update.win32_1.4.0.202007081208/tools/bin/../lib/gcc/arm-none-eabi/7.3.1/../../../../arm-none-eabi/lib/thumb/v7e-m/fpv4-sp/hard\libc_nano.a
LOAD c:/st/stm32cubeide_1.4.0/stm32cubeide/plugins/com.st.stm32cube.ide.mcu.externaltools.gnu-tools-for-stm32.7-2018-q2-update.win32_1.4.0.202007081208/tools/bin/../lib/gcc/arm-none-eabi/7.3.1/../../../../arm-none-eabi/lib/thumb/v7e-m/fpv4-sp/hard\libnosys.a
END GROUP
START GROUP
LOAD c:/st/stm32cubeide_1.4.0/stm32cubeide/plugins/com.st.stm32cube.ide.mcu.externaltools.gnu-tools-for-stm32.7-2018-q2-update.win32_1.4.0.202007081208/tools/bin/../lib/gcc/arm-none-eabi/7.3.1/thumb/v7e-m/fpv4-sp/hard\libgcc.a
LOAD c:/st/stm32cubeide_1.4.0/stm32cubeide/plugins/com.st.stm32cube.ide.mcu.externaltools.gnu-tools-for-stm32.7-2018-q2-update.win32_1.4.0.202007081208/tools/bin/../lib/gcc/arm-none-eabi/7.3.1/../../../../arm-none-eabi/lib/thumb/v7e-m/fpv4-sp/hard\libc_nano.a
LOAD c:/st/stm32cubeide_1.4.0/stm32cubeide/plugins/com.st.stm32cube.ide.mcu.externaltools.gnu-tools-for-stm32.7-2018-q2-update.win32_1.4.0.202007081208/tools/bin/../lib/gcc/arm-none-eabi/7.3.1/../../../../arm-none-eabi/lib/thumb/v7e-m/fpv4-sp/hard\libnosys.a
END GROUP
LOAD c:/st/stm32cubeide_1.4.0/stm32cubeide/plugins/com.st.stm32cube.ide.mcu.externaltools.gnu-tools-for-stm32.7-2018-q2-update.win32_1.4.0.202007081208/tools/bin/../lib/gcc/arm-none-eabi/7.3.1/thumb/v7e-m/fpv4-sp/hard/crtend.o
LOAD c:/st/stm32cubeide_1.4.0/stm32cubeide/plugins/com.st.stm32cube.ide.mcu.externaltools.gnu-tools-for-stm32.7-2018-q2-update.win32_1.4.0.202007081208/tools/bin/../lib/gcc/arm-none-eabi/7.3.1/thumb/v7e-m/fpv4-sp/hard/crtn.o
                0x0000000020008000                _estack = (ORIGIN (RAM) + LENGTH (RAM))
                0x0000000000000200                _Min_Heap_Size = 0x200
                0x0000000000000400                _Min_Stack_Size = 0x400

.isr_vector     0x0000000008000000      0x188
                0x0000000008000000                . = ALIGN (0x4)
 *(.isr_vector)
 .isr_vector    0x0000000008000000      0x188 Core/Startup/startup_stm32f373cctx.o
                0x0000000008000000                g_pfnVectors
                0x0000000008000188                . = ALIGN (0x4)

.text           0x0000000008000190     0xa984
                0x0000000008000190                . = ALIGN (0x4)
 *(.text)
 .text          0x0000000008000190       0x40 c:/st/stm32cubeide_1.4.0/stm32cubeide/plugins/com.st.stm32cube.ide.mcu.externaltools.gnu-tools-for-stm32.7-2018-q2-update.win32_1.4.0.202007081208/tools/bin/../lib/gcc/arm-none-eabi/7.3.1/thumb/v7e-m/fpv4-sp/hard/crtbegin.o
 .text          0x00000000080001d0       0xa0 c:/st/stm32cubeide_1.4.0/stm32cubeide/plugins/com.st.stm32cube.ide.mcu.externaltools.gnu-tools-for-stm32.7-2018-q2-update.win32_1.4.0.202007081208/tools/bin/../lib/gcc/arm-none-eabi/7.3.1/../../../../arm-none-eabi/lib/thumb/v7e-m/fpv4-sp/hard\libc_nano.a(lib_a-memchr.o)
                0x00000000080001d0                memchr
 .text          0x0000000008000270      0x378 c:/st/stm32cubeide_1.4.0/stm32cubeide/plugins/com.st.stm32cube.ide.mcu.externaltools.gnu-tools-for-stm32.7-2018-q2-update.win32_1.4.0.202007081208/tools/bin/../lib/gcc/arm-none-eabi/7.3.1/thumb/v7e-m/fpv4-sp/hard\libgcc.a(_arm_addsubdf3.o)
                0x0000000008000270                __aeabi_drsub
                0x0000000008000278                __aeabi_dsub
                0x0000000008000278                __subdf3
                0x000000000800027c                __aeabi_dadd
                0x000000000800027c                __adddf3
                0x00000000080004f4                __floatunsidf
                0x00000000080004f4                __aeabi_ui2d
                0x0000000008000514                __floatsidf
                0x0000000008000514                __aeabi_i2d
                0x0000000008000538                __aeabi_f2d
                0x0000000008000538                __extendsfdf2
                0x000000000800057c                __floatundidf
                0x000000000800057c                __aeabi_ul2d
                0x000000000800058c                __floatdidf
                0x000000000800058c                __aeabi_l2d
 .text          0x00000000080005e8      0x424 c:/st/stm32cubeide_1.4.0/stm32cubeide/plugins/com.st.stm32cube.ide.mcu.externaltools.gnu-tools-for-stm32.7-2018-q2-update.win32_1.4.0.202007081208/tools/bin/../lib/gcc/arm-none-eabi/7.3.1/thumb/v7e-m/fpv4-sp/hard\libgcc.a(_arm_muldivdf3.o)
                0x00000000080005e8                __aeabi_dmul
                0x00000000080005e8                __muldf3
                0x000000000800083c                __divdf3
                0x000000000800083c                __aeabi_ddiv
 .text          0x0000000008000a0c       0x40 c:/st/stm32cubeide_1.4.0/stm32cubeide/plugins/com.st.stm32cube.ide.mcu.externaltools.gnu-tools-for-stm32.7-2018-q2-update.win32_1.4.0.202007081208/tools/bin/../lib/gcc/arm-none-eabi/7.3.1/thumb/v7e-m/fpv4-sp/hard\libgcc.a(_arm_fixunsdfsi.o)
                0x0000000008000a0c                __aeabi_d2uiz
                0x0000000008000a0c                __fixunsdfsi
 *(.text*)
 .text.MX_ADC1_Init
                0x0000000008000a4c       0x7c Core/Src/adc.o
                0x0000000008000a4c                MX_ADC1_Init
 .text.HAL_ADC_MspInit
                0x0000000008000ac8       0x7c Core/Src/adc.o
                0x0000000008000ac8                HAL_ADC_MspInit
 .text.MX_DAC1_Init
                0x0000000008000b44       0x64 Core/Src/dac.o
                0x0000000008000b44                MX_DAC1_Init
 .text.HAL_DAC_MspInit
                0x0000000008000ba8       0x8c Core/Src/dac.o
                0x0000000008000ba8                HAL_DAC_MspInit
 .text.SELECT   0x0000000008000c34       0x20 Core/Src/fatfs_sd_card.o
 .text.DESELECT
                0x0000000008000c54       0x20 Core/Src/fatfs_sd_card.o
 .text.SPI_TxByte
                0x0000000008000c74       0x34 Core/Src/fatfs_sd_card.o
 .text.SPI_TxBuffer
                0x0000000008000ca8       0x34 Core/Src/fatfs_sd_card.o
 .text.SPI_RxByte
                0x0000000008000cdc       0x38 Core/Src/fatfs_sd_card.o
 .text.SPI_RxBytePtr
                0x0000000008000d14       0x1c Core/Src/fatfs_sd_card.o
 .text.SD_ReadyWait
                0x0000000008000d30       0x34 Core/Src/fatfs_sd_card.o
 .text.SD_PowerOn
                0x0000000008000d64       0x84 Core/Src/fatfs_sd_card.o
 .text.SD_PowerOff
                0x0000000008000de8       0x18 Core/Src/fatfs_sd_card.o
 .text.SD_CheckPower
                0x0000000008000e00       0x18 Core/Src/fatfs_sd_card.o
 .text.SD_RxDataBlock
                0x0000000008000e18       0x5c Core/Src/fatfs_sd_card.o
 .text.SD_TxDataBlock
                0x0000000008000e74       0x86 Core/Src/fatfs_sd_card.o
 .text.SD_SendCmd
                0x0000000008000efa       0xa8 Core/Src/fatfs_sd_card.o
 *fill*         0x0000000008000fa2        0x2 
 .text.SD_disk_initialize
                0x0000000008000fa4      0x1cc Core/Src/fatfs_sd_card.o
                0x0000000008000fa4                SD_disk_initialize
 .text.SD_disk_status
                0x0000000008001170       0x2c Core/Src/fatfs_sd_card.o
                0x0000000008001170                SD_disk_status
 .text.SD_disk_read
                0x000000000800119c       0xd4 Core/Src/fatfs_sd_card.o
                0x000000000800119c                SD_disk_read
 .text.SD_disk_write
                0x0000000008001270      0x108 Core/Src/fatfs_sd_card.o
                0x0000000008001270                SD_disk_write
 .text.SD_disk_ioctl
                0x0000000008001378      0x254 Core/Src/fatfs_sd_card.o
                0x0000000008001378                SD_disk_ioctl
 .text.MX_GPIO_Init
                0x00000000080015cc       0xe8 Core/Src/gpio.o
                0x00000000080015cc                MX_GPIO_Init
 .text.main     0x00000000080016b4       0x54 Core/Src/main.o
                0x00000000080016b4                main
 .text.SystemClock_Config
                0x0000000008001708       0xb8 Core/Src/main.o
                0x0000000008001708                SystemClock_Config
 .text.__io_putchar
                0x00000000080017c0       0x24 Core/Src/main.o
                0x00000000080017c0                __io_putchar
 .text.process_SD_card
                0x00000000080017e4      0x234 Core/Src/main.o
                0x00000000080017e4                process_SD_card
 .text.Error_Handler
                0x0000000008001a18        0xe Core/Src/main.o
                0x0000000008001a18                Error_Handler
 *fill*         0x0000000008001a26        0x2 
 .text.MX_SPI1_Init
                0x0000000008001a28       0x7c Core/Src/spi.o
                0x0000000008001a28                MX_SPI1_Init
 .text.HAL_SPI_MspInit
                0x0000000008001aa4       0xc0 Core/Src/spi.o
                0x0000000008001aa4                HAL_SPI_MspInit
 .text.HAL_MspInit
                0x0000000008001b64       0x48 Core/Src/stm32f3xx_hal_msp.o
                0x0000000008001b64                HAL_MspInit
 .text.NMI_Handler
                0x0000000008001bac        0xe Core/Src/stm32f3xx_it.o
                0x0000000008001bac                NMI_Handler
 .text.HardFault_Handler
                0x0000000008001bba        0x6 Core/Src/stm32f3xx_it.o
                0x0000000008001bba                HardFault_Handler
 .text.MemManage_Handler
                0x0000000008001bc0        0x6 Core/Src/stm32f3xx_it.o
                0x0000000008001bc0                MemManage_Handler
 .text.BusFault_Handler
                0x0000000008001bc6        0x6 Core/Src/stm32f3xx_it.o
                0x0000000008001bc6                BusFault_Handler
 .text.UsageFault_Handler
                0x0000000008001bcc        0x6 Core/Src/stm32f3xx_it.o
                0x0000000008001bcc                UsageFault_Handler
 .text.SVC_Handler
                0x0000000008001bd2        0xe Core/Src/stm32f3xx_it.o
                0x0000000008001bd2                SVC_Handler
 .text.DebugMon_Handler
                0x0000000008001be0        0xe Core/Src/stm32f3xx_it.o
                0x0000000008001be0                DebugMon_Handler
 .text.PendSV_Handler
                0x0000000008001bee        0xe Core/Src/stm32f3xx_it.o
                0x0000000008001bee                PendSV_Handler
 .text.SysTick_Handler
                0x0000000008001bfc       0x3c Core/Src/stm32f3xx_it.o
                0x0000000008001bfc                SysTick_Handler
 .text.TIM6_DAC1_IRQHandler
                0x0000000008001c38       0x14 Core/Src/stm32f3xx_it.o
                0x0000000008001c38                TIM6_DAC1_IRQHandler
 .text._read    0x0000000008001c4c       0x3a Core/Src/syscalls.o
                0x0000000008001c4c                _read
 .text._write   0x0000000008001c86       0x38 Core/Src/syscalls.o
                0x0000000008001c86                _write
 .text._close   0x0000000008001cbe       0x18 Core/Src/syscalls.o
                0x0000000008001cbe                _close
 .text._fstat   0x0000000008001cd6       0x20 Core/Src/syscalls.o
                0x0000000008001cd6                _fstat
 .text._isatty  0x0000000008001cf6       0x16 Core/Src/syscalls.o
                0x0000000008001cf6                _isatty
 .text._lseek   0x0000000008001d0c       0x1a Core/Src/syscalls.o
                0x0000000008001d0c                _lseek
 *fill*         0x0000000008001d26        0x2 
 .text._sbrk    0x0000000008001d28       0x6c Core/Src/sysmem.o
                0x0000000008001d28                _sbrk
 .text.SystemInit
                0x0000000008001d94       0x24 Core/Src/system_stm32f3xx.o
                0x0000000008001d94                SystemInit
 .text.MX_TIM3_Init
                0x0000000008001db8       0x98 Core/Src/tim.o
                0x0000000008001db8                MX_TIM3_Init
 .text.HAL_TIM_Base_MspInit
                0x0000000008001e50       0x40 Core/Src/tim.o
                0x0000000008001e50                HAL_TIM_Base_MspInit
 .text.MX_USART1_UART_Init
                0x0000000008001e90       0x60 Core/Src/usart.o
                0x0000000008001e90                MX_USART1_UART_Init
 .text.HAL_UART_MspInit
                0x0000000008001ef0       0x88 Core/Src/usart.o
                0x0000000008001ef0                HAL_UART_MspInit
 .text.Reset_Handler
                0x0000000008001f78       0x50 Core/Startup/startup_stm32f373cctx.o
                0x0000000008001f78                Reset_Handler
 .text.Default_Handler
                0x0000000008001fc8        0x2 Core/Startup/startup_stm32f373cctx.o
                0x0000000008001fc8                RTC_Alarm_IRQHandler
                0x0000000008001fc8                USB_HP_IRQHandler
                0x0000000008001fc8                PVD_IRQHandler
                0x0000000008001fc8                TAMP_STAMP_IRQHandler
                0x0000000008001fc8                EXTI3_IRQHandler
                0x0000000008001fc8                EXTI0_IRQHandler
                0x0000000008001fc8                I2C2_EV_IRQHandler
                0x0000000008001fc8                FPU_IRQHandler
                0x0000000008001fc8                CAN_TX_IRQHandler
                0x0000000008001fc8                SPI1_IRQHandler
                0x0000000008001fc8                CAN_SCE_IRQHandler
                0x0000000008001fc8                DMA2_Channel2_IRQHandler
                0x0000000008001fc8                DMA1_Channel4_IRQHandler
                0x0000000008001fc8                ADC1_IRQHandler
                0x0000000008001fc8                TIM17_IRQHandler
                0x0000000008001fc8                USART3_IRQHandler
                0x0000000008001fc8                DMA1_Channel7_IRQHandler
                0x0000000008001fc8                TIM4_IRQHandler
                0x0000000008001fc8                CAN_RX1_IRQHandler
                0x0000000008001fc8                DMA2_Channel1_IRQHandler
                0x0000000008001fc8                I2C1_EV_IRQHandler
                0x0000000008001fc8                DMA1_Channel6_IRQHandler
                0x0000000008001fc8                TIM16_IRQHandler
                0x0000000008001fc8                DMA2_Channel4_IRQHandler
                0x0000000008001fc8                TIM3_IRQHandler
                0x0000000008001fc8                RCC_IRQHandler
                0x0000000008001fc8                DMA1_Channel1_IRQHandler
                0x0000000008001fc8                Default_Handler
                0x0000000008001fc8                CEC_IRQHandler
                0x0000000008001fc8                EXTI15_10_IRQHandler
                0x0000000008001fc8                TIM14_IRQHandler
                0x0000000008001fc8                TIM13_IRQHandler
                0x0000000008001fc8                TIM12_IRQHandler
                0x0000000008001fc8                TIM7_IRQHandler
                0x0000000008001fc8                TIM5_IRQHandler
                0x0000000008001fc8                SDADC2_IRQHandler
                0x0000000008001fc8                TIM15_IRQHandler
                0x0000000008001fc8                EXTI9_5_IRQHandler
                0x0000000008001fc8                RTC_WKUP_IRQHandler
                0x0000000008001fc8                SPI2_IRQHandler
                0x0000000008001fc8                DMA2_Channel5_IRQHandler
                0x0000000008001fc8                DMA1_Channel5_IRQHandler
                0x0000000008001fc8                USB_LP_IRQHandler
                0x0000000008001fc8                EXTI4_IRQHandler
                0x0000000008001fc8                TIM18_DAC2_IRQHandler
                0x0000000008001fc8                DMA1_Channel3_IRQHandler
                0x0000000008001fc8                COMP_IRQHandler
                0x0000000008001fc8                WWDG_IRQHandler
                0x0000000008001fc8                SDADC1_IRQHandler
                0x0000000008001fc8                TIM2_IRQHandler
                0x0000000008001fc8                EXTI1_IRQHandler
                0x0000000008001fc8                SDADC3_IRQHandler
                0x0000000008001fc8                USART2_IRQHandler
                0x0000000008001fc8                TIM19_IRQHandler
                0x0000000008001fc8                I2C2_ER_IRQHandler
                0x0000000008001fc8                DMA1_Channel2_IRQHandler
                0x0000000008001fc8                FLASH_IRQHandler
                0x0000000008001fc8                USART1_IRQHandler
                0x0000000008001fc8                SPI3_IRQHandler
                0x0000000008001fc8                CAN_RX0_IRQHandler
                0x0000000008001fc8                I2C1_ER_IRQHandler
                0x0000000008001fc8                USBWakeUp_IRQHandler
                0x0000000008001fc8                DMA2_Channel3_IRQHandler
                0x0000000008001fc8                EXTI2_TSC_IRQHandler
 *fill*         0x0000000008001fca        0x2 
 .text.HAL_Init
                0x0000000008001fcc       0x2c Drivers/STM32F3xx_HAL_Driver/Src/stm32f3xx_hal.o
                0x0000000008001fcc                HAL_Init
 .text.HAL_InitTick
                0x0000000008001ff8       0x60 Drivers/STM32F3xx_HAL_Driver/Src/stm32f3xx_hal.o
                0x0000000008001ff8                HAL_InitTick
 .text.HAL_IncTick
                0x0000000008002058       0x28 Drivers/STM32F3xx_HAL_Driver/Src/stm32f3xx_hal.o
                0x0000000008002058                HAL_IncTick
 .text.HAL_GetTick
                0x0000000008002080       0x18 Drivers/STM32F3xx_HAL_Driver/Src/stm32f3xx_hal.o
                0x0000000008002080                HAL_GetTick
 .text.HAL_Delay
                0x0000000008002098       0x44 Drivers/STM32F3xx_HAL_Driver/Src/stm32f3xx_hal.o
                0x0000000008002098                HAL_Delay
 .text.HAL_ADC_Init
                0x00000000080020dc      0x1b0 Drivers/STM32F3xx_HAL_Driver/Src/stm32f3xx_hal_adc_ex.o
                0x00000000080020dc                HAL_ADC_Init
 .text.HAL_ADC_ConfigChannel
                0x000000000800228c      0x1e0 Drivers/STM32F3xx_HAL_Driver/Src/stm32f3xx_hal_adc_ex.o
                0x000000000800228c                HAL_ADC_ConfigChannel
 .text.ADC_ConversionStop_Disable
                0x000000000800246c       0x82 Drivers/STM32F3xx_HAL_Driver/Src/stm32f3xx_hal_adc_ex.o
 *fill*         0x00000000080024ee        0x2 
 .text.__NVIC_SetPriorityGrouping
                0x00000000080024f0       0x48 Drivers/STM32F3xx_HAL_Driver/Src/stm32f3xx_hal_cortex.o
 .text.__NVIC_GetPriorityGrouping
                0x0000000008002538       0x1c Drivers/STM32F3xx_HAL_Driver/Src/stm32f3xx_hal_cortex.o
 .text.__NVIC_EnableIRQ
                0x0000000008002554       0x3c Drivers/STM32F3xx_HAL_Driver/Src/stm32f3xx_hal_cortex.o
 .text.__NVIC_SetPriority
                0x0000000008002590       0x54 Drivers/STM32F3xx_HAL_Driver/Src/stm32f3xx_hal_cortex.o
 .text.NVIC_EncodePriority
                0x00000000080025e4       0x66 Drivers/STM32F3xx_HAL_Driver/Src/stm32f3xx_hal_cortex.o
 *fill*         0x000000000800264a        0x2 
 .text.SysTick_Config
                0x000000000800264c       0x44 Drivers/STM32F3xx_HAL_Driver/Src/stm32f3xx_hal_cortex.o
 .text.HAL_NVIC_SetPriorityGrouping
                0x0000000008002690       0x16 Drivers/STM32F3xx_HAL_Driver/Src/stm32f3xx_hal_cortex.o
                0x0000000008002690                HAL_NVIC_SetPriorityGrouping
 .text.HAL_NVIC_SetPriority
                0x00000000080026a6       0x38 Drivers/STM32F3xx_HAL_Driver/Src/stm32f3xx_hal_cortex.o
                0x00000000080026a6                HAL_NVIC_SetPriority
 .text.HAL_NVIC_EnableIRQ
                0x00000000080026de       0x1c Drivers/STM32F3xx_HAL_Driver/Src/stm32f3xx_hal_cortex.o
                0x00000000080026de                HAL_NVIC_EnableIRQ
 .text.HAL_SYSTICK_Config
                0x00000000080026fa       0x18 Drivers/STM32F3xx_HAL_Driver/Src/stm32f3xx_hal_cortex.o
                0x00000000080026fa                HAL_SYSTICK_Config
 .text.HAL_DAC_Init
                0x0000000008002712       0x44 Drivers/STM32F3xx_HAL_Driver/Src/stm32f3xx_hal_dac.o
                0x0000000008002712                HAL_DAC_Init
 .text.HAL_DAC_DMAUnderrunCallbackCh1
                0x0000000008002756       0x14 Drivers/STM32F3xx_HAL_Driver/Src/stm32f3xx_hal_dac.o
                0x0000000008002756                HAL_DAC_DMAUnderrunCallbackCh1
 .text.HAL_DAC_IRQHandler
                0x000000000800276a       0xb4 Drivers/STM32F3xx_HAL_Driver/Src/stm32f3xx_hal_dac_ex.o
                0x000000000800276a                HAL_DAC_IRQHandler
 .text.HAL_DAC_ConfigChannel
                0x000000000800281e       0x9a Drivers/STM32F3xx_HAL_Driver/Src/stm32f3xx_hal_dac_ex.o
                0x000000000800281e                HAL_DAC_ConfigChannel
 .text.HAL_DACEx_DMAUnderrunCallbackCh2
                0x00000000080028b8       0x14 Drivers/STM32F3xx_HAL_Driver/Src/stm32f3xx_hal_dac_ex.o
                0x00000000080028b8                HAL_DACEx_DMAUnderrunCallbackCh2
 .text.HAL_GPIO_Init
                0x00000000080028cc      0x2f4 Drivers/STM32F3xx_HAL_Driver/Src/stm32f3xx_hal_gpio.o
                0x00000000080028cc                HAL_GPIO_Init
 .text.HAL_GPIO_WritePin
                0x0000000008002bc0       0x30 Drivers/STM32F3xx_HAL_Driver/Src/stm32f3xx_hal_gpio.o
                0x0000000008002bc0                HAL_GPIO_WritePin
 .text.HAL_RCC_OscConfig
                0x0000000008002bf0      0xe10 Drivers/STM32F3xx_HAL_Driver/Src/stm32f3xx_hal_rcc.o
                0x0000000008002bf0                HAL_RCC_OscConfig
 .text.HAL_RCC_ClockConfig
                0x0000000008003a00      0x2f8 Drivers/STM32F3xx_HAL_Driver/Src/stm32f3xx_hal_rcc.o
                0x0000000008003a00                HAL_RCC_ClockConfig
 .text.HAL_RCC_GetSysClockFreq
                0x0000000008003cf8       0xd8 Drivers/STM32F3xx_HAL_Driver/Src/stm32f3xx_hal_rcc.o
                0x0000000008003cf8                HAL_RCC_GetSysClockFreq
 .text.HAL_RCC_GetHCLKFreq
                0x0000000008003dd0       0x18 Drivers/STM32F3xx_HAL_Driver/Src/stm32f3xx_hal_rcc.o
                0x0000000008003dd0                HAL_RCC_GetHCLKFreq
 .text.HAL_RCC_GetPCLK1Freq
                0x0000000008003de8       0x44 Drivers/STM32F3xx_HAL_Driver/Src/stm32f3xx_hal_rcc.o
                0x0000000008003de8                HAL_RCC_GetPCLK1Freq
 .text.HAL_RCC_GetPCLK2Freq
                0x0000000008003e2c       0x44 Drivers/STM32F3xx_HAL_Driver/Src/stm32f3xx_hal_rcc.o
                0x0000000008003e2c                HAL_RCC_GetPCLK2Freq
 .text.HAL_RCCEx_PeriphCLKConfig
                0x0000000008003e70      0x2e8 Drivers/STM32F3xx_HAL_Driver/Src/stm32f3xx_hal_rcc_ex.o
                0x0000000008003e70                HAL_RCCEx_PeriphCLKConfig
 .text.HAL_SPI_Init
                0x0000000008004158      0x156 Drivers/STM32F3xx_HAL_Driver/Src/stm32f3xx_hal_spi.o
                0x0000000008004158                HAL_SPI_Init
 .text.HAL_SPI_Transmit
                0x00000000080042ae      0x2dc Drivers/STM32F3xx_HAL_Driver/Src/stm32f3xx_hal_spi.o
                0x00000000080042ae                HAL_SPI_Transmit
 .text.HAL_SPI_TransmitReceive
                0x000000000800458a      0x426 Drivers/STM32F3xx_HAL_Driver/Src/stm32f3xx_hal_spi.o
                0x000000000800458a                HAL_SPI_TransmitReceive
 .text.SPI_WaitFlagStateUntilTimeout
                0x00000000080049b0      0x110 Drivers/STM32F3xx_HAL_Driver/Src/stm32f3xx_hal_spi.o
 .text.SPI_WaitFifoStateUntilTimeout
                0x0000000008004ac0      0x12c Drivers/STM32F3xx_HAL_Driver/Src/stm32f3xx_hal_spi.o
 .text.SPI_EndRxTxTransaction
                0x0000000008004bec       0x8c Drivers/STM32F3xx_HAL_Driver/Src/stm32f3xx_hal_spi.o
 .text.HAL_TIM_Base_Init
                0x0000000008004c78       0x9e Drivers/STM32F3xx_HAL_Driver/Src/stm32f3xx_hal_tim.o
                0x0000000008004c78                HAL_TIM_Base_Init
 .text.HAL_TIM_ConfigClockSource
                0x0000000008004d16      0x178 Drivers/STM32F3xx_HAL_Driver/Src/stm32f3xx_hal_tim.o
                0x0000000008004d16                HAL_TIM_ConfigClockSource
 *fill*         0x0000000008004e8e        0x2 
 .text.TIM_Base_SetConfig
                0x0000000008004e90      0x134 Drivers/STM32F3xx_HAL_Driver/Src/stm32f3xx_hal_tim.o
                0x0000000008004e90                TIM_Base_SetConfig
 .text.TIM_TI1_ConfigInputStage
                0x0000000008004fc4       0x5e Drivers/STM32F3xx_HAL_Driver/Src/stm32f3xx_hal_tim.o
 .text.TIM_TI2_ConfigInputStage
                0x0000000008005022       0x60 Drivers/STM32F3xx_HAL_Driver/Src/stm32f3xx_hal_tim.o
 .text.TIM_ITRx_SetConfig
                0x0000000008005082       0x36 Drivers/STM32F3xx_HAL_Driver/Src/stm32f3xx_hal_tim.o
 .text.TIM_ETR_SetConfig
                0x00000000080050b8       0x40 Drivers/STM32F3xx_HAL_Driver/Src/stm32f3xx_hal_tim.o
                0x00000000080050b8                TIM_ETR_SetConfig
 .text.HAL_TIMEx_MasterConfigSynchronization
                0x00000000080050f8       0xe8 Drivers/STM32F3xx_HAL_Driver/Src/stm32f3xx_hal_tim_ex.o
                0x00000000080050f8                HAL_TIMEx_MasterConfigSynchronization
 .text.HAL_UART_Init
                0x00000000080051e0       0x9c Drivers/STM32F3xx_HAL_Driver/Src/stm32f3xx_hal_uart.o
                0x00000000080051e0                HAL_UART_Init
 .text.HAL_UART_Transmit
                0x000000000800527c      0x128 Drivers/STM32F3xx_HAL_Driver/Src/stm32f3xx_hal_uart.o
                0x000000000800527c                HAL_UART_Transmit
 .text.UART_SetConfig
                0x00000000080053a4      0x2f4 Drivers/STM32F3xx_HAL_Driver/Src/stm32f3xx_hal_uart.o
                0x00000000080053a4                UART_SetConfig
 .text.UART_AdvFeatureConfig
                0x0000000008005698      0x144 Drivers/STM32F3xx_HAL_Driver/Src/stm32f3xx_hal_uart.o
                0x0000000008005698                UART_AdvFeatureConfig
 .text.UART_CheckIdleState
                0x00000000080057dc       0x92 Drivers/STM32F3xx_HAL_Driver/Src/stm32f3xx_hal_uart.o
                0x00000000080057dc                UART_CheckIdleState
 .text.UART_WaitOnFlagUntilTimeout
                0x000000000800586e      0x188 Drivers/STM32F3xx_HAL_Driver/Src/stm32f3xx_hal_uart.o
                0x000000000800586e                UART_WaitOnFlagUntilTimeout
 *fill*         0x00000000080059f6        0x2 
 .text.MX_FATFS_Init
                0x00000000080059f8       0x24 FATFS/App/fatfs.o
                0x00000000080059f8                MX_FATFS_Init
 .text.get_fattime
                0x0000000008005a1c       0x10 FATFS/App/fatfs.o
                0x0000000008005a1c                get_fattime
 .text.USER_initialize
                0x0000000008005a2c       0x1c FATFS/Target/user_diskio.o
                0x0000000008005a2c                USER_initialize
 .text.USER_status
                0x0000000008005a48       0x1c FATFS/Target/user_diskio.o
                0x0000000008005a48                USER_status
 .text.USER_read
                0x0000000008005a64       0x26 FATFS/Target/user_diskio.o
                0x0000000008005a64                USER_read
 .text.USER_write
                0x0000000008005a8a       0x26 FATFS/Target/user_diskio.o
                0x0000000008005a8a                USER_write
 .text.USER_ioctl
                0x0000000008005ab0       0x26 FATFS/Target/user_diskio.o
                0x0000000008005ab0                USER_ioctl
 *fill*         0x0000000008005ad6        0x2 
 .text.disk_status
                0x0000000008005ad8       0x34 Middlewares/Third_Party/FatFs/src/diskio.o
                0x0000000008005ad8                disk_status
 .text.disk_initialize
                0x0000000008005b0c       0x4c Middlewares/Third_Party/FatFs/src/diskio.o
                0x0000000008005b0c                disk_initialize
 .text.disk_read
                0x0000000008005b58       0x40 Middlewares/Third_Party/FatFs/src/diskio.o
                0x0000000008005b58                disk_read
 .text.disk_write
                0x0000000008005b98       0x40 Middlewares/Third_Party/FatFs/src/diskio.o
                0x0000000008005b98                disk_write
 .text.disk_ioctl
                0x0000000008005bd8       0x3c Middlewares/Third_Party/FatFs/src/diskio.o
                0x0000000008005bd8                disk_ioctl
 .text.mem_cpy  0x0000000008005c14       0x3c Middlewares/Third_Party/FatFs/src/ff.o
 .text.mem_set  0x0000000008005c50       0x34 Middlewares/Third_Party/FatFs/src/ff.o
 .text.mem_cmp  0x0000000008005c84       0x4e Middlewares/Third_Party/FatFs/src/ff.o
 .text.chk_chr  0x0000000008005cd2       0x36 Middlewares/Third_Party/FatFs/src/ff.o
 .text.chk_lock
                0x0000000008005d08       0xe4 Middlewares/Third_Party/FatFs/src/ff.o
 .text.enq_lock
                0x0000000008005dec       0x48 Middlewares/Third_Party/FatFs/src/ff.o
 .text.inc_lock
                0x0000000008005e34      0x184 Middlewares/Third_Party/FatFs/src/ff.o
 .text.dec_lock
                0x0000000008005fb8       0x88 Middlewares/Third_Party/FatFs/src/ff.o
 .text.clear_lock
                0x0000000008006040       0x54 Middlewares/Third_Party/FatFs/src/ff.o
 .text.sync_window
                0x0000000008006094       0xb4 Middlewares/Third_Party/FatFs/src/ff.o
 .text.move_window
                0x0000000008006148       0x68 Middlewares/Third_Party/FatFs/src/ff.o
 .text.sync_fs  0x00000000080061b0      0x19e Middlewares/Third_Party/FatFs/src/ff.o
 .text.clust2sect
                0x000000000800634e       0x50 Middlewares/Third_Party/FatFs/src/ff.o
                0x000000000800634e                clust2sect
 .text.get_fat  0x000000000800639e      0x204 Middlewares/Third_Party/FatFs/src/ff.o
                0x000000000800639e                get_fat
 .text.put_fat  0x00000000080065a2      0x2ba Middlewares/Third_Party/FatFs/src/ff.o
                0x00000000080065a2                put_fat
 .text.remove_chain
                0x000000000800685c       0xd0 Middlewares/Third_Party/FatFs/src/ff.o
 .text.create_chain
                0x000000000800692c      0x162 Middlewares/Third_Party/FatFs/src/ff.o
 .text.clmt_clust
                0x0000000008006a8e       0x88 Middlewares/Third_Party/FatFs/src/ff.o
 .text.dir_sdi  0x0000000008006b16      0x1b6 Middlewares/Third_Party/FatFs/src/ff.o
 .text.dir_next
                0x0000000008006ccc      0x2c4 Middlewares/Third_Party/FatFs/src/ff.o
 .text.dir_alloc
                0x0000000008006f90       0xa2 Middlewares/Third_Party/FatFs/src/ff.o
 .text.ld_clust
                0x0000000008007032       0x5e Middlewares/Third_Party/FatFs/src/ff.o
 .text.st_clust
                0x0000000008007090       0x4e Middlewares/Third_Party/FatFs/src/ff.o
 *fill*         0x00000000080070de        0x2 
 .text.cmp_lfn  0x00000000080070e0       0xdc Middlewares/Third_Party/FatFs/src/ff.o
 .text.fit_lfn  0x00000000080071bc       0xec Middlewares/Third_Party/FatFs/src/ff.o
 .text.gen_numname
                0x00000000080072a8      0x11e Middlewares/Third_Party/FatFs/src/ff.o
 .text.sum_sfn  0x00000000080073c6       0x42 Middlewares/Third_Party/FatFs/src/ff.o
 .text.dir_find
                0x0000000008007408      0x1aa Middlewares/Third_Party/FatFs/src/ff.o
 *fill*         0x00000000080075b2        0x2 
 .text.dir_register
                0x00000000080075b4      0x260 Middlewares/Third_Party/FatFs/src/ff.o
 .text.create_name
                0x0000000008007814      0x384 Middlewares/Third_Party/FatFs/src/ff.o
 .text.follow_path
                0x0000000008007b98       0xf2 Middlewares/Third_Party/FatFs/src/ff.o
 .text.get_ldnumber
                0x0000000008007c8a       0x88 Middlewares/Third_Party/FatFs/src/ff.o
 *fill*         0x0000000008007d12        0x2 
 .text.check_fs
                0x0000000008007d14       0xdc Middlewares/Third_Party/FatFs/src/ff.o
 .text.find_volume
                0x0000000008007df0      0x6b8 Middlewares/Third_Party/FatFs/src/ff.o
 .text.validate
                0x00000000080084a8       0x7c Middlewares/Third_Party/FatFs/src/ff.o
 .text.f_mount  0x0000000008008524       0x94 Middlewares/Third_Party/FatFs/src/ff.o
                0x0000000008008524                f_mount
 .text.f_open   0x00000000080085b8      0x674 Middlewares/Third_Party/FatFs/src/ff.o
                0x00000000080085b8                f_open
 .text.f_read   0x0000000008008c2c      0x42c Middlewares/Third_Party/FatFs/src/ff.o
                0x0000000008008c2c                f_read
 .text.f_write  0x0000000008009058      0x4e6 Middlewares/Third_Party/FatFs/src/ff.o
                0x0000000008009058                f_write
 .text.f_sync   0x000000000800953e      0x1bc Middlewares/Third_Party/FatFs/src/ff.o
                0x000000000800953e                f_sync
 .text.f_close  0x00000000080096fa       0x56 Middlewares/Third_Party/FatFs/src/ff.o
                0x00000000080096fa                f_close
 .text.f_getfree
                0x0000000008009750      0x1c4 Middlewares/Third_Party/FatFs/src/ff.o
                0x0000000008009750                f_getfree
 .text.f_gets   0x0000000008009914       0x7a Middlewares/Third_Party/FatFs/src/ff.o
                0x0000000008009914                f_gets
 .text.putc_bfd
                0x000000000800998e       0x7a Middlewares/Third_Party/FatFs/src/ff.o
 .text.f_puts   0x0000000008009a08       0x74 Middlewares/Third_Party/FatFs/src/ff.o
                0x0000000008009a08                f_puts
 .text.FATFS_LinkDriverEx
                0x0000000008009a7c       0x98 Middlewares/Third_Party/FatFs/src/ff_gen_drv.o
                0x0000000008009a7c                FATFS_LinkDriverEx
 .text.FATFS_LinkDriver
                0x0000000008009b14       0x1e Middlewares/Third_Party/FatFs/src/ff_gen_drv.o
                0x0000000008009b14                FATFS_LinkDriver
 *fill*         0x0000000008009b32        0x2 
 .text.ff_convert
                0x0000000008009b34       0x78 Middlewares/Third_Party/FatFs/src/option/ccsbcs.o
                0x0000000008009b34                ff_convert
 .text.ff_wtoupper
                0x0000000008009bac       0x5c Middlewares/Third_Party/FatFs/src/option/ccsbcs.o
                0x0000000008009bac                ff_wtoupper
 .text.__errno  0x0000000008009c08        0xc c:/st/stm32cubeide_1.4.0/stm32cubeide/plugins/com.st.stm32cube.ide.mcu.externaltools.gnu-tools-for-stm32.7-2018-q2-update.win32_1.4.0.202007081208/tools/bin/../lib/gcc/arm-none-eabi/7.3.1/../../../../arm-none-eabi/lib/thumb/v7e-m/fpv4-sp/hard\libc_nano.a(lib_a-errno.o)
                0x0000000008009c08                __errno
 .text.__libc_init_array
                0x0000000008009c14       0x48 c:/st/stm32cubeide_1.4.0/stm32cubeide/plugins/com.st.stm32cube.ide.mcu.externaltools.gnu-tools-for-stm32.7-2018-q2-update.win32_1.4.0.202007081208/tools/bin/../lib/gcc/arm-none-eabi/7.3.1/../../../../arm-none-eabi/lib/thumb/v7e-m/fpv4-sp/hard\libc_nano.a(lib_a-init.o)
                0x0000000008009c14                __libc_init_array
 .text.memset   0x0000000008009c5c       0x10 c:/st/stm32cubeide_1.4.0/stm32cubeide/plugins/com.st.stm32cube.ide.mcu.externaltools.gnu-tools-for-stm32.7-2018-q2-update.win32_1.4.0.202007081208/tools/bin/../lib/gcc/arm-none-eabi/7.3.1/../../../../arm-none-eabi/lib/thumb/v7e-m/fpv4-sp/hard\libc_nano.a(lib_a-memset.o)
                0x0000000008009c5c                memset
 .text.printf   0x0000000008009c6c       0x30 c:/st/stm32cubeide_1.4.0/stm32cubeide/plugins/com.st.stm32cube.ide.mcu.externaltools.gnu-tools-for-stm32.7-2018-q2-update.win32_1.4.0.202007081208/tools/bin/../lib/gcc/arm-none-eabi/7.3.1/../../../../arm-none-eabi/lib/thumb/v7e-m/fpv4-sp/hard\libc_nano.a(lib_a-printf.o)
                0x0000000008009c6c                iprintf
                0x0000000008009c6c                printf
 .text._puts_r  0x0000000008009c9c       0xb8 c:/st/stm32cubeide_1.4.0/stm32cubeide/plugins/com.st.stm32cube.ide.mcu.externaltools.gnu-tools-for-stm32.7-2018-q2-update.win32_1.4.0.202007081208/tools/bin/../lib/gcc/arm-none-eabi/7.3.1/../../../../arm-none-eabi/lib/thumb/v7e-m/fpv4-sp/hard\libc_nano.a(lib_a-puts.o)
                0x0000000008009c9c                _puts_r
 .text.puts     0x0000000008009d54       0x10 c:/st/stm32cubeide_1.4.0/stm32cubeide/plugins/com.st.stm32cube.ide.mcu.externaltools.gnu-tools-for-stm32.7-2018-q2-update.win32_1.4.0.202007081208/tools/bin/../lib/gcc/arm-none-eabi/7.3.1/../../../../arm-none-eabi/lib/thumb/v7e-m/fpv4-sp/hard\libc_nano.a(lib_a-puts.o)
                0x0000000008009d54                puts
 .text.__swbuf_r
                0x0000000008009d64       0xa4 c:/st/stm32cubeide_1.4.0/stm32cubeide/plugins/com.st.stm32cube.ide.mcu.externaltools.gnu-tools-for-stm32.7-2018-q2-update.win32_1.4.0.202007081208/tools/bin/../lib/gcc/arm-none-eabi/7.3.1/../../../../arm-none-eabi/lib/thumb/v7e-m/fpv4-sp/hard\libc_nano.a(lib_a-wbuf.o)
                0x0000000008009d64                __swbuf_r
 .text.__swsetup_r
                0x0000000008009e08       0xdc c:/st/stm32cubeide_1.4.0/stm32cubeide/plugins/com.st.stm32cube.ide.mcu.externaltools.gnu-tools-for-stm32.7-2018-q2-update.win32_1.4.0.202007081208/tools/bin/../lib/gcc/arm-none-eabi/7.3.1/../../../../arm-none-eabi/lib/thumb/v7e-m/fpv4-sp/hard\libc_nano.a(lib_a-wsetup.o)
                0x0000000008009e08                __swsetup_r
 .text.__sflush_r
                0x0000000008009ee4      0x10c c:/st/stm32cubeide_1.4.0/stm32cubeide/plugins/com.st.stm32cube.ide.mcu.externaltools.gnu-tools-for-stm32.7-2018-q2-update.win32_1.4.0.202007081208/tools/bin/../lib/gcc/arm-none-eabi/7.3.1/../../../../arm-none-eabi/lib/thumb/v7e-m/fpv4-sp/hard\libc_nano.a(lib_a-fflush.o)
                0x0000000008009ee4                __sflush_r
 .text._fflush_r
                0x0000000008009ff0       0x54 c:/st/stm32cubeide_1.4.0/stm32cubeide/plugins/com.st.stm32cube.ide.mcu.externaltools.gnu-tools-for-stm32.7-2018-q2-update.win32_1.4.0.202007081208/tools/bin/../lib/gcc/arm-none-eabi/7.3.1/../../../../arm-none-eabi/lib/thumb/v7e-m/fpv4-sp/hard\libc_nano.a(lib_a-fflush.o)
                0x0000000008009ff0                _fflush_r
 .text.std      0x000000000800a044       0x48 c:/st/stm32cubeide_1.4.0/stm32cubeide/plugins/com.st.stm32cube.ide.mcu.externaltools.gnu-tools-for-stm32.7-2018-q2-update.win32_1.4.0.202007081208/tools/bin/../lib/gcc/arm-none-eabi/7.3.1/../../../../arm-none-eabi/lib/thumb/v7e-m/fpv4-sp/hard\libc_nano.a(lib_a-findfp.o)
 .text._cleanup_r
                0x000000000800a08c        0xc c:/st/stm32cubeide_1.4.0/stm32cubeide/plugins/com.st.stm32cube.ide.mcu.externaltools.gnu-tools-for-stm32.7-2018-q2-update.win32_1.4.0.202007081208/tools/bin/../lib/gcc/arm-none-eabi/7.3.1/../../../../arm-none-eabi/lib/thumb/v7e-m/fpv4-sp/hard\libc_nano.a(lib_a-findfp.o)
                0x000000000800a08c                _cleanup_r
 .text.__sfmoreglue
                0x000000000800a098       0x2c c:/st/stm32cubeide_1.4.0/stm32cubeide/plugins/com.st.stm32cube.ide.mcu.externaltools.gnu-tools-for-stm32.7-2018-q2-update.win32_1.4.0.202007081208/tools/bin/../lib/gcc/arm-none-eabi/7.3.1/../../../../arm-none-eabi/lib/thumb/v7e-m/fpv4-sp/hard\libc_nano.a(lib_a-findfp.o)
                0x000000000800a098                __sfmoreglue
 .text.__sinit  0x000000000800a0c4       0x60 c:/st/stm32cubeide_1.4.0/stm32cubeide/plugins/com.st.stm32cube.ide.mcu.externaltools.gnu-tools-for-stm32.7-2018-q2-update.win32_1.4.0.202007081208/tools/bin/../lib/gcc/arm-none-eabi/7.3.1/../../../../arm-none-eabi/lib/thumb/v7e-m/fpv4-sp/hard\libc_nano.a(lib_a-findfp.o)
                0x000000000800a0c4                __sinit
 .text.__sfp    0x000000000800a124       0x78 c:/st/stm32cubeide_1.4.0/stm32cubeide/plugins/com.st.stm32cube.ide.mcu.externaltools.gnu-tools-for-stm32.7-2018-q2-update.win32_1.4.0.202007081208/tools/bin/../lib/gcc/arm-none-eabi/7.3.1/../../../../arm-none-eabi/lib/thumb/v7e-m/fpv4-sp/hard\libc_nano.a(lib_a-findfp.o)
                0x000000000800a124                __sfp
 .text._fwalk_reent
                0x000000000800a19c       0x3c c:/st/stm32cubeide_1.4.0/stm32cubeide/plugins/com.st.stm32cube.ide.mcu.externaltools.gnu-tools-for-stm32.7-2018-q2-update.win32_1.4.0.202007081208/tools/bin/../lib/gcc/arm-none-eabi/7.3.1/../../../../arm-none-eabi/lib/thumb/v7e-m/fpv4-sp/hard\libc_nano.a(lib_a-fwalk.o)
                0x000000000800a19c                _fwalk_reent
 .text.__swhatbuf_r
                0x000000000800a1d8       0x48 c:/st/stm32cubeide_1.4.0/stm32cubeide/plugins/com.st.stm32cube.ide.mcu.externaltools.gnu-tools-for-stm32.7-2018-q2-update.win32_1.4.0.202007081208/tools/bin/../lib/gcc/arm-none-eabi/7.3.1/../../../../arm-none-eabi/lib/thumb/v7e-m/fpv4-sp/hard\libc_nano.a(lib_a-makebuf.o)
                0x000000000800a1d8                __swhatbuf_r
 .text.__smakebuf_r
                0x000000000800a220       0x80 c:/st/stm32cubeide_1.4.0/stm32cubeide/plugins/com.st.stm32cube.ide.mcu.externaltools.gnu-tools-for-stm32.7-2018-q2-update.win32_1.4.0.202007081208/tools/bin/../lib/gcc/arm-none-eabi/7.3.1/../../../../arm-none-eabi/lib/thumb/v7e-m/fpv4-sp/hard\libc_nano.a(lib_a-makebuf.o)
                0x000000000800a220                __smakebuf_r
 .text._free_r  0x000000000800a2a0       0x9c c:/st/stm32cubeide_1.4.0/stm32cubeide/plugins/com.st.stm32cube.ide.mcu.externaltools.gnu-tools-for-stm32.7-2018-q2-update.win32_1.4.0.202007081208/tools/bin/../lib/gcc/arm-none-eabi/7.3.1/../../../../arm-none-eabi/lib/thumb/v7e-m/fpv4-sp/hard\libc_nano.a(lib_a-nano-freer.o)
                0x000000000800a2a0                _free_r
 .text._malloc_r
                0x000000000800a33c       0xb4 c:/st/stm32cubeide_1.4.0/stm32cubeide/plugins/com.st.stm32cube.ide.mcu.externaltools.gnu-tools-for-stm32.7-2018-q2-update.win32_1.4.0.202007081208/tools/bin/../lib/gcc/arm-none-eabi/7.3.1/../../../../arm-none-eabi/lib/thumb/v7e-m/fpv4-sp/hard\libc_nano.a(lib_a-nano-mallocr.o)
                0x000000000800a33c                _malloc_r
 .text.__sfputc_r
                0x000000000800a3f0       0x2e c:/st/stm32cubeide_1.4.0/stm32cubeide/plugins/com.st.stm32cube.ide.mcu.externaltools.gnu-tools-for-stm32.7-2018-q2-update.win32_1.4.0.202007081208/tools/bin/../lib/gcc/arm-none-eabi/7.3.1/../../../../arm-none-eabi/lib/thumb/v7e-m/fpv4-sp/hard\libc_nano.a(lib_a-nano-vfprintf.o)
 .text.__sfputs_r
                0x000000000800a41e       0x24 c:/st/stm32cubeide_1.4.0/stm32cubeide/plugins/com.st.stm32cube.ide.mcu.externaltools.gnu-tools-for-stm32.7-2018-q2-update.win32_1.4.0.202007081208/tools/bin/../lib/gcc/arm-none-eabi/7.3.1/../../../../arm-none-eabi/lib/thumb/v7e-m/fpv4-sp/hard\libc_nano.a(lib_a-nano-vfprintf.o)
                0x000000000800a41e                __sfputs_r
 *fill*         0x000000000800a442        0x2 
 .text._vfprintf_r
                0x000000000800a444      0x22c c:/st/stm32cubeide_1.4.0/stm32cubeide/plugins/com.st.stm32cube.ide.mcu.externaltools.gnu-tools-for-stm32.7-2018-q2-update.win32_1.4.0.202007081208/tools/bin/../lib/gcc/arm-none-eabi/7.3.1/../../../../arm-none-eabi/lib/thumb/v7e-m/fpv4-sp/hard\libc_nano.a(lib_a-nano-vfprintf.o)
                0x000000000800a444                _vfprintf_r
                0x000000000800a444                _vfiprintf_r
 .text._printf_common
                0x000000000800a670       0xea c:/st/stm32cubeide_1.4.0/stm32cubeide/plugins/com.st.stm32cube.ide.mcu.externaltools.gnu-tools-for-stm32.7-2018-q2-update.win32_1.4.0.202007081208/tools/bin/../lib/gcc/arm-none-eabi/7.3.1/../../../../arm-none-eabi/lib/thumb/v7e-m/fpv4-sp/hard\libc_nano.a(lib_a-nano-vfprintf_i.o)
                0x000000000800a670                _printf_common
 *fill*         0x000000000800a75a        0x2 
 .text._printf_i
                0x000000000800a75c      0x224 c:/st/stm32cubeide_1.4.0/stm32cubeide/plugins/com.st.stm32cube.ide.mcu.externaltools.gnu-tools-for-stm32.7-2018-q2-update.win32_1.4.0.202007081208/tools/bin/../lib/gcc/arm-none-eabi/7.3.1/../../../../arm-none-eabi/lib/thumb/v7e-m/fpv4-sp/hard\libc_nano.a(lib_a-nano-vfprintf_i.o)
                0x000000000800a75c                _printf_i
 .text._sbrk_r  0x000000000800a980       0x20 c:/st/stm32cubeide_1.4.0/stm32cubeide/plugins/com.st.stm32cube.ide.mcu.externaltools.gnu-tools-for-stm32.7-2018-q2-update.win32_1.4.0.202007081208/tools/bin/../lib/gcc/arm-none-eabi/7.3.1/../../../../arm-none-eabi/lib/thumb/v7e-m/fpv4-sp/hard\libc_nano.a(lib_a-sbrkr.o)
                0x000000000800a980                _sbrk_r
 .text.__sread  0x000000000800a9a0       0x22 c:/st/stm32cubeide_1.4.0/stm32cubeide/plugins/com.st.stm32cube.ide.mcu.externaltools.gnu-tools-for-stm32.7-2018-q2-update.win32_1.4.0.202007081208/tools/bin/../lib/gcc/arm-none-eabi/7.3.1/../../../../arm-none-eabi/lib/thumb/v7e-m/fpv4-sp/hard\libc_nano.a(lib_a-stdio.o)
                0x000000000800a9a0                __sread
 .text.__swrite
                0x000000000800a9c2       0x38 c:/st/stm32cubeide_1.4.0/stm32cubeide/plugins/com.st.stm32cube.ide.mcu.externaltools.gnu-tools-for-stm32.7-2018-q2-update.win32_1.4.0.202007081208/tools/bin/../lib/gcc/arm-none-eabi/7.3.1/../../../../arm-none-eabi/lib/thumb/v7e-m/fpv4-sp/hard\libc_nano.a(lib_a-stdio.o)
                0x000000000800a9c2                __swrite
 .text.__sseek  0x000000000800a9fa       0x24 c:/st/stm32cubeide_1.4.0/stm32cubeide/plugins/com.st.stm32cube.ide.mcu.externaltools.gnu-tools-for-stm32.7-2018-q2-update.win32_1.4.0.202007081208/tools/bin/../lib/gcc/arm-none-eabi/7.3.1/../../../../arm-none-eabi/lib/thumb/v7e-m/fpv4-sp/hard\libc_nano.a(lib_a-stdio.o)
                0x000000000800a9fa                __sseek
 .text.__sclose
                0x000000000800aa1e        0x8 c:/st/stm32cubeide_1.4.0/stm32cubeide/plugins/com.st.stm32cube.ide.mcu.externaltools.gnu-tools-for-stm32.7-2018-q2-update.win32_1.4.0.202007081208/tools/bin/../lib/gcc/arm-none-eabi/7.3.1/../../../../arm-none-eabi/lib/thumb/v7e-m/fpv4-sp/hard\libc_nano.a(lib_a-stdio.o)
                0x000000000800aa1e                __sclose
 *fill*         0x000000000800aa26        0x2 
 .text._write_r
                0x000000000800aa28       0x24 c:/st/stm32cubeide_1.4.0/stm32cubeide/plugins/com.st.stm32cube.ide.mcu.externaltools.gnu-tools-for-stm32.7-2018-q2-update.win32_1.4.0.202007081208/tools/bin/../lib/gcc/arm-none-eabi/7.3.1/../../../../arm-none-eabi/lib/thumb/v7e-m/fpv4-sp/hard\libc_nano.a(lib_a-writer.o)
                0x000000000800aa28                _write_r
 .text._close_r
                0x000000000800aa4c       0x20 c:/st/stm32cubeide_1.4.0/stm32cubeide/plugins/com.st.stm32cube.ide.mcu.externaltools.gnu-tools-for-stm32.7-2018-q2-update.win32_1.4.0.202007081208/tools/bin/../lib/gcc/arm-none-eabi/7.3.1/../../../../arm-none-eabi/lib/thumb/v7e-m/fpv4-sp/hard\libc_nano.a(lib_a-closer.o)
                0x000000000800aa4c                _close_r
 .text._fstat_r
                0x000000000800aa6c       0x24 c:/st/stm32cubeide_1.4.0/stm32cubeide/plugins/com.st.stm32cube.ide.mcu.externaltools.gnu-tools-for-stm32.7-2018-q2-update.win32_1.4.0.202007081208/tools/bin/../lib/gcc/arm-none-eabi/7.3.1/../../../../arm-none-eabi/lib/thumb/v7e-m/fpv4-sp/hard\libc_nano.a(lib_a-fstatr.o)
                0x000000000800aa6c                _fstat_r
 .text._isatty_r
                0x000000000800aa90       0x20 c:/st/stm32cubeide_1.4.0/stm32cubeide/plugins/com.st.stm32cube.ide.mcu.externaltools.gnu-tools-for-stm32.7-2018-q2-update.win32_1.4.0.202007081208/tools/bin/../lib/gcc/arm-none-eabi/7.3.1/../../../../arm-none-eabi/lib/thumb/v7e-m/fpv4-sp/hard\libc_nano.a(lib_a-isattyr.o)
                0x000000000800aa90                _isatty_r
 .text._lseek_r
                0x000000000800aab0       0x24 c:/st/stm32cubeide_1.4.0/stm32cubeide/plugins/com.st.stm32cube.ide.mcu.externaltools.gnu-tools-for-stm32.7-2018-q2-update.win32_1.4.0.202007081208/tools/bin/../lib/gcc/arm-none-eabi/7.3.1/../../../../arm-none-eabi/lib/thumb/v7e-m/fpv4-sp/hard\libc_nano.a(lib_a-lseekr.o)
                0x000000000800aab0                _lseek_r
 .text.__malloc_lock
                0x000000000800aad4        0x2 c:/st/stm32cubeide_1.4.0/stm32cubeide/plugins/com.st.stm32cube.ide.mcu.externaltools.gnu-tools-for-stm32.7-2018-q2-update.win32_1.4.0.202007081208/tools/bin/../lib/gcc/arm-none-eabi/7.3.1/../../../../arm-none-eabi/lib/thumb/v7e-m/fpv4-sp/hard\libc_nano.a(lib_a-mlock.o)
                0x000000000800aad4                __malloc_lock
 .text.__malloc_unlock
                0x000000000800aad6        0x2 c:/st/stm32cubeide_1.4.0/stm32cubeide/plugins/com.st.stm32cube.ide.mcu.externaltools.gnu-tools-for-stm32.7-2018-q2-update.win32_1.4.0.202007081208/tools/bin/../lib/gcc/arm-none-eabi/7.3.1/../../../../arm-none-eabi/lib/thumb/v7e-m/fpv4-sp/hard\libc_nano.a(lib_a-mlock.o)
                0x000000000800aad6                __malloc_unlock
 .text._read_r  0x000000000800aad8       0x24 c:/st/stm32cubeide_1.4.0/stm32cubeide/plugins/com.st.stm32cube.ide.mcu.externaltools.gnu-tools-for-stm32.7-2018-q2-update.win32_1.4.0.202007081208/tools/bin/../lib/gcc/arm-none-eabi/7.3.1/../../../../arm-none-eabi/lib/thumb/v7e-m/fpv4-sp/hard\libc_nano.a(lib_a-readr.o)
                0x000000000800aad8                _read_r
 *(.glue_7)
 .glue_7        0x000000000800aafc        0x0 linker stubs
 *(.glue_7t)
 .glue_7t       0x000000000800aafc        0x0 linker stubs
 *(.eh_frame)
 .eh_frame      0x000000000800aafc        0x0 c:/st/stm32cubeide_1.4.0/stm32cubeide/plugins/com.st.stm32cube.ide.mcu.externaltools.gnu-tools-for-stm32.7-2018-q2-update.win32_1.4.0.202007081208/tools/bin/../lib/gcc/arm-none-eabi/7.3.1/thumb/v7e-m/fpv4-sp/hard/crtbegin.o
 *(.init)
 .init          0x000000000800aafc        0x4 c:/st/stm32cubeide_1.4.0/stm32cubeide/plugins/com.st.stm32cube.ide.mcu.externaltools.gnu-tools-for-stm32.7-2018-q2-update.win32_1.4.0.202007081208/tools/bin/../lib/gcc/arm-none-eabi/7.3.1/thumb/v7e-m/fpv4-sp/hard/crti.o
                0x000000000800aafc                _init
 .init          0x000000000800ab00        0x8 c:/st/stm32cubeide_1.4.0/stm32cubeide/plugins/com.st.stm32cube.ide.mcu.externaltools.gnu-tools-for-stm32.7-2018-q2-update.win32_1.4.0.202007081208/tools/bin/../lib/gcc/arm-none-eabi/7.3.1/thumb/v7e-m/fpv4-sp/hard/crtn.o
 *(.fini)
 .fini          0x000000000800ab08        0x4 c:/st/stm32cubeide_1.4.0/stm32cubeide/plugins/com.st.stm32cube.ide.mcu.externaltools.gnu-tools-for-stm32.7-2018-q2-update.win32_1.4.0.202007081208/tools/bin/../lib/gcc/arm-none-eabi/7.3.1/thumb/v7e-m/fpv4-sp/hard/crti.o
                0x000000000800ab08                _fini
 .fini          0x000000000800ab0c        0x8 c:/st/stm32cubeide_1.4.0/stm32cubeide/plugins/com.st.stm32cube.ide.mcu.externaltools.gnu-tools-for-stm32.7-2018-q2-update.win32_1.4.0.202007081208/tools/bin/../lib/gcc/arm-none-eabi/7.3.1/thumb/v7e-m/fpv4-sp/hard/crtn.o
                0x000000000800ab14                . = ALIGN (0x4)
                0x000000000800ab14                _etext = .

.vfp11_veneer   0x000000000800ab14        0x0
 .vfp11_veneer  0x000000000800ab14        0x0 linker stubs

.v4_bx          0x000000000800ab14        0x0
 .v4_bx         0x000000000800ab14        0x0 linker stubs

.iplt           0x000000000800ab14        0x0
 .iplt          0x000000000800ab14        0x0 c:/st/stm32cubeide_1.4.0/stm32cubeide/plugins/com.st.stm32cube.ide.mcu.externaltools.gnu-tools-for-stm32.7-2018-q2-update.win32_1.4.0.202007081208/tools/bin/../lib/gcc/arm-none-eabi/7.3.1/thumb/v7e-m/fpv4-sp/hard/crtbegin.o

.rodata         0x000000000800ab14      0x7cc
                0x000000000800ab14                . = ALIGN (0x4)
 *(.rodata)
 .rodata        0x000000000800ab14      0x163 Core/Src/main.o
 *fill*         0x000000000800ac77        0x1 
 .rodata        0x000000000800ac78       0x48 Middlewares/Third_Party/FatFs/src/ff.o
 *(.rodata*)
 .rodata.AHBPrescTable
                0x000000000800acc0       0x10 Core/Src/system_stm32f3xx.o
                0x000000000800acc0                AHBPrescTable
 .rodata.APBPrescTable
                0x000000000800acd0        0x8 Core/Src/system_stm32f3xx.o
                0x000000000800acd0                APBPrescTable
 .rodata.aPLLMULFactorTable
                0x000000000800acd8       0x10 Drivers/STM32F3xx_HAL_Driver/Src/stm32f3xx_hal_rcc.o
                0x000000000800acd8                aPLLMULFactorTable
 .rodata.aPredivFactorTable
                0x000000000800ace8       0x10 Drivers/STM32F3xx_HAL_Driver/Src/stm32f3xx_hal_rcc.o
                0x000000000800ace8                aPredivFactorTable
 .rodata.ExCvt  0x000000000800acf8       0x80 Middlewares/Third_Party/FatFs/src/ff.o
 .rodata.LfnOfs
                0x000000000800ad78        0xd Middlewares/Third_Party/FatFs/src/ff.o
 *fill*         0x000000000800ad85        0x3 
 .rodata.Tbl    0x000000000800ad88      0x100 Middlewares/Third_Party/FatFs/src/option/ccsbcs.o
 .rodata.tbl_lower.8765
                0x000000000800ae88      0x1e0 Middlewares/Third_Party/FatFs/src/option/ccsbcs.o
 .rodata.tbl_upper.8766
                0x000000000800b068      0x1e0 Middlewares/Third_Party/FatFs/src/option/ccsbcs.o
 .rodata._global_impure_ptr
                0x000000000800b248        0x4 c:/st/stm32cubeide_1.4.0/stm32cubeide/plugins/com.st.stm32cube.ide.mcu.externaltools.gnu-tools-for-stm32.7-2018-q2-update.win32_1.4.0.202007081208/tools/bin/../lib/gcc/arm-none-eabi/7.3.1/../../../../arm-none-eabi/lib/thumb/v7e-m/fpv4-sp/hard\libc_nano.a(lib_a-impure.o)
                0x000000000800b248                _global_impure_ptr
 .rodata.__sf_fake_stderr
                0x000000000800b24c       0x20 c:/st/stm32cubeide_1.4.0/stm32cubeide/plugins/com.st.stm32cube.ide.mcu.externaltools.gnu-tools-for-stm32.7-2018-q2-update.win32_1.4.0.202007081208/tools/bin/../lib/gcc/arm-none-eabi/7.3.1/../../../../arm-none-eabi/lib/thumb/v7e-m/fpv4-sp/hard\libc_nano.a(lib_a-findfp.o)
                0x000000000800b24c                __sf_fake_stderr
 .rodata.__sf_fake_stdin
                0x000000000800b26c       0x20 c:/st/stm32cubeide_1.4.0/stm32cubeide/plugins/com.st.stm32cube.ide.mcu.externaltools.gnu-tools-for-stm32.7-2018-q2-update.win32_1.4.0.202007081208/tools/bin/../lib/gcc/arm-none-eabi/7.3.1/../../../../arm-none-eabi/lib/thumb/v7e-m/fpv4-sp/hard\libc_nano.a(lib_a-findfp.o)
                0x000000000800b26c                __sf_fake_stdin
 .rodata.__sf_fake_stdout
                0x000000000800b28c       0x20 c:/st/stm32cubeide_1.4.0/stm32cubeide/plugins/com.st.stm32cube.ide.mcu.externaltools.gnu-tools-for-stm32.7-2018-q2-update.win32_1.4.0.202007081208/tools/bin/../lib/gcc/arm-none-eabi/7.3.1/../../../../arm-none-eabi/lib/thumb/v7e-m/fpv4-sp/hard\libc_nano.a(lib_a-findfp.o)
                0x000000000800b28c                __sf_fake_stdout
 .rodata._vfprintf_r.str1.1
                0x000000000800b2ac       0x11 c:/st/stm32cubeide_1.4.0/stm32cubeide/plugins/com.st.stm32cube.ide.mcu.externaltools.gnu-tools-for-stm32.7-2018-q2-update.win32_1.4.0.202007081208/tools/bin/../lib/gcc/arm-none-eabi/7.3.1/../../../../arm-none-eabi/lib/thumb/v7e-m/fpv4-sp/hard\libc_nano.a(lib_a-nano-vfprintf.o)
 .rodata._printf_i.str1.1
                0x000000000800b2bd       0x22 c:/st/stm32cubeide_1.4.0/stm32cubeide/plugins/com.st.stm32cube.ide.mcu.externaltools.gnu-tools-for-stm32.7-2018-q2-update.win32_1.4.0.202007081208/tools/bin/../lib/gcc/arm-none-eabi/7.3.1/../../../../arm-none-eabi/lib/thumb/v7e-m/fpv4-sp/hard\libc_nano.a(lib_a-nano-vfprintf_i.o)
                0x000000000800b2e0                . = ALIGN (0x4)
 *fill*         0x000000000800b2df        0x1 

.rel.dyn        0x000000000800b2e0        0x0
 .rel.iplt      0x000000000800b2e0        0x0 c:/st/stm32cubeide_1.4.0/stm32cubeide/plugins/com.st.stm32cube.ide.mcu.externaltools.gnu-tools-for-stm32.7-2018-q2-update.win32_1.4.0.202007081208/tools/bin/../lib/gcc/arm-none-eabi/7.3.1/thumb/v7e-m/fpv4-sp/hard/crtbegin.o

.ARM.extab      0x000000000800b2e0        0x0
                0x000000000800b2e0                . = ALIGN (0x4)
 *(.ARM.extab* .gnu.linkonce.armextab.*)
                0x000000000800b2e0                . = ALIGN (0x4)

.ARM            0x000000000800b2e0        0x0
                0x000000000800b2e0                . = ALIGN (0x4)
                0x000000000800b2e0                __exidx_start = .
 *(.ARM.exidx*)
                0x000000000800b2e0                __exidx_end = .
                0x000000000800b2e0                . = ALIGN (0x4)

.preinit_array  0x000000000800b2e0        0x0
                0x000000000800b2e0                . = ALIGN (0x4)
                0x000000000800b2e0                PROVIDE (__preinit_array_start = .)
 *(.preinit_array*)
                0x000000000800b2e0                PROVIDE (__preinit_array_end = .)
                0x000000000800b2e0                . = ALIGN (0x4)

.init_array     0x000000000800b2e0        0x4
                0x000000000800b2e0                . = ALIGN (0x4)
                0x000000000800b2e0                PROVIDE (__init_array_start = .)
 *(SORT_BY_NAME(.init_array.*))
 *(.init_array*)
 .init_array    0x000000000800b2e0        0x4 c:/st/stm32cubeide_1.4.0/stm32cubeide/plugins/com.st.stm32cube.ide.mcu.externaltools.gnu-tools-for-stm32.7-2018-q2-update.win32_1.4.0.202007081208/tools/bin/../lib/gcc/arm-none-eabi/7.3.1/thumb/v7e-m/fpv4-sp/hard/crtbegin.o
                0x000000000800b2e4                PROVIDE (__init_array_end = .)
                0x000000000800b2e4                . = ALIGN (0x4)

.fini_array     0x000000000800b2e4        0x4
                0x000000000800b2e4                . = ALIGN (0x4)
                [!provide]                        PROVIDE (__fini_array_start = .)
 *(SORT_BY_NAME(.fini_array.*))
 *(.fini_array*)
 .fini_array    0x000000000800b2e4        0x4 c:/st/stm32cubeide_1.4.0/stm32cubeide/plugins/com.st.stm32cube.ide.mcu.externaltools.gnu-tools-for-stm32.7-2018-q2-update.win32_1.4.0.202007081208/tools/bin/../lib/gcc/arm-none-eabi/7.3.1/thumb/v7e-m/fpv4-sp/hard/crtbegin.o
                [!provide]                        PROVIDE (__fini_array_end = .)
                0x000000000800b2e8                . = ALIGN (0x4)
                0x000000000800b2e8                _sidata = LOADADDR (.data)

.data           0x0000000020000000       0x88 load address 0x000000000800b2e8
                0x0000000020000000                . = ALIGN (0x4)
                0x0000000020000000                _sdata = .
 *(.data)
 *(.data*)
 .data.Stat     0x0000000020000000        0x1 Core/Src/fatfs_sd_card.o
 *fill*         0x0000000020000001        0x3 
 .data.SystemCoreClock
                0x0000000020000004        0x4 Core/Src/system_stm32f3xx.o
                0x0000000020000004                SystemCoreClock
 .data.uwTickPrio
                0x0000000020000008        0x4 Drivers/STM32F3xx_HAL_Driver/Src/stm32f3xx_hal.o
                0x0000000020000008                uwTickPrio
 .data.uwTickFreq
                0x000000002000000c        0x1 Drivers/STM32F3xx_HAL_Driver/Src/stm32f3xx_hal.o
                0x000000002000000c                uwTickFreq
 *fill*         0x000000002000000d        0x3 
 .data.USER_Driver
                0x0000000020000010       0x14 FATFS/Target/user_diskio.o
                0x0000000020000010                USER_Driver
 .data._impure_ptr
                0x0000000020000024        0x4 c:/st/stm32cubeide_1.4.0/stm32cubeide/plugins/com.st.stm32cube.ide.mcu.externaltools.gnu-tools-for-stm32.7-2018-q2-update.win32_1.4.0.202007081208/tools/bin/../lib/gcc/arm-none-eabi/7.3.1/../../../../arm-none-eabi/lib/thumb/v7e-m/fpv4-sp/hard\libc_nano.a(lib_a-impure.o)
                0x0000000020000024                _impure_ptr
 .data.impure_data
                0x0000000020000028       0x60 c:/st/stm32cubeide_1.4.0/stm32cubeide/plugins/com.st.stm32cube.ide.mcu.externaltools.gnu-tools-for-stm32.7-2018-q2-update.win32_1.4.0.202007081208/tools/bin/../lib/gcc/arm-none-eabi/7.3.1/../../../../arm-none-eabi/lib/thumb/v7e-m/fpv4-sp/hard\libc_nano.a(lib_a-impure.o)
                0x0000000020000088                . = ALIGN (0x4)
                0x0000000020000088                _edata = .

.igot.plt       0x0000000020000088        0x0 load address 0x000000000800b370
 .igot.plt      0x0000000020000088        0x0 c:/st/stm32cubeide_1.4.0/stm32cubeide/plugins/com.st.stm32cube.ide.mcu.externaltools.gnu-tools-for-stm32.7-2018-q2-update.win32_1.4.0.202007081208/tools/bin/../lib/gcc/arm-none-eabi/7.3.1/thumb/v7e-m/fpv4-sp/hard/crtbegin.o
                0x0000000020000088                . = ALIGN (0x4)

.bss            0x0000000020000088     0x2440 load address 0x000000000800b370
                0x0000000020000088                _sbss = .
                0x0000000020000088                __bss_start__ = _sbss
 *(.bss)
 .bss           0x0000000020000088       0x1c c:/st/stm32cubeide_1.4.0/stm32cubeide/plugins/com.st.stm32cube.ide.mcu.externaltools.gnu-tools-for-stm32.7-2018-q2-update.win32_1.4.0.202007081208/tools/bin/../lib/gcc/arm-none-eabi/7.3.1/thumb/v7e-m/fpv4-sp/hard/crtbegin.o
 *(.bss*)
 .bss.CardType  0x00000000200000a4        0x1 Core/Src/fatfs_sd_card.o
 .bss.PowerFlag
                0x00000000200000a5        0x1 Core/Src/fatfs_sd_card.o
 *fill*         0x00000000200000a6        0x2 
 .bss.__sbrk_heap_end
                0x00000000200000a8        0x4 Core/Src/sysmem.o
 .bss.FatFs     0x00000000200000ac        0x4 Middlewares/Third_Party/FatFs/src/ff.o
 .bss.Fsid      0x00000000200000b0        0x2 Middlewares/Third_Party/FatFs/src/ff.o
 *fill*         0x00000000200000b2        0x2 
 .bss.Files     0x00000000200000b4       0x18 Middlewares/Third_Party/FatFs/src/ff.o
 .bss.LfnBuf    0x00000000200000cc      0x200 Middlewares/Third_Party/FatFs/src/ff.o
 .bss.disk      0x00000000200002cc        0xc Middlewares/Third_Party/FatFs/src/ff_gen_drv.o
                0x00000000200002cc                disk
 .bss.__malloc_free_list
                0x00000000200002d8        0x4 c:/st/stm32cubeide_1.4.0/stm32cubeide/plugins/com.st.stm32cube.ide.mcu.externaltools.gnu-tools-for-stm32.7-2018-q2-update.win32_1.4.0.202007081208/tools/bin/../lib/gcc/arm-none-eabi/7.3.1/../../../../arm-none-eabi/lib/thumb/v7e-m/fpv4-sp/hard\libc_nano.a(lib_a-nano-mallocr.o)
                0x00000000200002d8                __malloc_free_list
 .bss.__malloc_sbrk_start
                0x00000000200002dc        0x4 c:/st/stm32cubeide_1.4.0/stm32cubeide/plugins/com.st.stm32cube.ide.mcu.externaltools.gnu-tools-for-stm32.7-2018-q2-update.win32_1.4.0.202007081208/tools/bin/../lib/gcc/arm-none-eabi/7.3.1/../../../../arm-none-eabi/lib/thumb/v7e-m/fpv4-sp/hard\libc_nano.a(lib_a-nano-mallocr.o)
                0x00000000200002dc                __malloc_sbrk_start
 *(COMMON)
 COMMON         0x00000000200002e0       0x30 Core/Src/adc.o
                0x00000000200002e0                hadc1
 COMMON         0x0000000020000310       0x14 Core/Src/dac.o
                0x0000000020000310                hdac1
 COMMON         0x0000000020000324        0x4 Core/Src/fatfs_sd_card.o
                0x0000000020000324                Timer2
                0x0000000020000326                Timer1
 COMMON         0x0000000020000328       0x64 Core/Src/spi.o
                0x0000000020000328                hspi1
 COMMON         0x000000002000038c       0x4c Core/Src/tim.o
                0x000000002000038c                htim3
 COMMON         0x00000000200003d8       0x84 Core/Src/usart.o
                0x00000000200003d8                huart1
 COMMON         0x000000002000045c        0x4 Drivers/STM32F3xx_HAL_Driver/Src/stm32f3xx_hal.o
                0x000000002000045c                uwTick
 COMMON         0x0000000020000460     0x2064 FATFS/App/fatfs.o
                0x0000000020000460                USERPath
                0x0000000020000464                retUSER
                0x0000000020000468                USERFile
                0x0000000020001494                USERFatFS
 COMMON         0x00000000200024c4        0x4 c:/st/stm32cubeide_1.4.0/stm32cubeide/plugins/com.st.stm32cube.ide.mcu.externaltools.gnu-tools-for-stm32.7-2018-q2-update.win32_1.4.0.202007081208/tools/bin/../lib/gcc/arm-none-eabi/7.3.1/../../../../arm-none-eabi/lib/thumb/v7e-m/fpv4-sp/hard\libc_nano.a(lib_a-reent.o)
                0x00000000200024c4                errno
                0x00000000200024c8                . = ALIGN (0x4)
                0x00000000200024c8                _ebss = .
                0x00000000200024c8                __bss_end__ = _ebss

._user_heap_stack
                0x00000000200024c8      0x600 load address 0x000000000800b370
                0x00000000200024c8                . = ALIGN (0x8)
                [!provide]                        PROVIDE (end = .)
                0x00000000200024c8                PROVIDE (_end = .)
                0x00000000200026c8                . = (. + _Min_Heap_Size)
 *fill*         0x00000000200024c8      0x200 
                0x0000000020002ac8                . = (. + _Min_Stack_Size)
 *fill*         0x00000000200026c8      0x400 
                0x0000000020002ac8                . = ALIGN (0x8)

/DISCARD/
 libc.a(*)
 libm.a(*)
 libgcc.a(*)

.ARM.attributes
                0x0000000000000000       0x30
 *(.ARM.attributes)
 .ARM.attributes
                0x0000000000000000       0x22 c:/st/stm32cubeide_1.4.0/stm32cubeide/plugins/com.st.stm32cube.ide.mcu.externaltools.gnu-tools-for-stm32.7-2018-q2-update.win32_1.4.0.202007081208/tools/bin/../lib/gcc/arm-none-eabi/7.3.1/thumb/v7e-m/fpv4-sp/hard/crti.o
 .ARM.attributes
                0x0000000000000022       0x34 c:/st/stm32cubeide_1.4.0/stm32cubeide/plugins/com.st.stm32cube.ide.mcu.externaltools.gnu-tools-for-stm32.7-2018-q2-update.win32_1.4.0.202007081208/tools/bin/../lib/gcc/arm-none-eabi/7.3.1/thumb/v7e-m/fpv4-sp/hard/crtbegin.o
 .ARM.attributes
                0x0000000000000056       0x39 Core/Src/adc.o
 .ARM.attributes
                0x000000000000008f       0x39 Core/Src/dac.o
 .ARM.attributes
                0x00000000000000c8       0x39 Core/Src/fatfs_sd_card.o
 .ARM.attributes
                0x0000000000000101       0x39 Core/Src/gpio.o
 .ARM.attributes
                0x000000000000013a       0x39 Core/Src/main.o
 .ARM.attributes
                0x0000000000000173       0x39 Core/Src/spi.o
 .ARM.attributes
                0x00000000000001ac       0x39 Core/Src/stm32f3xx_hal_msp.o
 .ARM.attributes
                0x00000000000001e5       0x39 Core/Src/stm32f3xx_it.o
 .ARM.attributes
                0x000000000000021e       0x39 Core/Src/syscalls.o
 .ARM.attributes
                0x0000000000000257       0x39 Core/Src/sysmem.o
 .ARM.attributes
                0x0000000000000290       0x39 Core/Src/system_stm32f3xx.o
 .ARM.attributes
                0x00000000000002c9       0x39 Core/Src/tim.o
 .ARM.attributes
                0x0000000000000302       0x39 Core/Src/usart.o
 .ARM.attributes
                0x000000000000033b       0x21 Core/Startup/startup_stm32f373cctx.o
 .ARM.attributes
                0x000000000000035c       0x39 Drivers/STM32F3xx_HAL_Driver/Src/stm32f3xx_hal.o
 .ARM.attributes
                0x0000000000000395       0x39 Drivers/STM32F3xx_HAL_Driver/Src/stm32f3xx_hal_adc_ex.o
 .ARM.attributes
                0x00000000000003ce       0x39 Drivers/STM32F3xx_HAL_Driver/Src/stm32f3xx_hal_cortex.o
 .ARM.attributes
                0x0000000000000407       0x39 Drivers/STM32F3xx_HAL_Driver/Src/stm32f3xx_hal_dac.o
 .ARM.attributes
                0x0000000000000440       0x39 Drivers/STM32F3xx_HAL_Driver/Src/stm32f3xx_hal_dac_ex.o
 .ARM.attributes
                0x0000000000000479       0x39 Drivers/STM32F3xx_HAL_Driver/Src/stm32f3xx_hal_gpio.o
 .ARM.attributes
                0x00000000000004b2       0x39 Drivers/STM32F3xx_HAL_Driver/Src/stm32f3xx_hal_rcc.o
 .ARM.attributes
                0x00000000000004eb       0x39 Drivers/STM32F3xx_HAL_Driver/Src/stm32f3xx_hal_rcc_ex.o
 .ARM.attributes
                0x0000000000000524       0x39 Drivers/STM32F3xx_HAL_Driver/Src/stm32f3xx_hal_spi.o
 .ARM.attributes
                0x000000000000055d       0x39 Drivers/STM32F3xx_HAL_Driver/Src/stm32f3xx_hal_tim.o
 .ARM.attributes
                0x0000000000000596       0x39 Drivers/STM32F3xx_HAL_Driver/Src/stm32f3xx_hal_tim_ex.o
 .ARM.attributes
                0x00000000000005cf       0x39 Drivers/STM32F3xx_HAL_Driver/Src/stm32f3xx_hal_uart.o
 .ARM.attributes
                0x0000000000000608       0x39 FATFS/App/fatfs.o
 .ARM.attributes
                0x0000000000000641       0x39 FATFS/Target/user_diskio.o
 .ARM.attributes
                0x000000000000067a       0x39 Middlewares/Third_Party/FatFs/src/diskio.o
 .ARM.attributes
                0x00000000000006b3       0x39 Middlewares/Third_Party/FatFs/src/ff.o
 .ARM.attributes
                0x00000000000006ec       0x39 Middlewares/Third_Party/FatFs/src/ff_gen_drv.o
 .ARM.attributes
                0x0000000000000725       0x39 Middlewares/Third_Party/FatFs/src/option/ccsbcs.o
 .ARM.attributes
                0x000000000000075e       0x34 c:/st/stm32cubeide_1.4.0/stm32cubeide/plugins/com.st.stm32cube.ide.mcu.externaltools.gnu-tools-for-stm32.7-2018-q2-update.win32_1.4.0.202007081208/tools/bin/../lib/gcc/arm-none-eabi/7.3.1/../../../../arm-none-eabi/lib/thumb/v7e-m/fpv4-sp/hard\libc_nano.a(lib_a-errno.o)
 .ARM.attributes
                0x0000000000000792       0x34 c:/st/stm32cubeide_1.4.0/stm32cubeide/plugins/com.st.stm32cube.ide.mcu.externaltools.gnu-tools-for-stm32.7-2018-q2-update.win32_1.4.0.202007081208/tools/bin/../lib/gcc/arm-none-eabi/7.3.1/../../../../arm-none-eabi/lib/thumb/v7e-m/fpv4-sp/hard\libc_nano.a(lib_a-impure.o)
 .ARM.attributes
                0x00000000000007c6       0x34 c:/st/stm32cubeide_1.4.0/stm32cubeide/plugins/com.st.stm32cube.ide.mcu.externaltools.gnu-tools-for-stm32.7-2018-q2-update.win32_1.4.0.202007081208/tools/bin/../lib/gcc/arm-none-eabi/7.3.1/../../../../arm-none-eabi/lib/thumb/v7e-m/fpv4-sp/hard\libc_nano.a(lib_a-init.o)
 .ARM.attributes
                0x00000000000007fa       0x34 c:/st/stm32cubeide_1.4.0/stm32cubeide/plugins/com.st.stm32cube.ide.mcu.externaltools.gnu-tools-for-stm32.7-2018-q2-update.win32_1.4.0.202007081208/tools/bin/../lib/gcc/arm-none-eabi/7.3.1/../../../../arm-none-eabi/lib/thumb/v7e-m/fpv4-sp/hard\libc_nano.a(lib_a-memset.o)
 .ARM.attributes
                0x000000000000082e       0x34 c:/st/stm32cubeide_1.4.0/stm32cubeide/plugins/com.st.stm32cube.ide.mcu.externaltools.gnu-tools-for-stm32.7-2018-q2-update.win32_1.4.0.202007081208/tools/bin/../lib/gcc/arm-none-eabi/7.3.1/../../../../arm-none-eabi/lib/thumb/v7e-m/fpv4-sp/hard\libc_nano.a(lib_a-printf.o)
 .ARM.attributes
                0x0000000000000862       0x34 c:/st/stm32cubeide_1.4.0/stm32cubeide/plugins/com.st.stm32cube.ide.mcu.externaltools.gnu-tools-for-stm32.7-2018-q2-update.win32_1.4.0.202007081208/tools/bin/../lib/gcc/arm-none-eabi/7.3.1/../../../../arm-none-eabi/lib/thumb/v7e-m/fpv4-sp/hard\libc_nano.a(lib_a-puts.o)
 .ARM.attributes
                0x0000000000000896       0x34 c:/st/stm32cubeide_1.4.0/stm32cubeide/plugins/com.st.stm32cube.ide.mcu.externaltools.gnu-tools-for-stm32.7-2018-q2-update.win32_1.4.0.202007081208/tools/bin/../lib/gcc/arm-none-eabi/7.3.1/../../../../arm-none-eabi/lib/thumb/v7e-m/fpv4-sp/hard\libc_nano.a(lib_a-wbuf.o)
 .ARM.attributes
                0x00000000000008ca       0x34 c:/st/stm32cubeide_1.4.0/stm32cubeide/plugins/com.st.stm32cube.ide.mcu.externaltools.gnu-tools-for-stm32.7-2018-q2-update.win32_1.4.0.202007081208/tools/bin/../lib/gcc/arm-none-eabi/7.3.1/../../../../arm-none-eabi/lib/thumb/v7e-m/fpv4-sp/hard\libc_nano.a(lib_a-wsetup.o)
 .ARM.attributes
                0x00000000000008fe       0x34 c:/st/stm32cubeide_1.4.0/stm32cubeide/plugins/com.st.stm32cube.ide.mcu.externaltools.gnu-tools-for-stm32.7-2018-q2-update.win32_1.4.0.202007081208/tools/bin/../lib/gcc/arm-none-eabi/7.3.1/../../../../arm-none-eabi/lib/thumb/v7e-m/fpv4-sp/hard\libc_nano.a(lib_a-fflush.o)
 .ARM.attributes
                0x0000000000000932       0x34 c:/st/stm32cubeide_1.4.0/stm32cubeide/plugins/com.st.stm32cube.ide.mcu.externaltools.gnu-tools-for-stm32.7-2018-q2-update.win32_1.4.0.202007081208/tools/bin/../lib/gcc/arm-none-eabi/7.3.1/../../../../arm-none-eabi/lib/thumb/v7e-m/fpv4-sp/hard\libc_nano.a(lib_a-findfp.o)
 .ARM.attributes
                0x0000000000000966       0x34 c:/st/stm32cubeide_1.4.0/stm32cubeide/plugins/com.st.stm32cube.ide.mcu.externaltools.gnu-tools-for-stm32.7-2018-q2-update.win32_1.4.0.202007081208/tools/bin/../lib/gcc/arm-none-eabi/7.3.1/../../../../arm-none-eabi/lib/thumb/v7e-m/fpv4-sp/hard\libc_nano.a(lib_a-fwalk.o)
 .ARM.attributes
                0x000000000000099a       0x34 c:/st/stm32cubeide_1.4.0/stm32cubeide/plugins/com.st.stm32cube.ide.mcu.externaltools.gnu-tools-for-stm32.7-2018-q2-update.win32_1.4.0.202007081208/tools/bin/../lib/gcc/arm-none-eabi/7.3.1/../../../../arm-none-eabi/lib/thumb/v7e-m/fpv4-sp/hard\libc_nano.a(lib_a-makebuf.o)
 .ARM.attributes
                0x00000000000009ce       0x34 c:/st/stm32cubeide_1.4.0/stm32cubeide/plugins/com.st.stm32cube.ide.mcu.externaltools.gnu-tools-for-stm32.7-2018-q2-update.win32_1.4.0.202007081208/tools/bin/../lib/gcc/arm-none-eabi/7.3.1/../../../../arm-none-eabi/lib/thumb/v7e-m/fpv4-sp/hard\libc_nano.a(lib_a-nano-freer.o)
 .ARM.attributes
                0x0000000000000a02       0x34 c:/st/stm32cubeide_1.4.0/stm32cubeide/plugins/com.st.stm32cube.ide.mcu.externaltools.gnu-tools-for-stm32.7-2018-q2-update.win32_1.4.0.202007081208/tools/bin/../lib/gcc/arm-none-eabi/7.3.1/../../../../arm-none-eabi/lib/thumb/v7e-m/fpv4-sp/hard\libc_nano.a(lib_a-nano-mallocr.o)
 .ARM.attributes
                0x0000000000000a36       0x34 c:/st/stm32cubeide_1.4.0/stm32cubeide/plugins/com.st.stm32cube.ide.mcu.externaltools.gnu-tools-for-stm32.7-2018-q2-update.win32_1.4.0.202007081208/tools/bin/../lib/gcc/arm-none-eabi/7.3.1/../../../../arm-none-eabi/lib/thumb/v7e-m/fpv4-sp/hard\libc_nano.a(lib_a-nano-vfprintf.o)
 .ARM.attributes
                0x0000000000000a6a       0x34 c:/st/stm32cubeide_1.4.0/stm32cubeide/plugins/com.st.stm32cube.ide.mcu.externaltools.gnu-tools-for-stm32.7-2018-q2-update.win32_1.4.0.202007081208/tools/bin/../lib/gcc/arm-none-eabi/7.3.1/../../../../arm-none-eabi/lib/thumb/v7e-m/fpv4-sp/hard\libc_nano.a(lib_a-nano-vfprintf_i.o)
 .ARM.attributes
                0x0000000000000a9e       0x34 c:/st/stm32cubeide_1.4.0/stm32cubeide/plugins/com.st.stm32cube.ide.mcu.externaltools.gnu-tools-for-stm32.7-2018-q2-update.win32_1.4.0.202007081208/tools/bin/../lib/gcc/arm-none-eabi/7.3.1/../../../../arm-none-eabi/lib/thumb/v7e-m/fpv4-sp/hard\libc_nano.a(lib_a-sbrkr.o)
 .ARM.attributes
                0x0000000000000ad2       0x34 c:/st/stm32cubeide_1.4.0/stm32cubeide/plugins/com.st.stm32cube.ide.mcu.externaltools.gnu-tools-for-stm32.7-2018-q2-update.win32_1.4.0.202007081208/tools/bin/../lib/gcc/arm-none-eabi/7.3.1/../../../../arm-none-eabi/lib/thumb/v7e-m/fpv4-sp/hard\libc_nano.a(lib_a-stdio.o)
 .ARM.attributes
                0x0000000000000b06       0x34 c:/st/stm32cubeide_1.4.0/stm32cubeide/plugins/com.st.stm32cube.ide.mcu.externaltools.gnu-tools-for-stm32.7-2018-q2-update.win32_1.4.0.202007081208/tools/bin/../lib/gcc/arm-none-eabi/7.3.1/../../../../arm-none-eabi/lib/thumb/v7e-m/fpv4-sp/hard\libc_nano.a(lib_a-writer.o)
 .ARM.attributes
                0x0000000000000b3a       0x34 c:/st/stm32cubeide_1.4.0/stm32cubeide/plugins/com.st.stm32cube.ide.mcu.externaltools.gnu-tools-for-stm32.7-2018-q2-update.win32_1.4.0.202007081208/tools/bin/../lib/gcc/arm-none-eabi/7.3.1/../../../../arm-none-eabi/lib/thumb/v7e-m/fpv4-sp/hard\libc_nano.a(lib_a-closer.o)
 .ARM.attributes
                0x0000000000000b6e       0x34 c:/st/stm32cubeide_1.4.0/stm32cubeide/plugins/com.st.stm32cube.ide.mcu.externaltools.gnu-tools-for-stm32.7-2018-q2-update.win32_1.4.0.202007081208/tools/bin/../lib/gcc/arm-none-eabi/7.3.1/../../../../arm-none-eabi/lib/thumb/v7e-m/fpv4-sp/hard\libc_nano.a(lib_a-fstatr.o)
 .ARM.attributes
                0x0000000000000ba2       0x34 c:/st/stm32cubeide_1.4.0/stm32cubeide/plugins/com.st.stm32cube.ide.mcu.externaltools.gnu-tools-for-stm32.7-2018-q2-update.win32_1.4.0.202007081208/tools/bin/../lib/gcc/arm-none-eabi/7.3.1/../../../../arm-none-eabi/lib/thumb/v7e-m/fpv4-sp/hard\libc_nano.a(lib_a-isattyr.o)
 .ARM.attributes
                0x0000000000000bd6       0x34 c:/st/stm32cubeide_1.4.0/stm32cubeide/plugins/com.st.stm32cube.ide.mcu.externaltools.gnu-tools-for-stm32.7-2018-q2-update.win32_1.4.0.202007081208/tools/bin/../lib/gcc/arm-none-eabi/7.3.1/../../../../arm-none-eabi/lib/thumb/v7e-m/fpv4-sp/hard\libc_nano.a(lib_a-lseekr.o)
 .ARM.attributes
                0x0000000000000c0a       0x20 c:/st/stm32cubeide_1.4.0/stm32cubeide/plugins/com.st.stm32cube.ide.mcu.externaltools.gnu-tools-for-stm32.7-2018-q2-update.win32_1.4.0.202007081208/tools/bin/../lib/gcc/arm-none-eabi/7.3.1/../../../../arm-none-eabi/lib/thumb/v7e-m/fpv4-sp/hard\libc_nano.a(lib_a-memchr.o)
 .ARM.attributes
                0x0000000000000c2a       0x34 c:/st/stm32cubeide_1.4.0/stm32cubeide/plugins/com.st.stm32cube.ide.mcu.externaltools.gnu-tools-for-stm32.7-2018-q2-update.win32_1.4.0.202007081208/tools/bin/../lib/gcc/arm-none-eabi/7.3.1/../../../../arm-none-eabi/lib/thumb/v7e-m/fpv4-sp/hard\libc_nano.a(lib_a-mlock.o)
 .ARM.attributes
                0x0000000000000c5e       0x34 c:/st/stm32cubeide_1.4.0/stm32cubeide/plugins/com.st.stm32cube.ide.mcu.externaltools.gnu-tools-for-stm32.7-2018-q2-update.win32_1.4.0.202007081208/tools/bin/../lib/gcc/arm-none-eabi/7.3.1/../../../../arm-none-eabi/lib/thumb/v7e-m/fpv4-sp/hard\libc_nano.a(lib_a-readr.o)
 .ARM.attributes
                0x0000000000000c92       0x34 c:/st/stm32cubeide_1.4.0/stm32cubeide/plugins/com.st.stm32cube.ide.mcu.externaltools.gnu-tools-for-stm32.7-2018-q2-update.win32_1.4.0.202007081208/tools/bin/../lib/gcc/arm-none-eabi/7.3.1/../../../../arm-none-eabi/lib/thumb/v7e-m/fpv4-sp/hard\libc_nano.a(lib_a-reent.o)
 .ARM.attributes
                0x0000000000000cc6       0x22 c:/st/stm32cubeide_1.4.0/stm32cubeide/plugins/com.st.stm32cube.ide.mcu.externaltools.gnu-tools-for-stm32.7-2018-q2-update.win32_1.4.0.202007081208/tools/bin/../lib/gcc/arm-none-eabi/7.3.1/thumb/v7e-m/fpv4-sp/hard\libgcc.a(_arm_addsubdf3.o)
 .ARM.attributes
                0x0000000000000ce8       0x22 c:/st/stm32cubeide_1.4.0/stm32cubeide/plugins/com.st.stm32cube.ide.mcu.externaltools.gnu-tools-for-stm32.7-2018-q2-update.win32_1.4.0.202007081208/tools/bin/../lib/gcc/arm-none-eabi/7.3.1/thumb/v7e-m/fpv4-sp/hard\libgcc.a(_arm_muldivdf3.o)
 .ARM.attributes
                0x0000000000000d0a       0x22 c:/st/stm32cubeide_1.4.0/stm32cubeide/plugins/com.st.stm32cube.ide.mcu.externaltools.gnu-tools-for-stm32.7-2018-q2-update.win32_1.4.0.202007081208/tools/bin/../lib/gcc/arm-none-eabi/7.3.1/thumb/v7e-m/fpv4-sp/hard\libgcc.a(_arm_fixunsdfsi.o)
 .ARM.attributes
                0x0000000000000d2c       0x22 c:/st/stm32cubeide_1.4.0/stm32cubeide/plugins/com.st.stm32cube.ide.mcu.externaltools.gnu-tools-for-stm32.7-2018-q2-update.win32_1.4.0.202007081208/tools/bin/../lib/gcc/arm-none-eabi/7.3.1/thumb/v7e-m/fpv4-sp/hard/crtn.o
OUTPUT(Voice-recording-system-with-STM32.elf elf32-littlearm)

.debug_info     0x0000000000000000    0x1b9b9
 .debug_info    0x0000000000000000      0x879 Core/Src/adc.o
 .debug_info    0x0000000000000879      0xa05 Core/Src/dac.o
 .debug_info    0x000000000000127e      0xc10 Core/Src/fatfs_sd_card.o
 .debug_info    0x0000000000001e8e      0x407 Core/Src/gpio.o
 .debug_info    0x0000000000002295     0x1fee Core/Src/main.o
 .debug_info    0x0000000000004283      0x8d2 Core/Src/spi.o
 .debug_info    0x0000000000004b55      0x278 Core/Src/stm32f3xx_hal_msp.o
 .debug_info    0x0000000000004dcd      0x5cc Core/Src/stm32f3xx_it.o
 .debug_info    0x0000000000005399      0xebd Core/Src/syscalls.o
 .debug_info    0x0000000000006256      0x985 Core/Src/sysmem.o
 .debug_info    0x0000000000006bdb      0x45c Core/Src/system_stm32f3xx.o
 .debug_info    0x0000000000007037      0x8a6 Core/Src/tim.o
 .debug_info    0x00000000000078dd      0x933 Core/Src/usart.o
 .debug_info    0x0000000000008210       0x22 Core/Startup/startup_stm32f373cctx.o
 .debug_info    0x0000000000008232      0x7d6 Drivers/STM32F3xx_HAL_Driver/Src/stm32f3xx_hal.o
 .debug_info    0x0000000000008a08      0xf54 Drivers/STM32F3xx_HAL_Driver/Src/stm32f3xx_hal_adc_ex.o
 .debug_info    0x000000000000995c      0xd8d Drivers/STM32F3xx_HAL_Driver/Src/stm32f3xx_hal_cortex.o
 .debug_info    0x000000000000a6e9      0x8fb Drivers/STM32F3xx_HAL_Driver/Src/stm32f3xx_hal_dac.o
 .debug_info    0x000000000000afe4      0xa45 Drivers/STM32F3xx_HAL_Driver/Src/stm32f3xx_hal_dac_ex.o
 .debug_info    0x000000000000ba29      0x6a3 Drivers/STM32F3xx_HAL_Driver/Src/stm32f3xx_hal_gpio.o
 .debug_info    0x000000000000c0cc     0x180f Drivers/STM32F3xx_HAL_Driver/Src/stm32f3xx_hal_rcc.o
 .debug_info    0x000000000000d8db      0x661 Drivers/STM32F3xx_HAL_Driver/Src/stm32f3xx_hal_rcc_ex.o
 .debug_info    0x000000000000df3c     0x16a8 Drivers/STM32F3xx_HAL_Driver/Src/stm32f3xx_hal_spi.o
 .debug_info    0x000000000000f5e4     0x2983 Drivers/STM32F3xx_HAL_Driver/Src/stm32f3xx_hal_tim.o
 .debug_info    0x0000000000011f67     0x143b Drivers/STM32F3xx_HAL_Driver/Src/stm32f3xx_hal_tim_ex.o
 .debug_info    0x00000000000133a2     0x3eee Drivers/STM32F3xx_HAL_Driver/Src/stm32f3xx_hal_uart.o
 .debug_info    0x0000000000017290      0x5a7 FATFS/App/fatfs.o
 .debug_info    0x0000000000017837     0x10d2 FATFS/Target/user_diskio.o
 .debug_info    0x0000000000018909      0x4c6 Middlewares/Third_Party/FatFs/src/diskio.o
 .debug_info    0x0000000000018dcf     0x2518 Middlewares/Third_Party/FatFs/src/ff.o
 .debug_info    0x000000000001b2e7      0x464 Middlewares/Third_Party/FatFs/src/ff_gen_drv.o
 .debug_info    0x000000000001b74b      0x26e Middlewares/Third_Party/FatFs/src/option/ccsbcs.o

.debug_abbrev   0x0000000000000000     0x3a2d
 .debug_abbrev  0x0000000000000000      0x199 Core/Src/adc.o
 .debug_abbrev  0x0000000000000199      0x1a2 Core/Src/dac.o
 .debug_abbrev  0x000000000000033b      0x284 Core/Src/fatfs_sd_card.o
 .debug_abbrev  0x00000000000005bf      0x134 Core/Src/gpio.o
 .debug_abbrev  0x00000000000006f3      0x2dd Core/Src/main.o
 .debug_abbrev  0x00000000000009d0      0x199 Core/Src/spi.o
 .debug_abbrev  0x0000000000000b69      0x109 Core/Src/stm32f3xx_hal_msp.o
 .debug_abbrev  0x0000000000000c72      0x149 Core/Src/stm32f3xx_it.o
 .debug_abbrev  0x0000000000000dbb      0x261 Core/Src/syscalls.o
 .debug_abbrev  0x000000000000101c      0x19b Core/Src/sysmem.o
 .debug_abbrev  0x00000000000011b7      0x12b Core/Src/system_stm32f3xx.o
 .debug_abbrev  0x00000000000012e2      0x190 Core/Src/tim.o
 .debug_abbrev  0x0000000000001472      0x199 Core/Src/usart.o
 .debug_abbrev  0x000000000000160b       0x12 Core/Startup/startup_stm32f373cctx.o
 .debug_abbrev  0x000000000000161d      0x1c7 Drivers/STM32F3xx_HAL_Driver/Src/stm32f3xx_hal.o
 .debug_abbrev  0x00000000000017e4      0x207 Drivers/STM32F3xx_HAL_Driver/Src/stm32f3xx_hal_adc_ex.o
 .debug_abbrev  0x00000000000019eb      0x2fa Drivers/STM32F3xx_HAL_Driver/Src/stm32f3xx_hal_cortex.o
 .debug_abbrev  0x0000000000001ce5      0x1a3 Drivers/STM32F3xx_HAL_Driver/Src/stm32f3xx_hal_dac.o
 .debug_abbrev  0x0000000000001e88      0x22d Drivers/STM32F3xx_HAL_Driver/Src/stm32f3xx_hal_dac_ex.o
 .debug_abbrev  0x00000000000020b5      0x1c0 Drivers/STM32F3xx_HAL_Driver/Src/stm32f3xx_hal_gpio.o
 .debug_abbrev  0x0000000000002275      0x28c Drivers/STM32F3xx_HAL_Driver/Src/stm32f3xx_hal_rcc.o
 .debug_abbrev  0x0000000000002501      0x219 Drivers/STM32F3xx_HAL_Driver/Src/stm32f3xx_hal_rcc_ex.o
 .debug_abbrev  0x000000000000271a      0x228 Drivers/STM32F3xx_HAL_Driver/Src/stm32f3xx_hal_spi.o
 .debug_abbrev  0x0000000000002942      0x230 Drivers/STM32F3xx_HAL_Driver/Src/stm32f3xx_hal_tim.o
 .debug_abbrev  0x0000000000002b72      0x236 Drivers/STM32F3xx_HAL_Driver/Src/stm32f3xx_hal_tim_ex.o
 .debug_abbrev  0x0000000000002da8      0x27f Drivers/STM32F3xx_HAL_Driver/Src/stm32f3xx_hal_uart.o
 .debug_abbrev  0x0000000000003027      0x17d FATFS/App/fatfs.o
 .debug_abbrev  0x00000000000031a4      0x1fe FATFS/Target/user_diskio.o
 .debug_abbrev  0x00000000000033a2      0x16f Middlewares/Third_Party/FatFs/src/diskio.o
 .debug_abbrev  0x0000000000003511      0x278 Middlewares/Third_Party/FatFs/src/ff.o
 .debug_abbrev  0x0000000000003789      0x19c Middlewares/Third_Party/FatFs/src/ff_gen_drv.o
 .debug_abbrev  0x0000000000003925      0x108 Middlewares/Third_Party/FatFs/src/option/ccsbcs.o

.debug_aranges  0x0000000000000000     0x1568
 .debug_aranges
                0x0000000000000000       0x30 Core/Src/adc.o
 .debug_aranges
                0x0000000000000030       0x30 Core/Src/dac.o
 .debug_aranges
                0x0000000000000060       0xa8 Core/Src/fatfs_sd_card.o
 .debug_aranges
                0x0000000000000108       0x20 Core/Src/gpio.o
 .debug_aranges
                0x0000000000000128       0x48 Core/Src/main.o
 .debug_aranges
                0x0000000000000170       0x30 Core/Src/spi.o
 .debug_aranges
                0x00000000000001a0       0x20 Core/Src/stm32f3xx_hal_msp.o
 .debug_aranges
                0x00000000000001c0       0x68 Core/Src/stm32f3xx_it.o
 .debug_aranges
                0x0000000000000228       0xa8 Core/Src/syscalls.o
 .debug_aranges
                0x00000000000002d0       0x20 Core/Src/sysmem.o
 .debug_aranges
                0x00000000000002f0       0x28 Core/Src/system_stm32f3xx.o
 .debug_aranges
                0x0000000000000318       0x30 Core/Src/tim.o
 .debug_aranges
                0x0000000000000348       0x30 Core/Src/usart.o
 .debug_aranges
                0x0000000000000378       0x28 Core/Startup/startup_stm32f373cctx.o
 .debug_aranges
                0x00000000000003a0       0xe0 Drivers/STM32F3xx_HAL_Driver/Src/stm32f3xx_hal.o
 .debug_aranges
                0x0000000000000480       0xf8 Drivers/STM32F3xx_HAL_Driver/Src/stm32f3xx_hal_adc_ex.o
 .debug_aranges
                0x0000000000000578      0x118 Drivers/STM32F3xx_HAL_Driver/Src/stm32f3xx_hal_cortex.o
 .debug_aranges
                0x0000000000000690       0xa8 Drivers/STM32F3xx_HAL_Driver/Src/stm32f3xx_hal_dac.o
 .debug_aranges
                0x0000000000000738       0xb8 Drivers/STM32F3xx_HAL_Driver/Src/stm32f3xx_hal_dac_ex.o
 .debug_aranges
                0x00000000000007f0       0x58 Drivers/STM32F3xx_HAL_Driver/Src/stm32f3xx_hal_gpio.o
 .debug_aranges
                0x0000000000000848       0x88 Drivers/STM32F3xx_HAL_Driver/Src/stm32f3xx_hal_rcc.o
 .debug_aranges
                0x00000000000008d0       0x38 Drivers/STM32F3xx_HAL_Driver/Src/stm32f3xx_hal_rcc_ex.o
 .debug_aranges
                0x0000000000000908      0x1d8 Drivers/STM32F3xx_HAL_Driver/Src/stm32f3xx_hal_spi.o
 .debug_aranges
                0x0000000000000ae0      0x3d0 Drivers/STM32F3xx_HAL_Driver/Src/stm32f3xx_hal_tim.o
 .debug_aranges
                0x0000000000000eb0      0x168 Drivers/STM32F3xx_HAL_Driver/Src/stm32f3xx_hal_tim_ex.o
 .debug_aranges
                0x0000000000001018      0x228 Drivers/STM32F3xx_HAL_Driver/Src/stm32f3xx_hal_uart.o
 .debug_aranges
                0x0000000000001240       0x28 FATFS/App/fatfs.o
 .debug_aranges
                0x0000000000001268       0x40 FATFS/Target/user_diskio.o
 .debug_aranges
                0x00000000000012a8       0x48 Middlewares/Third_Party/FatFs/src/diskio.o
 .debug_aranges
                0x00000000000012f0      0x210 Middlewares/Third_Party/FatFs/src/ff.o
 .debug_aranges
                0x0000000000001500       0x40 Middlewares/Third_Party/FatFs/src/ff_gen_drv.o
 .debug_aranges
                0x0000000000001540       0x28 Middlewares/Third_Party/FatFs/src/option/ccsbcs.o

.debug_ranges   0x0000000000000000     0x13a0
 .debug_ranges  0x0000000000000000       0x20 Core/Src/adc.o
 .debug_ranges  0x0000000000000020       0x20 Core/Src/dac.o
 .debug_ranges  0x0000000000000040       0x98 Core/Src/fatfs_sd_card.o
 .debug_ranges  0x00000000000000d8       0x10 Core/Src/gpio.o
 .debug_ranges  0x00000000000000e8       0x38 Core/Src/main.o
 .debug_ranges  0x0000000000000120       0x20 Core/Src/spi.o
 .debug_ranges  0x0000000000000140       0x10 Core/Src/stm32f3xx_hal_msp.o
 .debug_ranges  0x0000000000000150       0x58 Core/Src/stm32f3xx_it.o
 .debug_ranges  0x00000000000001a8       0x98 Core/Src/syscalls.o
 .debug_ranges  0x0000000000000240       0x10 Core/Src/sysmem.o
 .debug_ranges  0x0000000000000250       0x18 Core/Src/system_stm32f3xx.o
 .debug_ranges  0x0000000000000268       0x20 Core/Src/tim.o
 .debug_ranges  0x0000000000000288       0x20 Core/Src/usart.o
 .debug_ranges  0x00000000000002a8       0x20 Core/Startup/startup_stm32f373cctx.o
 .debug_ranges  0x00000000000002c8       0xd0 Drivers/STM32F3xx_HAL_Driver/Src/stm32f3xx_hal.o
 .debug_ranges  0x0000000000000398       0xe8 Drivers/STM32F3xx_HAL_Driver/Src/stm32f3xx_hal_adc_ex.o