Archive member included to satisfy reference by file (symbol)

c:/st/stm32cubeide_1.4.0/stm32cubeide/plugins/com.st.stm32cube.ide.mcu.externaltools.gnu-tools-for-stm32.7-2018-q2-update.win32_1.4.0.202007081208/tools/bin/../lib/gcc/arm-none-eabi/7.3.1/../../../../arm-none-eabi/lib/thumb/v7e-m/fpv4-sp/hard\libc_nano.a(lib_a-atoi.o)
                              Core/Src/sd_functions.o (atoi)
c:/st/stm32cubeide_1.4.0/stm32cubeide/plugins/com.st.stm32cube.ide.mcu.externaltools.gnu-tools-for-stm32.7-2018-q2-update.win32_1.4.0.202007081208/tools/bin/../lib/gcc/arm-none-eabi/7.3.1/../../../../arm-none-eabi/lib/thumb/v7e-m/fpv4-sp/hard\libc_nano.a(lib_a-errno.o)
                              Core/Src/syscalls.o (__errno)
c:/st/stm32cubeide_1.4.0/stm32cubeide/plugins/com.st.stm32cube.ide.mcu.externaltools.gnu-tools-for-stm32.7-2018-q2-update.win32_1.4.0.202007081208/tools/bin/../lib/gcc/arm-none-eabi/7.3.1/../../../../arm-none-eabi/lib/thumb/v7e-m/fpv4-sp/hard\libc_nano.a(lib_a-exit.o)
                              c:/st/stm32cubeide_1.4.0/stm32cubeide/plugins/com.st.stm32cube.ide.mcu.externaltools.gnu-tools-for-stm32.7-2018-q2-update.win32_1.4.0.202007081208/tools/bin/../lib/gcc/arm-none-eabi/7.3.1/../../../../arm-none-eabi/lib/thumb/v7e-m/fpv4-sp/hard/crt0.o (exit)
c:/st/stm32cubeide_1.4.0/stm32cubeide/plugins/com.st.stm32cube.ide.mcu.externaltools.gnu-tools-for-stm32.7-2018-q2-update.win32_1.4.0.202007081208/tools/bin/../lib/gcc/arm-none-eabi/7.3.1/../../../../arm-none-eabi/lib/thumb/v7e-m/fpv4-sp/hard\libc_nano.a(lib_a-impure.o)
                              c:/st/stm32cubeide_1.4.0/stm32cubeide/plugins/com.st.stm32cube.ide.mcu.externaltools.gnu-tools-for-stm32.7-2018-q2-update.win32_1.4.0.202007081208/tools/bin/../lib/gcc/arm-none-eabi/7.3.1/../../../../arm-none-eabi/lib/thumb/v7e-m/fpv4-sp/hard\libc_nano.a(lib_a-exit.o) (_global_impure_ptr)
c:/st/stm32cubeide_1.4.0/stm32cubeide/plugins/com.st.stm32cube.ide.mcu.externaltools.gnu-tools-for-stm32.7-2018-q2-update.win32_1.4.0.202007081208/tools/bin/../lib/gcc/arm-none-eabi/7.3.1/../../../../arm-none-eabi/lib/thumb/v7e-m/fpv4-sp/hard\libc_nano.a(lib_a-init.o)
                              c:/st/stm32cubeide_1.4.0/stm32cubeide/plugins/com.st.stm32cube.ide.mcu.externaltools.gnu-tools-for-stm32.7-2018-q2-update.win32_1.4.0.202007081208/tools/bin/../lib/gcc/arm-none-eabi/7.3.1/../../../../arm-none-eabi/lib/thumb/v7e-m/fpv4-sp/hard/crt0.o (__libc_init_array)
c:/st/stm32cubeide_1.4.0/stm32cubeide/plugins/com.st.stm32cube.ide.mcu.externaltools.gnu-tools-for-stm32.7-2018-q2-update.win32_1.4.0.202007081208/tools/bin/../lib/gcc/arm-none-eabi/7.3.1/../../../../arm-none-eabi/lib/thumb/v7e-m/fpv4-sp/hard\libc_nano.a(lib_a-malloc.o)
                              Middlewares/Third_Party/FatFs/src/option/syscall.o (malloc)
c:/st/stm32cubeide_1.4.0/stm32cubeide/plugins/com.st.stm32cube.ide.mcu.externaltools.gnu-tools-for-stm32.7-2018-q2-update.win32_1.4.0.202007081208/tools/bin/../lib/gcc/arm-none-eabi/7.3.1/../../../../arm-none-eabi/lib/thumb/v7e-m/fpv4-sp/hard\libc_nano.a(lib_a-memset.o)
                              c:/st/stm32cubeide_1.4.0/stm32cubeide/plugins/com.st.stm32cube.ide.mcu.externaltools.gnu-tools-for-stm32.7-2018-q2-update.win32_1.4.0.202007081208/tools/bin/../lib/gcc/arm-none-eabi/7.3.1/../../../../arm-none-eabi/lib/thumb/v7e-m/fpv4-sp/hard/crt0.o (memset)
c:/st/stm32cubeide_1.4.0/stm32cubeide/plugins/com.st.stm32cube.ide.mcu.externaltools.gnu-tools-for-stm32.7-2018-q2-update.win32_1.4.0.202007081208/tools/bin/../lib/gcc/arm-none-eabi/7.3.1/../../../../arm-none-eabi/lib/thumb/v7e-m/fpv4-sp/hard\libc_nano.a(lib_a-nano-freer.o)
                              c:/st/stm32cubeide_1.4.0/stm32cubeide/plugins/com.st.stm32cube.ide.mcu.externaltools.gnu-tools-for-stm32.7-2018-q2-update.win32_1.4.0.202007081208/tools/bin/../lib/gcc/arm-none-eabi/7.3.1/../../../../arm-none-eabi/lib/thumb/v7e-m/fpv4-sp/hard\libc_nano.a(lib_a-malloc.o) (_free_r)
c:/st/stm32cubeide_1.4.0/stm32cubeide/plugins/com.st.stm32cube.ide.mcu.externaltools.gnu-tools-for-stm32.7-2018-q2-update.win32_1.4.0.202007081208/tools/bin/../lib/gcc/arm-none-eabi/7.3.1/../../../../arm-none-eabi/lib/thumb/v7e-m/fpv4-sp/hard\libc_nano.a(lib_a-nano-mallocr.o)
                              c:/st/stm32cubeide_1.4.0/stm32cubeide/plugins/com.st.stm32cube.ide.mcu.externaltools.gnu-tools-for-stm32.7-2018-q2-update.win32_1.4.0.202007081208/tools/bin/../lib/gcc/arm-none-eabi/7.3.1/../../../../arm-none-eabi/lib/thumb/v7e-m/fpv4-sp/hard\libc_nano.a(lib_a-malloc.o) (_malloc_r)
c:/st/stm32cubeide_1.4.0/stm32cubeide/plugins/com.st.stm32cube.ide.mcu.externaltools.gnu-tools-for-stm32.7-2018-q2-update.win32_1.4.0.202007081208/tools/bin/../lib/gcc/arm-none-eabi/7.3.1/../../../../arm-none-eabi/lib/thumb/v7e-m/fpv4-sp/hard\libc_nano.a(lib_a-printf.o)
                              Core/Src/sd_benchmark.o (printf)
[...]
Memory Configuration

Name             Origin             Length             Attributes
RAM              0x0000000020000000 0x0000000000008000 xrw
FLASH            0x0000000008000000 0x0000000000040000 xr
*default*        0x0000000000000000 0xffffffffffffffff

Linker script and memory map

LOAD c:/st/stm32cubeide_1.4.0/stm32cubeide/plugins/com.st.stm32cube.ide.mcu.externaltools.gnu-tools-for-stm32.7-2018-q2-update.win32_1.4.0.202007081208/tools/bin/../lib/gcc/arm-none-eabi/7.3.1/thumb/v7e-m/fpv4-sp/hard/crti.o
LOAD c:/st/stm32cubeide_1.4.0/stm32cubeide/plugins/com.st.stm32cube.ide.mcu.externaltools.gnu-tools-for-stm32.7-2018-q2-update.win32_1.4.0.202007081208/tools/bin/../lib/gcc/arm-none-eabi/7.3.1/thumb/v7e-m/fpv4-sp/hard/crtbegin.o
LOAD c:/st/stm32cubeide_1.4.0/stm32cubeide/plugins/com.st.stm32cube.ide.mcu.externaltools.gnu-tools-for-stm32.7-2018-q2-update.win32_1.4.0.202007081208/tools/bin/../lib/gcc/arm-none-eabi/7.3.1/../../../../arm-none-eabi/lib/thumb/v7e-m/fpv4-sp/hard/crt0.o
LOAD Core/Src/gpio.o
LOAD Core/Src/main.o
LOAD Core/Src/sd_benchmark.o
LOAD Core/Src/sd_diskio_spi.o
LOAD Core/Src/sd_functions.o
LOAD Core/Src/sd_spi.o
LOAD Core/Src/spi.o
LOAD Core/Src/stm32f3xx_hal_msp.o
LOAD Core/Src/stm32f3xx_it.o
LOAD Core/Src/syscalls.o
LOAD Core/Src/sysmem.o
LOAD Core/Src/system_stm32f3xx.o
LOAD Core/Src/usart.o
LOAD Core/Startup/startup_stm32f373cctx.o
LOAD Drivers/STM32F3xx_HAL_Driver/Src/stm32f3xx_hal.o
LOAD Drivers/STM32F3xx_HAL_Driver/Src/stm32f3xx_hal_cortex.o
LOAD Drivers/STM32F3xx_HAL_Driver/Src/stm32f3xx_hal_dma.o
LOAD Drivers/STM32F3xx_HAL_Driver/Src/stm32f3xx_hal_exti.o
LOAD Drivers/STM32F3xx_HAL_Driver/Src/stm32f3xx_hal_flash.o
LOAD Drivers/STM32F3xx_HAL_Driver/Src/stm32f3xx_hal_flash_ex.o
LOAD Drivers/STM32F3xx_HAL_Driver/Src/stm32f3xx_hal_gpio.o
LOAD Drivers/STM32F3xx_HAL_Driver/Src/stm32f3xx_hal_i2c.o
LOAD Drivers/STM32F3xx_HAL_Driver/Src/stm32f3xx_hal_i2c_ex.o
LOAD Drivers/STM32F3xx_HAL_Driver/Src/stm32f3xx_hal_pwr.o
LOAD Drivers/STM32F3xx_HAL_Driver/Src/stm32f3xx_hal_pwr_ex.o
LOAD Drivers/STM32F3xx_HAL_Driver/Src/stm32f3xx_hal_rcc.o
LOAD Drivers/STM32F3xx_HAL_Driver/Src/stm32f3xx_hal_rcc_ex.o
LOAD Drivers/STM32F3xx_HAL_Driver/Src/stm32f3xx_hal_spi.o
LOAD Drivers/STM32F3xx_HAL_Driver/Src/stm32f3xx_hal_spi_ex.o
LOAD Drivers/STM32F3xx_HAL_Driver/Src/stm32f3xx_hal_tim.o
LOAD Drivers/STM32F3xx_HAL_Driver/Src/stm32f3xx_hal_tim_ex.o
LOAD Drivers/STM32F3xx_HAL_Driver/Src/stm32f3xx_hal_uart.o
LOAD Drivers/STM32F3xx_HAL_Driver/Src/stm32f3xx_hal_uart_ex.o
LOAD FATFS/App/fatfs.o
LOAD FATFS/Target/user_diskio.o
LOAD Middlewares/Third_Party/FatFs/src/diskio.o
LOAD Middlewares/Third_Party/FatFs/src/ff.o
LOAD Middlewares/Third_Party/FatFs/src/ff_gen_drv.o
LOAD Middlewares/Third_Party/FatFs/src/option/ccsbcs.o
LOAD Middlewares/Third_Party/FatFs/src/option/syscall.o
START GROUP
LOAD c:/st/stm32cubeide_1.4.0/stm32cubeide/plugins/com.st.stm32cube.ide.mcu.externaltools.gnu-tools-for-stm32.7-2018-q2-update.win32_1.4.0.202007081208/tools/bin/../lib/gcc/arm-none-eabi/7.3.1/../../../../arm-none-eabi/lib/thumb/v7e-m/fpv4-sp/hard\libc_nano.a
LOAD c:/st/stm32cubeide_1.4.0/stm32cubeide/plugins/com.st.stm32cube.ide.mcu.externaltools.gnu-tools-for-stm32.7-2018-q2-update.win32_1.4.0.202007081208/tools/bin/../lib/gcc/arm-none-eabi/7.3.1/../../../../arm-none-eabi/lib/thumb/v7e-m/fpv4-sp/hard\libm.a
END GROUP
START GROUP
LOAD c:/st/stm32cubeide_1.4.0/stm32cubeide/plugins/com.st.stm32cube.ide.mcu.externaltools.gnu-tools-for-stm32.7-2018-q2-update.win32_1.4.0.202007081208/tools/bin/../lib/gcc/arm-none-eabi/7.3.1/thumb/v7e-m/fpv4-sp/hard\libgcc.a
LOAD c:/st/stm32cubeide_1.4.0/stm32cubeide/plugins/com.st.stm32cube.ide.mcu.externaltools.gnu-tools-for-stm32.7-2018-q2-update.win32_1.4.0.202007081208/tools/bin/../lib/gcc/arm-none-eabi/7.3.1/../../../../arm-none-eabi/lib/thumb/v7e-m/fpv4-sp/hard\libc_nano.a
END GROUP
START GROUP
LOAD c:/st/stm32cubeide_1.4.0/stm32cubeide/plugins/com.st.stm32cube.ide.mcu.externaltools.gnu-tools-for-stm32.7-2018-q2-update.win32_1.4.0.202007081208/tools/bin/../lib/gcc/arm-none-eabi/7.3.1/thumb/v7e-m/fpv4-sp/hard\libgcc.a
LOAD c:/st/stm32cubeide_1.4.0/stm32cubeide/plugins/com.st.stm32cube.ide.mcu.externaltools.gnu-tools-for-stm32.7-2018-q2-update.win32_1.4.0.202007081208/tools/bin/../lib/gcc/arm-none-eabi/7.3.1/../../../../arm-none-eabi/lib/thumb/v7e-m/fpv4-sp/hard\libc_nano.a
LOAD c:/st/stm32cubeide_1.4.0/stm32cubeide/plugins/com.st.stm32cube.ide.mcu.externaltools.gnu-tools-for-stm32.7-2018-q2-update.win32_1.4.0.202007081208/tools/bin/../lib/gcc/arm-none-eabi/7.3.1/../../../../arm-none-eabi/lib/thumb/v7e-m/fpv4-sp/hard\libnosys.a
END GROUP
START GROUP
LOAD c:/st/stm32cubeide_1.4.0/stm32cubeide/plugins/com.st.stm32cube.ide.mcu.externaltools.gnu-tools-for-stm32.7-2018-q2-update.win32_1.4.0.202007081208/tools/bin/../lib/gcc/arm-none-eabi/7.3.1/thumb/v7e-m/fpv4-sp/hard\libgcc.a
LOAD c:/st/stm32cubeide_1.4.0/stm32cubeide/plugins/com.st.stm32cube.ide.mcu.externaltools.gnu-tools-for-stm32.7-2018-q2-update.win32_1.4.0.202007081208/tools/bin/../lib/gcc/arm-none-eabi/7.3.1/../../../../arm-none-eabi/lib/thumb/v7e-m/fpv4-sp/hard\libc_nano.a
LOAD c:/st/stm32cubeide_1.4.0/stm32cubeide/plugins/com.st.stm32cube.ide.mcu.externaltools.gnu-tools-for-stm32.7-2018-q2-update.win32_1.4.0.202007081208/tools/bin/../lib/gcc/arm-none-eabi/7.3.1/../../../../arm-none-eabi/lib/thumb/v7e-m/fpv4-sp/hard\libnosys.a
END GROUP
LOAD c:/st/stm32cubeide_1.4.0/stm32cubeide/plugins/com.st.stm32cube.ide.mcu.externaltools.gnu-tools-for-stm32.7-2018-q2-update.win32_1.4.0.202007081208/tools/bin/../lib/gcc/arm-none-eabi/7.3.1/thumb/v7e-m/fpv4-sp/hard/crtend.o
LOAD c:/st/stm32cubeide_1.4.0/stm32cubeide/plugins/com.st.stm32cube.ide.mcu.externaltools.gnu-tools-for-stm32.7-2018-q2-update.win32_1.4.0.202007081208/tools/bin/../lib/gcc/arm-none-eabi/7.3.1/thumb/v7e-m/fpv4-sp/hard/crtn.o
                0x0000000020008000                _estack = (ORIGIN (RAM) + LENGTH (RAM))
                0x0000000000000200                _Min_Heap_Size = 0x200
                0x0000000000000400                _Min_Stack_Size = 0x400

.isr_vector     0x0000000008000000      0x188
                0x0000000008000000                . = ALIGN (0x4)
 *(.isr_vector)
 .isr_vector    0x0000000008000000      0x188 Core/Startup/startup_stm32f373cctx.o
                0x0000000008000000                g_pfnVectors
                0x0000000008000188                . = ALIGN (0x4)

.text           0x0000000008000190     0x7964
                0x0000000008000190                . = ALIGN (0x4)
 *(.text)
 .text          0x0000000008000190       0x40 c:/st/stm32cubeide_1.4.0/stm32cubeide/plugins/com.st.stm32cube.ide.mcu.externaltools.gnu-tools-for-stm32.7-2018-q2-update.win32_1.4.0.202007081208/tools/bin/../lib/gcc/arm-none-eabi/7.3.1/thumb/v7e-m/fpv4-sp/hard/crtbegin.o
 .text          0x00000000080001d0       0x14 c:/st/stm32cubeide_1.4.0/stm32cubeide/plugins/com.st.stm32cube.ide.mcu.externaltools.gnu-tools-for-stm32.7-2018-q2-update.win32_1.4.0.202007081208/tools/bin/../lib/gcc/arm-none-eabi/7.3.1/../../../../arm-none-eabi/lib/thumb/v7e-m/fpv4-sp/hard\libc_nano.a(lib_a-strcmp.o)
                0x00000000080001d0                strcmp
 *fill*         0x00000000080001e4        0xc 
 .text          0x00000000080001f0       0xa0 c:/st/stm32cubeide_1.4.0/stm32cubeide/plugins/com.st.stm32cube.ide.mcu.externaltools.gnu-tools-for-stm32.7-2018-q2-update.win32_1.4.0.202007081208/tools/bin/../lib/gcc/arm-none-eabi/7.3.1/../../../../arm-none-eabi/lib/thumb/v7e-m/fpv4-sp/hard\libc_nano.a(lib_a-memchr.o)
                0x00000000080001f0                memchr
 *(.text*)
 .text.MX_GPIO_Init
                0x0000000008000290       0xb0 Core/Src/gpio.o
                0x0000000008000290                MX_GPIO_Init
 .text._write   0x0000000008000340       0x38 Core/Src/main.o
                0x0000000008000340                _write
 .text.main     0x0000000008000378       0x2e Core/Src/main.o
                0x0000000008000378                main
 .text.SystemClock_Config
                0x00000000080003a6       0xb4 Core/Src/main.o
                0x00000000080003a6                SystemClock_Config
 .text.Error_Handler
                0x000000000800045a        0xe Core/Src/main.o
                0x000000000800045a                Error_Handler
 .text.SD_disk_status
                0x0000000008000468       0x22 Core/Src/sd_diskio_spi.o
                0x0000000008000468                SD_disk_status
 .text.SD_disk_initialize
                0x000000000800048a       0x2c Core/Src/sd_diskio_spi.o
                0x000000000800048a                SD_disk_initialize
 *fill*         0x00000000080004b6        0x2 
 .text.SD_disk_read
                0x00000000080004b8       0x50 Core/Src/sd_diskio_spi.o
                0x00000000080004b8                SD_disk_read
 .text.SD_disk_write
                0x0000000008000508       0x50 Core/Src/sd_diskio_spi.o
                0x0000000008000508                SD_disk_write
 .text.SD_disk_ioctl
                0x0000000008000558       0x6c Core/Src/sd_diskio_spi.o
                0x0000000008000558                SD_disk_ioctl
 .text.sd_get_space_kb
                0x00000000080005c4       0x70 Core/Src/sd_functions.o
                0x00000000080005c4                sd_get_space_kb
 .text.sd_mount
                0x0000000008000634       0xe8 Core/Src/sd_functions.o
                0x0000000008000634                sd_mount
 .text.sd_unmount
                0x000000000800071c       0x44 Core/Src/sd_functions.o
                0x000000000800071c                sd_unmount
 .text.sd_list_directory_recursive
                0x0000000008000760      0x128 Core/Src/sd_functions.o
                0x0000000008000760                sd_list_directory_recursive
 .text.sd_list_files
                0x0000000008000888       0x28 Core/Src/sd_functions.o
                0x0000000008000888                sd_list_files
 .text.SD_TransmitByte
                0x00000000080008b0       0x24 Core/Src/sd_spi.o
 .text.SD_ReceiveByte
                0x00000000080008d4       0x30 Core/Src/sd_spi.o
 .text.SD_TransmitBuffer
                0x0000000008000904       0x28 Core/Src/sd_spi.o
 .text.SD_ReceiveBuffer
                0x000000000800092c       0x36 Core/Src/sd_spi.o
 .text.SD_WaitReady
                0x0000000008000962       0x3a Core/Src/sd_spi.o
 .text.SD_SendCommand
                0x000000000800099c       0x82 Core/Src/sd_spi.o
 *fill*         0x0000000008000a1e        0x2 
 .text.sd_is_sdhc
                0x0000000008000a20       0x18 Core/Src/sd_spi.o
                0x0000000008000a20                sd_is_sdhc
 .text.SD_SPI_Init
                0x0000000008000a38      0x1fc Core/Src/sd_spi.o
                0x0000000008000a38                SD_SPI_Init
 .text.SD_ReadBlocks
                0x0000000008000c34       0xd8 Core/Src/sd_spi.o
                0x0000000008000c34                SD_ReadBlocks
 .text.SD_ReadMultiBlocks
                0x0000000008000d0c       0xe0 Core/Src/sd_spi.o
                0x0000000008000d0c                SD_ReadMultiBlocks
 .text.SD_WriteBlocks
                0x0000000008000dec       0xd4 Core/Src/sd_spi.o
                0x0000000008000dec                SD_WriteBlocks
 .text.SD_WriteMultiBlocks
                0x0000000008000ec0       0xe4 Core/Src/sd_spi.o
                0x0000000008000ec0                SD_WriteMultiBlocks
 .text.MX_SPI1_Init
                0x0000000008000fa4       0x7c Core/Src/spi.o
                0x0000000008000fa4                MX_SPI1_Init
 .text.HAL_SPI_MspInit
                0x0000000008001020       0xe4 Core/Src/spi.o
                0x0000000008001020                HAL_SPI_MspInit
 .text.HAL_MspInit
                0x0000000008001104       0x48 Core/Src/stm32f3xx_hal_msp.o
                0x0000000008001104                HAL_MspInit
 .text.NMI_Handler
                0x000000000800114c        0xe Core/Src/stm32f3xx_it.o
                0x000000000800114c                NMI_Handler
 .text.HardFault_Handler
                0x000000000800115a        0x6 Core/Src/stm32f3xx_it.o
                0x000000000800115a                HardFault_Handler
 .text.MemManage_Handler
                0x0000000008001160        0x6 Core/Src/stm32f3xx_it.o
                0x0000000008001160                MemManage_Handler
 .text.BusFault_Handler
                0x0000000008001166        0x6 Core/Src/stm32f3xx_it.o
                0x0000000008001166                BusFault_Handler
 .text.UsageFault_Handler
                0x000000000800116c        0x6 Core/Src/stm32f3xx_it.o
                0x000000000800116c                UsageFault_Handler
 .text.SVC_Handler
                0x0000000008001172        0xe Core/Src/stm32f3xx_it.o
                0x0000000008001172                SVC_Handler
 .text.DebugMon_Handler
                0x0000000008001180        0xe Core/Src/stm32f3xx_it.o
                0x0000000008001180                DebugMon_Handler
 .text.PendSV_Handler
                0x000000000800118e        0xe Core/Src/stm32f3xx_it.o
                0x000000000800118e                PendSV_Handler
 .text.SysTick_Handler
                0x000000000800119c        0xc Core/Src/stm32f3xx_it.o
                0x000000000800119c                SysTick_Handler
 .text._read    0x00000000080011a8       0x3a Core/Src/syscalls.o
                0x00000000080011a8                _read
 .text._close   0x00000000080011e2       0x18 Core/Src/syscalls.o
                0x00000000080011e2                _close
 .text._fstat   0x00000000080011fa       0x20 Core/Src/syscalls.o
                0x00000000080011fa                _fstat
 .text._isatty  0x000000000800121a       0x16 Core/Src/syscalls.o
                0x000000000800121a                _isatty
 .text._lseek   0x0000000008001230       0x1a Core/Src/syscalls.o
                0x0000000008001230                _lseek
 *fill*         0x000000000800124a        0x2 
 .text._sbrk    0x000000000800124c       0x6c Core/Src/sysmem.o
                0x000000000800124c                _sbrk
 .text.SystemInit
                0x00000000080012b8       0x24 Core/Src/system_stm32f3xx.o
                0x00000000080012b8                SystemInit
 .text.MX_USART1_UART_Init
                0x00000000080012dc       0x60 Core/Src/usart.o
                0x00000000080012dc                MX_USART1_UART_Init
 .text.HAL_UART_MspInit
                0x000000000800133c       0x88 Core/Src/usart.o
                0x000000000800133c                HAL_UART_MspInit
 .text.Reset_Handler
                0x00000000080013c4       0x50 Core/Startup/startup_stm32f373cctx.o
                0x00000000080013c4                Reset_Handler
 .text.Default_Handler
                0x0000000008001414        0x2 Core/Startup/startup_stm32f373cctx.o
                0x0000000008001414                RTC_Alarm_IRQHandler
                0x0000000008001414                USB_HP_IRQHandler
                0x0000000008001414                PVD_IRQHandler
                0x0000000008001414                TAMP_STAMP_IRQHandler
                0x0000000008001414                EXTI3_IRQHandler
                0x0000000008001414                EXTI0_IRQHandler
                0x0000000008001414                I2C2_EV_IRQHandler
                0x0000000008001414                FPU_IRQHandler
                0x0000000008001414                CAN_TX_IRQHandler
                0x0000000008001414                SPI1_IRQHandler
                0x0000000008001414                CAN_SCE_IRQHandler
                0x0000000008001414                DMA2_Channel2_IRQHandler
                0x0000000008001414                DMA1_Channel4_IRQHandler
                0x0000000008001414                ADC1_IRQHandler
                0x0000000008001414                TIM17_IRQHandler
                0x0000000008001414                USART3_IRQHandler
                0x0000000008001414                DMA1_Channel7_IRQHandler
                0x0000000008001414                TIM4_IRQHandler
                0x0000000008001414                CAN_RX1_IRQHandler
                0x0000000008001414                DMA2_Channel1_IRQHandler
                0x0000000008001414                I2C1_EV_IRQHandler
                0x0000000008001414                DMA1_Channel6_IRQHandler
                0x0000000008001414                TIM16_IRQHandler
                0x0000000008001414                DMA2_Channel4_IRQHandler
                0x0000000008001414                TIM3_IRQHandler
                0x0000000008001414                RCC_IRQHandler
                0x0000000008001414                DMA1_Channel1_IRQHandler
                0x0000000008001414                Default_Handler
                0x0000000008001414                CEC_IRQHandler
                0x0000000008001414                EXTI15_10_IRQHandler
                0x0000000008001414                TIM14_IRQHandler
                0x0000000008001414                TIM13_IRQHandler
                0x0000000008001414                TIM12_IRQHandler
                0x0000000008001414                TIM7_IRQHandler
                0x0000000008001414                TIM5_IRQHandler
                0x0000000008001414                SDADC2_IRQHandler
                0x0000000008001414                TIM15_IRQHandler
                0x0000000008001414                TIM6_DAC1_IRQHandler
                0x0000000008001414                EXTI9_5_IRQHandler
                0x0000000008001414                RTC_WKUP_IRQHandler
                0x0000000008001414                SPI2_IRQHandler
                0x0000000008001414                DMA2_Channel5_IRQHandler
                0x0000000008001414                DMA1_Channel5_IRQHandler
                0x0000000008001414                USB_LP_IRQHandler
                0x0000000008001414                EXTI4_IRQHandler
                0x0000000008001414                TIM18_DAC2_IRQHandler
                0x0000000008001414                DMA1_Channel3_IRQHandler
                0x0000000008001414                COMP_IRQHandler
                0x0000000008001414                WWDG_IRQHandler
                0x0000000008001414                SDADC1_IRQHandler
                0x0000000008001414                TIM2_IRQHandler
                0x0000000008001414                EXTI1_IRQHandler
                0x0000000008001414                SDADC3_IRQHandler
                0x0000000008001414                USART2_IRQHandler
                0x0000000008001414                TIM19_IRQHandler
                0x0000000008001414                I2C2_ER_IRQHandler
                0x0000000008001414                DMA1_Channel2_IRQHandler
                0x0000000008001414                FLASH_IRQHandler
                0x0000000008001414                USART1_IRQHandler
                0x0000000008001414                SPI3_IRQHandler
                0x0000000008001414                CAN_RX0_IRQHandler
                0x0000000008001414                I2C1_ER_IRQHandler
                0x0000000008001414                USBWakeUp_IRQHandler
                0x0000000008001414                DMA2_Channel3_IRQHandler
                0x0000000008001414                EXTI2_TSC_IRQHandler
 *fill*         0x0000000008001416        0x2 
 .text.HAL_Init
                0x0000000008001418       0x2c Drivers/STM32F3xx_HAL_Driver/Src/stm32f3xx_hal.o
                0x0000000008001418                HAL_Init
 .text.HAL_InitTick
                0x0000000008001444       0x60 Drivers/STM32F3xx_HAL_Driver/Src/stm32f3xx_hal.o
                0x0000000008001444                HAL_InitTick
 .text.HAL_IncTick
                0x00000000080014a4       0x28 Drivers/STM32F3xx_HAL_Driver/Src/stm32f3xx_hal.o
                0x00000000080014a4                HAL_IncTick
 .text.HAL_GetTick
                0x00000000080014cc       0x18 Drivers/STM32F3xx_HAL_Driver/Src/stm32f3xx_hal.o
                0x00000000080014cc                HAL_GetTick
 .text.HAL_Delay
                0x00000000080014e4       0x44 Drivers/STM32F3xx_HAL_Driver/Src/stm32f3xx_hal.o
                0x00000000080014e4                HAL_Delay
 .text.__NVIC_SetPriorityGrouping
                0x0000000008001528       0x48 Drivers/STM32F3xx_HAL_Driver/Src/stm32f3xx_hal_cortex.o
 .text.__NVIC_GetPriorityGrouping
                0x0000000008001570       0x1c Drivers/STM32F3xx_HAL_Driver/Src/stm32f3xx_hal_cortex.o
 .text.__NVIC_SetPriority
                0x000000000800158c       0x54 Drivers/STM32F3xx_HAL_Driver/Src/stm32f3xx_hal_cortex.o
 .text.NVIC_EncodePriority
                0x00000000080015e0       0x66 Drivers/STM32F3xx_HAL_Driver/Src/stm32f3xx_hal_cortex.o
 *fill*         0x0000000008001646        0x2 
 .text.SysTick_Config
                0x0000000008001648       0x44 Drivers/STM32F3xx_HAL_Driver/Src/stm32f3xx_hal_cortex.o
 .text.HAL_NVIC_SetPriorityGrouping
                0x000000000800168c       0x16 Drivers/STM32F3xx_HAL_Driver/Src/stm32f3xx_hal_cortex.o
                0x000000000800168c                HAL_NVIC_SetPriorityGrouping
 .text.HAL_NVIC_SetPriority
                0x00000000080016a2       0x38 Drivers/STM32F3xx_HAL_Driver/Src/stm32f3xx_hal_cortex.o
                0x00000000080016a2                HAL_NVIC_SetPriority
 .text.HAL_SYSTICK_Config
                0x00000000080016da       0x18 Drivers/STM32F3xx_HAL_Driver/Src/stm32f3xx_hal_cortex.o
                0x00000000080016da                HAL_SYSTICK_Config
 *fill*         0x00000000080016f2        0x2 
 .text.HAL_GPIO_Init
                0x00000000080016f4      0x2f4 Drivers/STM32F3xx_HAL_Driver/Src/stm32f3xx_hal_gpio.o
                0x00000000080016f4                HAL_GPIO_Init
 .text.HAL_GPIO_WritePin
                0x00000000080019e8       0x30 Drivers/STM32F3xx_HAL_Driver/Src/stm32f3xx_hal_gpio.o
                0x00000000080019e8                HAL_GPIO_WritePin
 .text.HAL_RCC_OscConfig
                0x0000000008001a18      0xe10 Drivers/STM32F3xx_HAL_Driver/Src/stm32f3xx_hal_rcc.o
                0x0000000008001a18                HAL_RCC_OscConfig
 .text.HAL_RCC_ClockConfig
                0x0000000008002828      0x2f8 Drivers/STM32F3xx_HAL_Driver/Src/stm32f3xx_hal_rcc.o
                0x0000000008002828                HAL_RCC_ClockConfig
 .text.HAL_RCC_GetSysClockFreq
                0x0000000008002b20       0xd8 Drivers/STM32F3xx_HAL_Driver/Src/stm32f3xx_hal_rcc.o
                0x0000000008002b20                HAL_RCC_GetSysClockFreq
 .text.HAL_RCC_GetHCLKFreq
                0x0000000008002bf8       0x18 Drivers/STM32F3xx_HAL_Driver/Src/stm32f3xx_hal_rcc.o
                0x0000000008002bf8                HAL_RCC_GetHCLKFreq
 .text.HAL_RCC_GetPCLK1Freq
                0x0000000008002c10       0x44 Drivers/STM32F3xx_HAL_Driver/Src/stm32f3xx_hal_rcc.o
                0x0000000008002c10                HAL_RCC_GetPCLK1Freq
 .text.HAL_RCC_GetPCLK2Freq
                0x0000000008002c54       0x44 Drivers/STM32F3xx_HAL_Driver/Src/stm32f3xx_hal_rcc.o
                0x0000000008002c54                HAL_RCC_GetPCLK2Freq
 .text.HAL_RCCEx_PeriphCLKConfig
                0x0000000008002c98      0x2e8 Drivers/STM32F3xx_HAL_Driver/Src/stm32f3xx_hal_rcc_ex.o
                0x0000000008002c98                HAL_RCCEx_PeriphCLKConfig
 .text.HAL_SPI_Init
                0x0000000008002f80      0x156 Drivers/STM32F3xx_HAL_Driver/Src/stm32f3xx_hal_spi.o
                0x0000000008002f80                HAL_SPI_Init
 .text.HAL_SPI_Transmit
                0x00000000080030d6      0x2dc Drivers/STM32F3xx_HAL_Driver/Src/stm32f3xx_hal_spi.o
                0x00000000080030d6                HAL_SPI_Transmit
 .text.HAL_SPI_TransmitReceive
                0x00000000080033b2      0x426 Drivers/STM32F3xx_HAL_Driver/Src/stm32f3xx_hal_spi.o
                0x00000000080033b2                HAL_SPI_TransmitReceive
 .text.SPI_WaitFlagStateUntilTimeout
                0x00000000080037d8      0x110 Drivers/STM32F3xx_HAL_Driver/Src/stm32f3xx_hal_spi.o
 .text.SPI_WaitFifoStateUntilTimeout
                0x00000000080038e8      0x12c Drivers/STM32F3xx_HAL_Driver/Src/stm32f3xx_hal_spi.o
 .text.SPI_EndRxTxTransaction
                0x0000000008003a14       0x8c Drivers/STM32F3xx_HAL_Driver/Src/stm32f3xx_hal_spi.o
 .text.HAL_UART_Init
                0x0000000008003aa0       0x9c Drivers/STM32F3xx_HAL_Driver/Src/stm32f3xx_hal_uart.o
                0x0000000008003aa0                HAL_UART_Init
 .text.HAL_UART_Transmit
                0x0000000008003b3c      0x128 Drivers/STM32F3xx_HAL_Driver/Src/stm32f3xx_hal_uart.o
                0x0000000008003b3c                HAL_UART_Transmit
 .text.UART_SetConfig
                0x0000000008003c64      0x2f4 Drivers/STM32F3xx_HAL_Driver/Src/stm32f3xx_hal_uart.o
                0x0000000008003c64                UART_SetConfig
 .text.UART_AdvFeatureConfig
                0x0000000008003f58      0x144 Drivers/STM32F3xx_HAL_Driver/Src/stm32f3xx_hal_uart.o
                0x0000000008003f58                UART_AdvFeatureConfig
 .text.UART_CheckIdleState
                0x000000000800409c       0x92 Drivers/STM32F3xx_HAL_Driver/Src/stm32f3xx_hal_uart.o
                0x000000000800409c                UART_CheckIdleState
 .text.UART_WaitOnFlagUntilTimeout
                0x000000000800412e      0x188 Drivers/STM32F3xx_HAL_Driver/Src/stm32f3xx_hal_uart.o
                0x000000000800412e                UART_WaitOnFlagUntilTimeout
 *fill*         0x00000000080042b6        0x2 
 .text.disk_status
                0x00000000080042b8       0x34 Middlewares/Third_Party/FatFs/src/diskio.o
                0x00000000080042b8                disk_status
 .text.disk_initialize
                0x00000000080042ec       0x4c Middlewares/Third_Party/FatFs/src/diskio.o
                0x00000000080042ec                disk_initialize
 .text.disk_read
                0x0000000008004338       0x40 Middlewares/Third_Party/FatFs/src/diskio.o
                0x0000000008004338                disk_read
 .text.disk_write
                0x0000000008004378       0x40 Middlewares/Third_Party/FatFs/src/diskio.o
                0x0000000008004378                disk_write
 .text.mem_set  0x00000000080043b8       0x34 Middlewares/Third_Party/FatFs/src/ff.o
 .text.mem_cmp  0x00000000080043ec       0x4e Middlewares/Third_Party/FatFs/src/ff.o
 .text.chk_chr  0x000000000800443a       0x36 Middlewares/Third_Party/FatFs/src/ff.o
 .text.inc_lock
                0x0000000008004470      0x170 Middlewares/Third_Party/FatFs/src/ff.o
 .text.dec_lock
                0x00000000080045e0       0x88 Middlewares/Third_Party/FatFs/src/ff.o
 .text.clear_lock
                0x0000000008004668       0x54 Middlewares/Third_Party/FatFs/src/ff.o
 .text.sync_window
                0x00000000080046bc       0x92 Middlewares/Third_Party/FatFs/src/ff.o
 .text.move_window
                0x000000000800474e       0x5c Middlewares/Third_Party/FatFs/src/ff.o
 .text.clust2sect
                0x00000000080047aa       0x44 Middlewares/Third_Party/FatFs/src/ff.o
                0x00000000080047aa                clust2sect
 .text.get_fat  0x00000000080047ee      0x16e Middlewares/Third_Party/FatFs/src/ff.o
                0x00000000080047ee                get_fat
 .text.put_fat  0x000000000800495c      0x216 Middlewares/Third_Party/FatFs/src/ff.o
                0x000000000800495c                put_fat
 .text.create_chain
                0x0000000008004b72      0x13a Middlewares/Third_Party/FatFs/src/ff.o
 .text.dir_sdi  0x0000000008004cac      0x128 Middlewares/Third_Party/FatFs/src/ff.o
 .text.dir_next
                0x0000000008004dd4      0x1ee Middlewares/Third_Party/FatFs/src/ff.o
 .text.ld_clust
                0x0000000008004fc2       0x5c Middlewares/Third_Party/FatFs/src/ff.o
 *fill*         0x000000000800501e        0x2 
 .text.cmp_lfn  0x0000000008005020       0xdc Middlewares/Third_Party/FatFs/src/ff.o
 .text.pick_lfn
                0x00000000080050fc       0xc8 Middlewares/Third_Party/FatFs/src/ff.o
 .text.sum_sfn  0x00000000080051c4       0x42 Middlewares/Third_Party/FatFs/src/ff.o
 .text.dir_find
                0x0000000008005206      0x180 Middlewares/Third_Party/FatFs/src/ff.o
 .text.dir_read
                0x0000000008005386      0x14e Middlewares/Third_Party/FatFs/src/ff.o
 .text.get_fileinfo
                0x00000000080054d4      0x19c Middlewares/Third_Party/FatFs/src/ff.o
 .text.create_name
                0x0000000008005670      0x370 Middlewares/Third_Party/FatFs/src/ff.o
 .text.follow_path
                0x00000000080059e0       0xdc Middlewares/Third_Party/FatFs/src/ff.o
 .text.get_ldnumber
                0x0000000008005abc       0x88 Middlewares/Third_Party/FatFs/src/ff.o
 .text.check_fs
                0x0000000008005b44       0xd4 Middlewares/Third_Party/FatFs/src/ff.o
 .text.find_volume
                0x0000000008005c18      0x594 Middlewares/Third_Party/FatFs/src/ff.o
 .text.validate
                0x00000000080061ac       0x66 Middlewares/Third_Party/FatFs/src/ff.o
 *fill*         0x0000000008006212        0x2 
 .text.f_mount  0x0000000008006214       0x90 Middlewares/Third_Party/FatFs/src/ff.o
                0x0000000008006214                f_mount
 .text.f_opendir
                0x00000000080062a4      0x126 Middlewares/Third_Party/FatFs/src/ff.o
                0x00000000080062a4                f_opendir
 .text.f_closedir
                0x00000000080063ca       0x4a Middlewares/Third_Party/FatFs/src/ff.o
                0x00000000080063ca                f_closedir
 .text.f_readdir
                0x0000000008006414       0xae Middlewares/Third_Party/FatFs/src/ff.o
                0x0000000008006414                f_readdir
 .text.f_getfree
                0x00000000080064c2      0x19a Middlewares/Third_Party/FatFs/src/ff.o
                0x00000000080064c2                f_getfree
 .text.FATFS_LinkDriverEx
                0x000000000800665c       0x98 Middlewares/Third_Party/FatFs/src/ff_gen_drv.o
                0x000000000800665c                FATFS_LinkDriverEx
 .text.FATFS_LinkDriver
                0x00000000080066f4       0x1e Middlewares/Third_Party/FatFs/src/ff_gen_drv.o
                0x00000000080066f4                FATFS_LinkDriver
 *fill*         0x0000000008006712        0x2 
 .text.ff_convert
                0x0000000008006714       0x78 Middlewares/Third_Party/FatFs/src/option/ccsbcs.o
                0x0000000008006714                ff_convert
 .text.ff_wtoupper
                0x000000000800678c       0x5c Middlewares/Third_Party/FatFs/src/option/ccsbcs.o
                0x000000000800678c                ff_wtoupper
 .text.ff_memalloc
                0x00000000080067e8       0x18 Middlewares/Third_Party/FatFs/src/option/syscall.o
                0x00000000080067e8                ff_memalloc
 .text.ff_memfree
                0x0000000008006800       0x16 Middlewares/Third_Party/FatFs/src/option/syscall.o
                0x0000000008006800                ff_memfree
 *fill*         0x0000000008006816        0x2 
 .text.__errno  0x0000000008006818        0xc c:/st/stm32cubeide_1.4.0/stm32cubeide/plugins/com.st.stm32cube.ide.mcu.externaltools.gnu-tools-for-stm32.7-2018-q2-update.win32_1.4.0.202007081208/tools/bin/../lib/gcc/arm-none-eabi/7.3.1/../../../../arm-none-eabi/lib/thumb/v7e-m/fpv4-sp/hard\libc_nano.a(lib_a-errno.o)
                0x0000000008006818                __errno
 .text.__libc_init_array
                0x0000000008006824       0x48 c:/st/stm32cubeide_1.4.0/stm32cubeide/plugins/com.st.stm32cube.ide.mcu.externaltools.gnu-tools-for-stm32.7-2018-q2-update.win32_1.4.0.202007081208/tools/bin/../lib/gcc/arm-none-eabi/7.3.1/../../../../arm-none-eabi/lib/thumb/v7e-m/fpv4-sp/hard\libc_nano.a(lib_a-init.o)
                0x0000000008006824                __libc_init_array
 .text.malloc   0x000000000800686c       0x10 c:/st/stm32cubeide_1.4.0/stm32cubeide/plugins/com.st.stm32cube.ide.mcu.externaltools.gnu-tools-for-stm32.7-2018-q2-update.win32_1.4.0.202007081208/tools/bin/../lib/gcc/arm-none-eabi/7.3.1/../../../../arm-none-eabi/lib/thumb/v7e-m/fpv4-sp/hard\libc_nano.a(lib_a-malloc.o)
                0x000000000800686c                malloc
 .text.free     0x000000000800687c       0x10 c:/st/stm32cubeide_1.4.0/stm32cubeide/plugins/com.st.stm32cube.ide.mcu.externaltools.gnu-tools-for-stm32.7-2018-q2-update.win32_1.4.0.202007081208/tools/bin/../lib/gcc/arm-none-eabi/7.3.1/../../../../arm-none-eabi/lib/thumb/v7e-m/fpv4-sp/hard\libc_nano.a(lib_a-malloc.o)
                0x000000000800687c                free
 .text.memset   0x000000000800688c       0x10 c:/st/stm32cubeide_1.4.0/stm32cubeide/plugins/com.st.stm32cube.ide.mcu.externaltools.gnu-tools-for-stm32.7-2018-q2-update.win32_1.4.0.202007081208/tools/bin/../lib/gcc/arm-none-eabi/7.3.1/../../../../arm-none-eabi/lib/thumb/v7e-m/fpv4-sp/hard\libc_nano.a(lib_a-memset.o)
                0x000000000800688c                memset
 .text._free_r  0x000000000800689c       0x9c c:/st/stm32cubeide_1.4.0/stm32cubeide/plugins/com.st.stm32cube.ide.mcu.externaltools.gnu-tools-for-stm32.7-2018-q2-update.win32_1.4.0.202007081208/tools/bin/../lib/gcc/arm-none-eabi/7.3.1/../../../../arm-none-eabi/lib/thumb/v7e-m/fpv4-sp/hard\libc_nano.a(lib_a-nano-freer.o)
                0x000000000800689c                _free_r
 .text._malloc_r
                0x0000000008006938       0xb4 c:/st/stm32cubeide_1.4.0/stm32cubeide/plugins/com.st.stm32cube.ide.mcu.externaltools.gnu-tools-for-stm32.7-2018-q2-update.win32_1.4.0.202007081208/tools/bin/../lib/gcc/arm-none-eabi/7.3.1/../../../../arm-none-eabi/lib/thumb/v7e-m/fpv4-sp/hard\libc_nano.a(lib_a-nano-mallocr.o)
                0x0000000008006938                _malloc_r
 .text.printf   0x00000000080069ec       0x30 c:/st/stm32cubeide_1.4.0/stm32cubeide/plugins/com.st.stm32cube.ide.mcu.externaltools.gnu-tools-for-stm32.7-2018-q2-update.win32_1.4.0.202007081208/tools/bin/../lib/gcc/arm-none-eabi/7.3.1/../../../../arm-none-eabi/lib/thumb/v7e-m/fpv4-sp/hard\libc_nano.a(lib_a-printf.o)
                0x00000000080069ec                iprintf
                0x00000000080069ec                printf
 .text._puts_r  0x0000000008006a1c       0xb8 c:/st/stm32cubeide_1.4.0/stm32cubeide/plugins/com.st.stm32cube.ide.mcu.externaltools.gnu-tools-for-stm32.7-2018-q2-update.win32_1.4.0.202007081208/tools/bin/../lib/gcc/arm-none-eabi/7.3.1/../../../../arm-none-eabi/lib/thumb/v7e-m/fpv4-sp/hard\libc_nano.a(lib_a-puts.o)
                0x0000000008006a1c                _puts_r
 .text.puts     0x0000000008006ad4       0x10 c:/st/stm32cubeide_1.4.0/stm32cubeide/plugins/com.st.stm32cube.ide.mcu.externaltools.gnu-tools-for-stm32.7-2018-q2-update.win32_1.4.0.202007081208/tools/bin/../lib/gcc/arm-none-eabi/7.3.1/../../../../arm-none-eabi/lib/thumb/v7e-m/fpv4-sp/hard\libc_nano.a(lib_a-puts.o)
                0x0000000008006ad4                puts
 .text._sbrk_r  0x0000000008006ae4       0x20 c:/st/stm32cubeide_1.4.0/stm32cubeide/plugins/com.st.stm32cube.ide.mcu.externaltools.gnu-tools-for-stm32.7-2018-q2-update.win32_1.4.0.202007081208/tools/bin/../lib/gcc/arm-none-eabi/7.3.1/../../../../arm-none-eabi/lib/thumb/v7e-m/fpv4-sp/hard\libc_nano.a(lib_a-sbrkr.o)
                0x0000000008006ae4                _sbrk_r
 .text.snprintf
                0x0000000008006b04       0x68 c:/st/stm32cubeide_1.4.0/stm32cubeide/plugins/com.st.stm32cube.ide.mcu.externaltools.gnu-tools-for-stm32.7-2018-q2-update.win32_1.4.0.202007081208/tools/bin/../lib/gcc/arm-none-eabi/7.3.1/../../../../arm-none-eabi/lib/thumb/v7e-m/fpv4-sp/hard\libc_nano.a(lib_a-snprintf.o)
                0x0000000008006b04                sniprintf
                0x0000000008006b04                snprintf
 .text.__swbuf_r
                0x0000000008006b6c       0xa4 c:/st/stm32cubeide_1.4.0/stm32cubeide/plugins/com.st.stm32cube.ide.mcu.externaltools.gnu-tools-for-stm32.7-2018-q2-update.win32_1.4.0.202007081208/tools/bin/../lib/gcc/arm-none-eabi/7.3.1/../../../../arm-none-eabi/lib/thumb/v7e-m/fpv4-sp/hard\libc_nano.a(lib_a-wbuf.o)
                0x0000000008006b6c                __swbuf_r
 .text.__swsetup_r
                0x0000000008006c10       0xdc c:/st/stm32cubeide_1.4.0/stm32cubeide/plugins/com.st.stm32cube.ide.mcu.externaltools.gnu-tools-for-stm32.7-2018-q2-update.win32_1.4.0.202007081208/tools/bin/../lib/gcc/arm-none-eabi/7.3.1/../../../../arm-none-eabi/lib/thumb/v7e-m/fpv4-sp/hard\libc_nano.a(lib_a-wsetup.o)
                0x0000000008006c10                __swsetup_r
 .text.__sflush_r
                0x0000000008006cec      0x10c c:/st/stm32cubeide_1.4.0/stm32cubeide/plugins/com.st.stm32cube.ide.mcu.externaltools.gnu-tools-for-stm32.7-2018-q2-update.win32_1.4.0.202007081208/tools/bin/../lib/gcc/arm-none-eabi/7.3.1/../../../../arm-none-eabi/lib/thumb/v7e-m/fpv4-sp/hard\libc_nano.a(lib_a-fflush.o)
                0x0000000008006cec                __sflush_r
 .text._fflush_r
                0x0000000008006df8       0x54 c:/st/stm32cubeide_1.4.0/stm32cubeide/plugins/com.st.stm32cube.ide.mcu.externaltools.gnu-tools-for-stm32.7-2018-q2-update.win32_1.4.0.202007081208/tools/bin/../lib/gcc/arm-none-eabi/7.3.1/../../../../arm-none-eabi/lib/thumb/v7e-m/fpv4-sp/hard\libc_nano.a(lib_a-fflush.o)
                0x0000000008006df8                _fflush_r
 .text.std      0x0000000008006e4c       0x48 c:/st/stm32cubeide_1.4.0/stm32cubeide/plugins/com.st.stm32cube.ide.mcu.externaltools.gnu-tools-for-stm32.7-2018-q2-update.win32_1.4.0.202007081208/tools/bin/../lib/gcc/arm-none-eabi/7.3.1/../../../../arm-none-eabi/lib/thumb/v7e-m/fpv4-sp/hard\libc_nano.a(lib_a-findfp.o)
 .text._cleanup_r
                0x0000000008006e94        0xc c:/st/stm32cubeide_1.4.0/stm32cubeide/plugins/com.st.stm32cube.ide.mcu.externaltools.gnu-tools-for-stm32.7-2018-q2-update.win32_1.4.0.202007081208/tools/bin/../lib/gcc/arm-none-eabi/7.3.1/../../../../arm-none-eabi/lib/thumb/v7e-m/fpv4-sp/hard\libc_nano.a(lib_a-findfp.o)
                0x0000000008006e94                _cleanup_r
 .text.__sfmoreglue
                0x0000000008006ea0       0x2c c:/st/stm32cubeide_1.4.0/stm32cubeide/plugins/com.st.stm32cube.ide.mcu.externaltools.gnu-tools-for-stm32.7-2018-q2-update.win32_1.4.0.202007081208/tools/bin/../lib/gcc/arm-none-eabi/7.3.1/../../../../arm-none-eabi/lib/thumb/v7e-m/fpv4-sp/hard\libc_nano.a(lib_a-findfp.o)
                0x0000000008006ea0                __sfmoreglue
 .text.__sinit  0x0000000008006ecc       0x60 c:/st/stm32cubeide_1.4.0/stm32cubeide/plugins/com.st.stm32cube.ide.mcu.externaltools.gnu-tools-for-stm32.7-2018-q2-update.win32_1.4.0.202007081208/tools/bin/../lib/gcc/arm-none-eabi/7.3.1/../../../../arm-none-eabi/lib/thumb/v7e-m/fpv4-sp/hard\libc_nano.a(lib_a-findfp.o)
                0x0000000008006ecc                __sinit
 .text.__sfp    0x0000000008006f2c       0x78 c:/st/stm32cubeide_1.4.0/stm32cubeide/plugins/com.st.stm32cube.ide.mcu.externaltools.gnu-tools-for-stm32.7-2018-q2-update.win32_1.4.0.202007081208/tools/bin/../lib/gcc/arm-none-eabi/7.3.1/../../../../arm-none-eabi/lib/thumb/v7e-m/fpv4-sp/hard\libc_nano.a(lib_a-findfp.o)
                0x0000000008006f2c                __sfp
 .text._fwalk_reent
                0x0000000008006fa4       0x3c c:/st/stm32cubeide_1.4.0/stm32cubeide/plugins/com.st.stm32cube.ide.mcu.externaltools.gnu-tools-for-stm32.7-2018-q2-update.win32_1.4.0.202007081208/tools/bin/../lib/gcc/arm-none-eabi/7.3.1/../../../../arm-none-eabi/lib/thumb/v7e-m/fpv4-sp/hard\libc_nano.a(lib_a-fwalk.o)
                0x0000000008006fa4                _fwalk_reent
 .text.__swhatbuf_r
                0x0000000008006fe0       0x48 c:/st/stm32cubeide_1.4.0/stm32cubeide/plugins/com.st.stm32cube.ide.mcu.externaltools.gnu-tools-for-stm32.7-2018-q2-update.win32_1.4.0.202007081208/tools/bin/../lib/gcc/arm-none-eabi/7.3.1/../../../../arm-none-eabi/lib/thumb/v7e-m/fpv4-sp/hard\libc_nano.a(lib_a-makebuf.o)
                0x0000000008006fe0                __swhatbuf_r
 .text.__smakebuf_r
                0x0000000008007028       0x80 c:/st/stm32cubeide_1.4.0/stm32cubeide/plugins/com.st.stm32cube.ide.mcu.externaltools.gnu-tools-for-stm32.7-2018-q2-update.win32_1.4.0.202007081208/tools/bin/../lib/gcc/arm-none-eabi/7.3.1/../../../../arm-none-eabi/lib/thumb/v7e-m/fpv4-sp/hard\libc_nano.a(lib_a-makebuf.o)
                0x0000000008007028                __smakebuf_r
 .text.__malloc_lock
                0x00000000080070a8        0x2 c:/st/stm32cubeide_1.4.0/stm32cubeide/plugins/com.st.stm32cube.ide.mcu.externaltools.gnu-tools-for-stm32.7-2018-q2-update.win32_1.4.0.202007081208/tools/bin/../lib/gcc/arm-none-eabi/7.3.1/../../../../arm-none-eabi/lib/thumb/v7e-m/fpv4-sp/hard\libc_nano.a(lib_a-mlock.o)
                0x00000000080070a8                __malloc_lock
 .text.__malloc_unlock
                0x00000000080070aa        0x2 c:/st/stm32cubeide_1.4.0/stm32cubeide/plugins/com.st.stm32cube.ide.mcu.externaltools.gnu-tools-for-stm32.7-2018-q2-update.win32_1.4.0.202007081208/tools/bin/../lib/gcc/arm-none-eabi/7.3.1/../../../../arm-none-eabi/lib/thumb/v7e-m/fpv4-sp/hard\libc_nano.a(lib_a-mlock.o)
                0x00000000080070aa                __malloc_unlock
 .text.__ssputs_r
                0x00000000080070ac       0xb4 c:/st/stm32cubeide_1.4.0/stm32cubeide/plugins/com.st.stm32cube.ide.mcu.externaltools.gnu-tools-for-stm32.7-2018-q2-update.win32_1.4.0.202007081208/tools/bin/../lib/gcc/arm-none-eabi/7.3.1/../../../../arm-none-eabi/lib/thumb/v7e-m/fpv4-sp/hard\libc_nano.a(lib_a-nano-svfprintf.o)
                0x00000000080070ac                __ssputs_r
 .text._svfprintf_r
                0x0000000008007160      0x1f0 c:/st/stm32cubeide_1.4.0/stm32cubeide/plugins/com.st.stm32cube.ide.mcu.externaltools.gnu-tools-for-stm32.7-2018-q2-update.win32_1.4.0.202007081208/tools/bin/../lib/gcc/arm-none-eabi/7.3.1/../../../../arm-none-eabi/lib/thumb/v7e-m/fpv4-sp/hard\libc_nano.a(lib_a-nano-svfprintf.o)
                0x0000000008007160                _svfiprintf_r
                0x0000000008007160                _svfprintf_r
 .text.__sfputc_r
                0x0000000008007350       0x2e c:/st/stm32cubeide_1.4.0/stm32cubeide/plugins/com.st.stm32cube.ide.mcu.externaltools.gnu-tools-for-stm32.7-2018-q2-update.win32_1.4.0.202007081208/tools/bin/../lib/gcc/arm-none-eabi/7.3.1/../../../../arm-none-eabi/lib/thumb/v7e-m/fpv4-sp/hard\libc_nano.a(lib_a-nano-vfprintf.o)
 .text.__sfputs_r
                0x000000000800737e       0x24 c:/st/stm32cubeide_1.4.0/stm32cubeide/plugins/com.st.stm32cube.ide.mcu.externaltools.gnu-tools-for-stm32.7-2018-q2-update.win32_1.4.0.202007081208/tools/bin/../lib/gcc/arm-none-eabi/7.3.1/../../../../arm-none-eabi/lib/thumb/v7e-m/fpv4-sp/hard\libc_nano.a(lib_a-nano-vfprintf.o)
                0x000000000800737e                __sfputs_r
 *fill*         0x00000000080073a2        0x2 
 .text._vfprintf_r
                0x00000000080073a4      0x22c c:/st/stm32cubeide_1.4.0/stm32cubeide/plugins/com.st.stm32cube.ide.mcu.externaltools.gnu-tools-for-stm32.7-2018-q2-update.win32_1.4.0.202007081208/tools/bin/../lib/gcc/arm-none-eabi/7.3.1/../../../../arm-none-eabi/lib/thumb/v7e-m/fpv4-sp/hard\libc_nano.a(lib_a-nano-vfprintf.o)
                0x00000000080073a4                _vfprintf_r
                0x00000000080073a4                _vfiprintf_r
 .text._printf_common
                0x00000000080075d0       0xea c:/st/stm32cubeide_1.4.0/stm32cubeide/plugins/com.st.stm32cube.ide.mcu.externaltools.gnu-tools-for-stm32.7-2018-q2-update.win32_1.4.0.202007081208/tools/bin/../lib/gcc/arm-none-eabi/7.3.1/../../../../arm-none-eabi/lib/thumb/v7e-m/fpv4-sp/hard\libc_nano.a(lib_a-nano-vfprintf_i.o)
                0x00000000080075d0                _printf_common
 *fill*         0x00000000080076ba        0x2 
 .text._printf_i
                0x00000000080076bc      0x224 c:/st/stm32cubeide_1.4.0/stm32cubeide/plugins/com.st.stm32cube.ide.mcu.externaltools.gnu-tools-for-stm32.7-2018-q2-update.win32_1.4.0.202007081208/tools/bin/../lib/gcc/arm-none-eabi/7.3.1/../../../../arm-none-eabi/lib/thumb/v7e-m/fpv4-sp/hard\libc_nano.a(lib_a-nano-vfprintf_i.o)
                0x00000000080076bc                _printf_i
 .text.__sread  0x00000000080078e0       0x22 c:/st/stm32cubeide_1.4.0/stm32cubeide/plugins/com.st.stm32cube.ide.mcu.externaltools.gnu-tools-for-stm32.7-2018-q2-update.win32_1.4.0.202007081208/tools/bin/../lib/gcc/arm-none-eabi/7.3.1/../../../../arm-none-eabi/lib/thumb/v7e-m/fpv4-sp/hard\libc_nano.a(lib_a-stdio.o)
                0x00000000080078e0                __sread
 .text.__swrite
                0x0000000008007902       0x38 c:/st/stm32cubeide_1.4.0/stm32cubeide/plugins/com.st.stm32cube.ide.mcu.externaltools.gnu-tools-for-stm32.7-2018-q2-update.win32_1.4.0.202007081208/tools/bin/../lib/gcc/arm-none-eabi/7.3.1/../../../../arm-none-eabi/lib/thumb/v7e-m/fpv4-sp/hard\libc_nano.a(lib_a-stdio.o)
                0x0000000008007902                __swrite
 .text.__sseek  0x000000000800793a       0x24 c:/st/stm32cubeide_1.4.0/stm32cubeide/plugins/com.st.stm32cube.ide.mcu.externaltools.gnu-tools-for-stm32.7-2018-q2-update.win32_1.4.0.202007081208/tools/bin/../lib/gcc/arm-none-eabi/7.3.1/../../../../arm-none-eabi/lib/thumb/v7e-m/fpv4-sp/hard\libc_nano.a(lib_a-stdio.o)
                0x000000000800793a                __sseek
 .text.__sclose
                0x000000000800795e        0x8 c:/st/stm32cubeide_1.4.0/stm32cubeide/plugins/com.st.stm32cube.ide.mcu.externaltools.gnu-tools-for-stm32.7-2018-q2-update.win32_1.4.0.202007081208/tools/bin/../lib/gcc/arm-none-eabi/7.3.1/../../../../arm-none-eabi/lib/thumb/v7e-m/fpv4-sp/hard\libc_nano.a(lib_a-stdio.o)
                0x000000000800795e                __sclose
 *fill*         0x0000000008007966        0x2 
 .text._write_r
                0x0000000008007968       0x24 c:/st/stm32cubeide_1.4.0/stm32cubeide/plugins/com.st.stm32cube.ide.mcu.externaltools.gnu-tools-for-stm32.7-2018-q2-update.win32_1.4.0.202007081208/tools/bin/../lib/gcc/arm-none-eabi/7.3.1/../../../../arm-none-eabi/lib/thumb/v7e-m/fpv4-sp/hard\libc_nano.a(lib_a-writer.o)
                0x0000000008007968                _write_r
 .text._close_r
                0x000000000800798c       0x20 c:/st/stm32cubeide_1.4.0/stm32cubeide/plugins/com.st.stm32cube.ide.mcu.externaltools.gnu-tools-for-stm32.7-2018-q2-update.win32_1.4.0.202007081208/tools/bin/../lib/gcc/arm-none-eabi/7.3.1/../../../../arm-none-eabi/lib/thumb/v7e-m/fpv4-sp/hard\libc_nano.a(lib_a-closer.o)
                0x000000000800798c                _close_r
 .text._fstat_r
                0x00000000080079ac       0x24 c:/st/stm32cubeide_1.4.0/stm32cubeide/plugins/com.st.stm32cube.ide.mcu.externaltools.gnu-tools-for-stm32.7-2018-q2-update.win32_1.4.0.202007081208/tools/bin/../lib/gcc/arm-none-eabi/7.3.1/../../../../arm-none-eabi/lib/thumb/v7e-m/fpv4-sp/hard\libc_nano.a(lib_a-fstatr.o)
                0x00000000080079ac                _fstat_r
 .text._isatty_r
                0x00000000080079d0       0x20 c:/st/stm32cubeide_1.4.0/stm32cubeide/plugins/com.st.stm32cube.ide.mcu.externaltools.gnu-tools-for-stm32.7-2018-q2-update.win32_1.4.0.202007081208/tools/bin/../lib/gcc/arm-none-eabi/7.3.1/../../../../arm-none-eabi/lib/thumb/v7e-m/fpv4-sp/hard\libc_nano.a(lib_a-isattyr.o)
                0x00000000080079d0                _isatty_r
 .text._lseek_r
                0x00000000080079f0       0x24 c:/st/stm32cubeide_1.4.0/stm32cubeide/plugins/com.st.stm32cube.ide.mcu.externaltools.gnu-tools-for-stm32.7-2018-q2-update.win32_1.4.0.202007081208/tools/bin/../lib/gcc/arm-none-eabi/7.3.1/../../../../arm-none-eabi/lib/thumb/v7e-m/fpv4-sp/hard\libc_nano.a(lib_a-lseekr.o)
                0x00000000080079f0                _lseek_r
 .text.memcpy   0x0000000008007a14       0x16 c:/st/stm32cubeide_1.4.0/stm32cubeide/plugins/com.st.stm32cube.ide.mcu.externaltools.gnu-tools-for-stm32.7-2018-q2-update.win32_1.4.0.202007081208/tools/bin/../lib/gcc/arm-none-eabi/7.3.1/../../../../arm-none-eabi/lib/thumb/v7e-m/fpv4-sp/hard\libc_nano.a(lib_a-memcpy-stub.o)
                0x0000000008007a14                memcpy
 .text.memmove  0x0000000008007a2a       0x32 c:/st/stm32cubeide_1.4.0/stm32cubeide/plugins/com.st.stm32cube.ide.mcu.externaltools.gnu-tools-for-stm32.7-2018-q2-update.win32_1.4.0.202007081208/tools/bin/../lib/gcc/arm-none-eabi/7.3.1/../../../../arm-none-eabi/lib/thumb/v7e-m/fpv4-sp/hard\libc_nano.a(lib_a-memmove.o)
                0x0000000008007a2a                memmove
 .text._realloc_r
                0x0000000008007a5c       0x4c c:/st/stm32cubeide_1.4.0/stm32cubeide/plugins/com.st.stm32cube.ide.mcu.externaltools.gnu-tools-for-stm32.7-2018-q2-update.win32_1.4.0.202007081208/tools/bin/../lib/gcc/arm-none-eabi/7.3.1/../../../../arm-none-eabi/lib/thumb/v7e-m/fpv4-sp/hard\libc_nano.a(lib_a-nano-reallocr.o)
                0x0000000008007a5c                _realloc_r
 .text._read_r  0x0000000008007aa8       0x24 c:/st/stm32cubeide_1.4.0/stm32cubeide/plugins/com.st.stm32cube.ide.mcu.externaltools.gnu-tools-for-stm32.7-2018-q2-update.win32_1.4.0.202007081208/tools/bin/../lib/gcc/arm-none-eabi/7.3.1/../../../../arm-none-eabi/lib/thumb/v7e-m/fpv4-sp/hard\libc_nano.a(lib_a-readr.o)
                0x0000000008007aa8                _read_r
 .text._malloc_usable_size_r
                0x0000000008007acc       0x10 c:/st/stm32cubeide_1.4.0/stm32cubeide/plugins/com.st.stm32cube.ide.mcu.externaltools.gnu-tools-for-stm32.7-2018-q2-update.win32_1.4.0.202007081208/tools/bin/../lib/gcc/arm-none-eabi/7.3.1/../../../../arm-none-eabi/lib/thumb/v7e-m/fpv4-sp/hard\libc_nano.a(lib_a-nano-msizer.o)
                0x0000000008007acc                _malloc_usable_size_r
 *(.glue_7)
 .glue_7        0x0000000008007adc        0x0 linker stubs
 *(.glue_7t)
 .glue_7t       0x0000000008007adc        0x0 linker stubs
 *(.eh_frame)
 .eh_frame      0x0000000008007adc        0x0 c:/st/stm32cubeide_1.4.0/stm32cubeide/plugins/com.st.stm32cube.ide.mcu.externaltools.gnu-tools-for-stm32.7-2018-q2-update.win32_1.4.0.202007081208/tools/bin/../lib/gcc/arm-none-eabi/7.3.1/thumb/v7e-m/fpv4-sp/hard/crtbegin.o
 *(.init)
 .init          0x0000000008007adc        0x4 c:/st/stm32cubeide_1.4.0/stm32cubeide/plugins/com.st.stm32cube.ide.mcu.externaltools.gnu-tools-for-stm32.7-2018-q2-update.win32_1.4.0.202007081208/tools/bin/../lib/gcc/arm-none-eabi/7.3.1/thumb/v7e-m/fpv4-sp/hard/crti.o
                0x0000000008007adc                _init
 .init          0x0000000008007ae0        0x8 c:/st/stm32cubeide_1.4.0/stm32cubeide/plugins/com.st.stm32cube.ide.mcu.externaltools.gnu-tools-for-stm32.7-2018-q2-update.win32_1.4.0.202007081208/tools/bin/../lib/gcc/arm-none-eabi/7.3.1/thumb/v7e-m/fpv4-sp/hard/crtn.o
 *(.fini)
 .fini          0x0000000008007ae8        0x4 c:/st/stm32cubeide_1.4.0/stm32cubeide/plugins/com.st.stm32cube.ide.mcu.externaltools.gnu-tools-for-stm32.7-2018-q2-update.win32_1.4.0.202007081208/tools/bin/../lib/gcc/arm-none-eabi/7.3.1/thumb/v7e-m/fpv4-sp/hard/crti.o
                0x0000000008007ae8                _fini
 .fini          0x0000000008007aec        0x8 c:/st/stm32cubeide_1.4.0/stm32cubeide/plugins/com.st.stm32cube.ide.mcu.externaltools.gnu-tools-for-stm32.7-2018-q2-update.win32_1.4.0.202007081208/tools/bin/../lib/gcc/arm-none-eabi/7.3.1/thumb/v7e-m/fpv4-sp/hard/crtn.o
                0x0000000008007af4                . = ALIGN (0x4)
                0x0000000008007af4                _etext = .

.vfp11_veneer   0x0000000008007af4        0x0
 .vfp11_veneer  0x0000000008007af4        0x0 linker stubs

.v4_bx          0x0000000008007af4        0x0
 .v4_bx         0x0000000008007af4        0x0 linker stubs

.iplt           0x0000000008007af4        0x0
 .iplt          0x0000000008007af4        0x0 c:/st/stm32cubeide_1.4.0/stm32cubeide/plugins/com.st.stm32cube.ide.mcu.externaltools.gnu-tools-for-stm32.7-2018-q2-update.win32_1.4.0.202007081208/tools/bin/../lib/gcc/arm-none-eabi/7.3.1/thumb/v7e-m/fpv4-sp/hard/crtbegin.o

.rodata         0x0000000008007af4      0xa68
                0x0000000008007af4                . = ALIGN (0x4)
 *(.rodata)
 .rodata        0x0000000008007af4      0x3dc Core/Src/sd_functions.o
 .rodata        0x0000000008007ed0       0x58 Middlewares/Third_Party/FatFs/src/ff.o
 *(.rodata*)
 .rodata.SD_Driver
                0x0000000008007f28       0x14 Core/Src/sd_diskio_spi.o
                0x0000000008007f28                SD_Driver
 .rodata.AHBPrescTable
                0x0000000008007f3c       0x10 Core/Src/system_stm32f3xx.o
                0x0000000008007f3c                AHBPrescTable
 .rodata.APBPrescTable
                0x0000000008007f4c        0x8 Core/Src/system_stm32f3xx.o
                0x0000000008007f4c                APBPrescTable
 .rodata.aPLLMULFactorTable
                0x0000000008007f54       0x10 Drivers/STM32F3xx_HAL_Driver/Src/stm32f3xx_hal_rcc.o
                0x0000000008007f54                aPLLMULFactorTable
 .rodata.aPredivFactorTable
                0x0000000008007f64       0x10 Drivers/STM32F3xx_HAL_Driver/Src/stm32f3xx_hal_rcc.o
                0x0000000008007f64                aPredivFactorTable
 .rodata.ExCvt  0x0000000008007f74       0x80 Middlewares/Third_Party/FatFs/src/ff.o
 .rodata.LfnOfs
                0x0000000008007ff4        0xd Middlewares/Third_Party/FatFs/src/ff.o
 *fill*         0x0000000008008001        0x3 
 .rodata.Tbl    0x0000000008008004      0x100 Middlewares/Third_Party/FatFs/src/option/ccsbcs.o
 .rodata.tbl_lower.8030
                0x0000000008008104      0x1e0 Middlewares/Third_Party/FatFs/src/option/ccsbcs.o
 .rodata.tbl_upper.8031
                0x00000000080082e4      0x1e0 Middlewares/Third_Party/FatFs/src/option/ccsbcs.o
 .rodata._global_impure_ptr
                0x00000000080084c4        0x4 c:/st/stm32cubeide_1.4.0/stm32cubeide/plugins/com.st.stm32cube.ide.mcu.externaltools.gnu-tools-for-stm32.7-2018-q2-update.win32_1.4.0.202007081208/tools/bin/../lib/gcc/arm-none-eabi/7.3.1/../../../../arm-none-eabi/lib/thumb/v7e-m/fpv4-sp/hard\libc_nano.a(lib_a-impure.o)
                0x00000000080084c4                _global_impure_ptr
 .rodata.__sf_fake_stderr
                0x00000000080084c8       0x20 c:/st/stm32cubeide_1.4.0/stm32cubeide/plugins/com.st.stm32cube.ide.mcu.externaltools.gnu-tools-for-stm32.7-2018-q2-update.win32_1.4.0.202007081208/tools/bin/../lib/gcc/arm-none-eabi/7.3.1/../../../../arm-none-eabi/lib/thumb/v7e-m/fpv4-sp/hard\libc_nano.a(lib_a-findfp.o)
                0x00000000080084c8                __sf_fake_stderr
 .rodata.__sf_fake_stdin
                0x00000000080084e8       0x20 c:/st/stm32cubeide_1.4.0/stm32cubeide/plugins/com.st.stm32cube.ide.mcu.externaltools.gnu-tools-for-stm32.7-2018-q2-update.win32_1.4.0.202007081208/tools/bin/../lib/gcc/arm-none-eabi/7.3.1/../../../../arm-none-eabi/lib/thumb/v7e-m/fpv4-sp/hard\libc_nano.a(lib_a-findfp.o)
                0x00000000080084e8                __sf_fake_stdin
 .rodata.__sf_fake_stdout
                0x0000000008008508       0x20 c:/st/stm32cubeide_1.4.0/stm32cubeide/plugins/com.st.stm32cube.ide.mcu.externaltools.gnu-tools-for-stm32.7-2018-q2-update.win32_1.4.0.202007081208/tools/bin/../lib/gcc/arm-none-eabi/7.3.1/../../../../arm-none-eabi/lib/thumb/v7e-m/fpv4-sp/hard\libc_nano.a(lib_a-findfp.o)
                0x0000000008008508                __sf_fake_stdout
 .rodata._svfprintf_r.str1.1
                0x0000000008008528       0x11 c:/st/stm32cubeide_1.4.0/stm32cubeide/plugins/com.st.stm32cube.ide.mcu.externaltools.gnu-tools-for-stm32.7-2018-q2-update.win32_1.4.0.202007081208/tools/bin/../lib/gcc/arm-none-eabi/7.3.1/../../../../arm-none-eabi/lib/thumb/v7e-m/fpv4-sp/hard\libc_nano.a(lib_a-nano-svfprintf.o)
 .rodata._vfprintf_r.str1.1
                0x0000000008008539       0x11 c:/st/stm32cubeide_1.4.0/stm32cubeide/plugins/com.st.stm32cube.ide.mcu.externaltools.gnu-tools-for-stm32.7-2018-q2-update.win32_1.4.0.202007081208/tools/bin/../lib/gcc/arm-none-eabi/7.3.1/../../../../arm-none-eabi/lib/thumb/v7e-m/fpv4-sp/hard\libc_nano.a(lib_a-nano-vfprintf.o)
 .rodata._printf_i.str1.1
                0x0000000008008539       0x22 c:/st/stm32cubeide_1.4.0/stm32cubeide/plugins/com.st.stm32cube.ide.mcu.externaltools.gnu-tools-for-stm32.7-2018-q2-update.win32_1.4.0.202007081208/tools/bin/../lib/gcc/arm-none-eabi/7.3.1/../../../../arm-none-eabi/lib/thumb/v7e-m/fpv4-sp/hard\libc_nano.a(lib_a-nano-vfprintf_i.o)
                0x000000000800855c                . = ALIGN (0x4)
 *fill*         0x000000000800855b        0x1 

.rel.dyn        0x000000000800855c        0x0
 .rel.iplt      0x000000000800855c        0x0 c:/st/stm32cubeide_1.4.0/stm32cubeide/plugins/com.st.stm32cube.ide.mcu.externaltools.gnu-tools-for-stm32.7-2018-q2-update.win32_1.4.0.202007081208/tools/bin/../lib/gcc/arm-none-eabi/7.3.1/thumb/v7e-m/fpv4-sp/hard/crtbegin.o

.ARM.extab      0x000000000800855c        0x0
                0x000000000800855c                . = ALIGN (0x4)
 *(.ARM.extab* .gnu.linkonce.armextab.*)
                0x000000000800855c                . = ALIGN (0x4)

.ARM            0x000000000800855c        0x0
                0x000000000800855c                . = ALIGN (0x4)
                0x000000000800855c                __exidx_start = .
 *(.ARM.exidx*)
                0x000000000800855c                __exidx_end = .
                0x000000000800855c                . = ALIGN (0x4)

.preinit_array  0x000000000800855c        0x0
                0x000000000800855c                . = ALIGN (0x4)
                0x000000000800855c                PROVIDE (__preinit_array_start = .)
 *(.preinit_array*)
                0x000000000800855c                PROVIDE (__preinit_array_end = .)
                0x000000000800855c                . = ALIGN (0x4)

.init_array     0x000000000800855c        0x4
                0x000000000800855c                . = ALIGN (0x4)
                0x000000000800855c                PROVIDE (__init_array_start = .)
 *(SORT_BY_NAME(.init_array.*))
 *(.init_array*)
 .init_array    0x000000000800855c        0x4 c:/st/stm32cubeide_1.4.0/stm32cubeide/plugins/com.st.stm32cube.ide.mcu.externaltools.gnu-tools-for-stm32.7-2018-q2-update.win32_1.4.0.202007081208/tools/bin/../lib/gcc/arm-none-eabi/7.3.1/thumb/v7e-m/fpv4-sp/hard/crtbegin.o
                0x0000000008008560                PROVIDE (__init_array_end = .)
                0x0000000008008560                . = ALIGN (0x4)

.fini_array     0x0000000008008560        0x4
                0x0000000008008560                . = ALIGN (0x4)
                [!provide]                        PROVIDE (__fini_array_start = .)
 *(SORT_BY_NAME(.fini_array.*))
 *(.fini_array*)
 .fini_array    0x0000000008008560        0x4 c:/st/stm32cubeide_1.4.0/stm32cubeide/plugins/com.st.stm32cube.ide.mcu.externaltools.gnu-tools-for-stm32.7-2018-q2-update.win32_1.4.0.202007081208/tools/bin/../lib/gcc/arm-none-eabi/7.3.1/thumb/v7e-m/fpv4-sp/hard/crtbegin.o
                [!provide]                        PROVIDE (__fini_array_end = .)
                0x0000000008008564                . = ALIGN (0x4)
                0x0000000008008564                _sidata = LOADADDR (.data)

.data           0x0000000020000000       0x70 load address 0x0000000008008564
                0x0000000020000000                . = ALIGN (0x4)
                0x0000000020000000                _sdata = .
 *(.data)
 *(.data*)
 .data.SystemCoreClock
                0x0000000020000000        0x4 Core/Src/system_stm32f3xx.o
                0x0000000020000000                SystemCoreClock
 .data.uwTickPrio
                0x0000000020000004        0x4 Drivers/STM32F3xx_HAL_Driver/Src/stm32f3xx_hal.o
                0x0000000020000004                uwTickPrio
 .data.uwTickFreq
                0x0000000020000008        0x1 Drivers/STM32F3xx_HAL_Driver/Src/stm32f3xx_hal.o
                0x0000000020000008                uwTickFreq
 *fill*         0x0000000020000009        0x3 
 .data._impure_ptr
                0x000000002000000c        0x4 c:/st/stm32cubeide_1.4.0/stm32cubeide/plugins/com.st.stm32cube.ide.mcu.externaltools.gnu-tools-for-stm32.7-2018-q2-update.win32_1.4.0.202007081208/tools/bin/../lib/gcc/arm-none-eabi/7.3.1/../../../../arm-none-eabi/lib/thumb/v7e-m/fpv4-sp/hard\libc_nano.a(lib_a-impure.o)
                0x000000002000000c                _impure_ptr
 .data.impure_data
                0x0000000020000010       0x60 c:/st/stm32cubeide_1.4.0/stm32cubeide/plugins/com.st.stm32cube.ide.mcu.externaltools.gnu-tools-for-stm32.7-2018-q2-update.win32_1.4.0.202007081208/tools/bin/../lib/gcc/arm-none-eabi/7.3.1/../../../../arm-none-eabi/lib/thumb/v7e-m/fpv4-sp/hard\libc_nano.a(lib_a-impure.o)
                0x0000000020000070                . = ALIGN (0x4)
                0x0000000020000070                _edata = .

.igot.plt       0x0000000020000070        0x0 load address 0x00000000080085d4
 .igot.plt      0x0000000020000070        0x0 c:/st/stm32cubeide_1.4.0/stm32cubeide/plugins/com.st.stm32cube.ide.mcu.externaltools.gnu-tools-for-stm32.7-2018-q2-update.win32_1.4.0.202007081208/tools/bin/../lib/gcc/arm-none-eabi/7.3.1/thumb/v7e-m/fpv4-sp/hard/crtbegin.o
                0x0000000020000070                . = ALIGN (0x4)

.bss            0x0000000020000070      0x37c load address 0x00000000080085d4
                0x0000000020000070                _sbss = .
                0x0000000020000070                __bss_start__ = _sbss
 *(.bss)
 .bss           0x0000000020000070       0x1c c:/st/stm32cubeide_1.4.0/stm32cubeide/plugins/com.st.stm32cube.ide.mcu.externaltools.gnu-tools-for-stm32.7-2018-q2-update.win32_1.4.0.202007081208/tools/bin/../lib/gcc/arm-none-eabi/7.3.1/thumb/v7e-m/fpv4-sp/hard/crtbegin.o
 *(.bss*)
 .bss.sdhc      0x000000002000008c        0x1 Core/Src/sd_spi.o
 .bss.card_initialized
                0x000000002000008d        0x1 Core/Src/sd_spi.o
                0x000000002000008d                card_initialized
 *fill*         0x000000002000008e        0x2 
 .bss.__sbrk_heap_end
                0x0000000020000090        0x4 Core/Src/sysmem.o
 .bss.FatFs     0x0000000020000094        0x4 Middlewares/Third_Party/FatFs/src/ff.o
 .bss.Fsid      0x0000000020000098        0x2 Middlewares/Third_Party/FatFs/src/ff.o
 *fill*         0x000000002000009a        0x2 
 .bss.Files     0x000000002000009c       0x18 Middlewares/Third_Party/FatFs/src/ff.o
 .bss.disk      0x00000000200000b4        0xc Middlewares/Third_Party/FatFs/src/ff_gen_drv.o
                0x00000000200000b4                disk
 .bss.__malloc_free_list
                0x00000000200000c0        0x4 c:/st/stm32cubeide_1.4.0/stm32cubeide/plugins/com.st.stm32cube.ide.mcu.externaltools.gnu-tools-for-stm32.7-2018-q2-update.win32_1.4.0.202007081208/tools/bin/../lib/gcc/arm-none-eabi/7.3.1/../../../../arm-none-eabi/lib/thumb/v7e-m/fpv4-sp/hard\libc_nano.a(lib_a-nano-mallocr.o)
                0x00000000200000c0                __malloc_free_list
 .bss.__malloc_sbrk_start
                0x00000000200000c4        0x4 c:/st/stm32cubeide_1.4.0/stm32cubeide/plugins/com.st.stm32cube.ide.mcu.externaltools.gnu-tools-for-stm32.7-2018-q2-update.win32_1.4.0.202007081208/tools/bin/../lib/gcc/arm-none-eabi/7.3.1/../../../../arm-none-eabi/lib/thumb/v7e-m/fpv4-sp/hard\libc_nano.a(lib_a-nano-mallocr.o)
                0x00000000200000c4                __malloc_sbrk_start
 *(COMMON)
 COMMON         0x00000000200000c8      0x234 Core/Src/sd_functions.o
                0x00000000200000c8                fs
                0x00000000200002f8                sd_path
 COMMON         0x00000000200002fc       0x64 Core/Src/spi.o
                0x00000000200002fc                hspi1
 COMMON         0x0000000020000360       0x84 Core/Src/usart.o
                0x0000000020000360                huart1
 COMMON         0x00000000200003e4        0x4 Drivers/STM32F3xx_HAL_Driver/Src/stm32f3xx_hal.o
                0x00000000200003e4                uwTick
 COMMON         0x00000000200003e8        0x4 c:/st/stm32cubeide_1.4.0/stm32cubeide/plugins/com.st.stm32cube.ide.mcu.externaltools.gnu-tools-for-stm32.7-2018-q2-update.win32_1.4.0.202007081208/tools/bin/../lib/gcc/arm-none-eabi/7.3.1/../../../../arm-none-eabi/lib/thumb/v7e-m/fpv4-sp/hard\libc_nano.a(lib_a-reent.o)
                0x00000000200003e8                errno
                0x00000000200003ec                . = ALIGN (0x4)
                0x00000000200003ec                _ebss = .
                0x00000000200003ec                __bss_end__ = _ebss

._user_heap_stack
                0x00000000200003ec      0x604 load address 0x00000000080085d4
                0x00000000200003f0                . = ALIGN (0x8)
 *fill*         0x00000000200003ec        0x4 
                [!provide]                        PROVIDE (end = .)
                0x00000000200003f0                PROVIDE (_end = .)
                0x00000000200005f0                . = (. + _Min_Heap_Size)
 *fill*         0x00000000200003f0      0x200 
                0x00000000200009f0                . = (. + _Min_Stack_Size)
 *fill*         0x00000000200005f0      0x400 
                0x00000000200009f0                . = ALIGN (0x8)

/DISCARD/
 libc.a(*)
 libm.a(*)
 libgcc.a(*)

.ARM.attributes
                0x0000000000000000       0x30
 *(.ARM.attributes)
 .ARM.attributes
                0x0000000000000000       0x22 c:/st/stm32cubeide_1.4.0/stm32cubeide/plugins/com.st.stm32cube.ide.mcu.externaltools.gnu-tools-for-stm32.7-2018-q2-update.win32_1.4.0.202007081208/tools/bin/../lib/gcc/arm-none-eabi/7.3.1/thumb/v7e-m/fpv4-sp/hard/crti.o
 .ARM.attributes
                0x0000000000000022       0x34 c:/st/stm32cubeide_1.4.0/stm32cubeide/plugins/com.st.stm32cube.ide.mcu.externaltools.gnu-tools-for-stm32.7-2018-q2-update.win32_1.4.0.202007081208/tools/bin/../lib/gcc/arm-none-eabi/7.3.1/thumb/v7e-m/fpv4-sp/hard/crtbegin.o
 .ARM.attributes
                0x0000000000000056       0x39 Core/Src/gpio.o
 .ARM.attributes
                0x000000000000008f       0x39 Core/Src/main.o
 .ARM.attributes
                0x00000000000000c8       0x39 Core/Src/sd_diskio_spi.o
 .ARM.attributes
                0x0000000000000101       0x39 Core/Src/sd_functions.o
 .ARM.attributes
                0x000000000000013a       0x39 Core/Src/sd_spi.o
 .ARM.attributes
                0x0000000000000173       0x39 Core/Src/spi.o
 .ARM.attributes
                0x00000000000001ac       0x39 Core/Src/stm32f3xx_hal_msp.o
 .ARM.attributes
                0x00000000000001e5       0x39 Core/Src/stm32f3xx_it.o
 .ARM.attributes
                0x000000000000021e       0x39 Core/Src/syscalls.o
 .ARM.attributes
                0x0000000000000257       0x39 Core/Src/sysmem.o
 .ARM.attributes
                0x0000000000000290       0x39 Core/Src/system_stm32f3xx.o
 .ARM.attributes
                0x00000000000002c9       0x39 Core/Src/usart.o
 .ARM.attributes
                0x0000000000000302       0x21 Core/Startup/startup_stm32f373cctx.o
 .ARM.attributes
                0x0000000000000323       0x39 Drivers/STM32F3xx_HAL_Driver/Src/stm32f3xx_hal.o
 .ARM.attributes
                0x000000000000035c       0x39 Drivers/STM32F3xx_HAL_Driver/Src/stm32f3xx_hal_cortex.o
 .ARM.attributes
                0x0000000000000395       0x39 Drivers/STM32F3xx_HAL_Driver/Src/stm32f3xx_hal_gpio.o
 .ARM.attributes
                0x00000000000003ce       0x39 Drivers/STM32F3xx_HAL_Driver/Src/stm32f3xx_hal_rcc.o
 .ARM.attributes
                0x0000000000000407       0x39 Drivers/STM32F3xx_HAL_Driver/Src/stm32f3xx_hal_rcc_ex.o
 .ARM.attributes
                0x0000000000000440       0x39 Drivers/STM32F3xx_HAL_Driver/Src/stm32f3xx_hal_spi.o
 .ARM.attributes
                0x0000000000000479       0x39 Drivers/STM32F3xx_HAL_Driver/Src/stm32f3xx_hal_uart.o
 .ARM.attributes
                0x00000000000004b2       0x39 Middlewares/Third_Party/FatFs/src/diskio.o
 .ARM.attributes
                0x00000000000004eb       0x39 Middlewares/Third_Party/FatFs/src/ff.o
 .ARM.attributes
                0x0000000000000524       0x39 Middlewares/Third_Party/FatFs/src/ff_gen_drv.o
 .ARM.attributes
                0x000000000000055d       0x39 Middlewares/Third_Party/FatFs/src/option/ccsbcs.o
 .ARM.attributes
                0x0000000000000596       0x39 Middlewares/Third_Party/FatFs/src/option/syscall.o
 .ARM.attributes
                0x00000000000005cf       0x34 c:/st/stm32cubeide_1.4.0/stm32cubeide/plugins/com.st.stm32cube.ide.mcu.externaltools.gnu-tools-for-stm32.7-2018-q2-update.win32_1.4.0.202007081208/tools/bin/../lib/gcc/arm-none-eabi/7.3.1/../../../../arm-none-eabi/lib/thumb/v7e-m/fpv4-sp/hard\libc_nano.a(lib_a-errno.o)
 .ARM.attributes
                0x0000000000000603       0x34 c:/st/stm32cubeide_1.4.0/stm32cubeide/plugins/com.st.stm32cube.ide.mcu.externaltools.gnu-tools-for-stm32.7-2018-q2-update.win32_1.4.0.202007081208/tools/bin/../lib/gcc/arm-none-eabi/7.3.1/../../../../arm-none-eabi/lib/thumb/v7e-m/fpv4-sp/hard\libc_nano.a(lib_a-impure.o)
 .ARM.attributes
                0x0000000000000637       0x34 c:/st/stm32cubeide_1.4.0/stm32cubeide/plugins/com.st.stm32cube.ide.mcu.externaltools.gnu-tools-for-stm32.7-2018-q2-update.win32_1.4.0.202007081208/tools/bin/../lib/gcc/arm-none-eabi/7.3.1/../../../../arm-none-eabi/lib/thumb/v7e-m/fpv4-sp/hard\libc_nano.a(lib_a-init.o)
 .ARM.attributes
                0x000000000000066b       0x34 c:/st/stm32cubeide_1.4.0/stm32cubeide/plugins/com.st.stm32cube.ide.mcu.externaltools.gnu-tools-for-stm32.7-2018-q2-update.win32_1.4.0.202007081208/tools/bin/../lib/gcc/arm-none-eabi/7.3.1/../../../../arm-none-eabi/lib/thumb/v7e-m/fpv4-sp/hard\libc_nano.a(lib_a-malloc.o)
 .ARM.attributes
                0x000000000000069f       0x34 c:/st/stm32cubeide_1.4.0/stm32cubeide/plugins/com.st.stm32cube.ide.mcu.externaltools.gnu-tools-for-stm32.7-2018-q2-update.win32_1.4.0.202007081208/tools/bin/../lib/gcc/arm-none-eabi/7.3.1/../../../../arm-none-eabi/lib/thumb/v7e-m/fpv4-sp/hard\libc_nano.a(lib_a-memset.o)
 .ARM.attributes
                0x00000000000006d3       0x34 c:/st/stm32cubeide_1.4.0/stm32cubeide/plugins/com.st.stm32cube.ide.mcu.externaltools.gnu-tools-for-stm32.7-2018-q2-update.win32_1.4.0.202007081208/tools/bin/../lib/gcc/arm-none-eabi/7.3.1/../../../../arm-none-eabi/lib/thumb/v7e-m/fpv4-sp/hard\libc_nano.a(lib_a-nano-freer.o)
 .ARM.attributes
                0x0000000000000707       0x34 c:/st/stm32cubeide_1.4.0/stm32cubeide/plugins/com.st.stm32cube.ide.mcu.externaltools.gnu-tools-for-stm32.7-2018-q2-update.win32_1.4.0.202007081208/tools/bin/../lib/gcc/arm-none-eabi/7.3.1/../../../../arm-none-eabi/lib/thumb/v7e-m/fpv4-sp/hard\libc_nano.a(lib_a-nano-mallocr.o)
 .ARM.attributes
                0x000000000000073b       0x34 c:/st/stm32cubeide_1.4.0/stm32cubeide/plugins/com.st.stm32cube.ide.mcu.externaltools.gnu-tools-for-stm32.7-2018-q2-update.win32_1.4.0.202007081208/tools/bin/../lib/gcc/arm-none-eabi/7.3.1/../../../../arm-none-eabi/lib/thumb/v7e-m/fpv4-sp/hard\libc_nano.a(lib_a-printf.o)
 .ARM.attributes
                0x000000000000076f       0x34 c:/st/stm32cubeide_1.4.0/stm32cubeide/plugins/com.st.stm32cube.ide.mcu.externaltools.gnu-tools-for-stm32.7-2018-q2-update.win32_1.4.0.202007081208/tools/bin/../lib/gcc/arm-none-eabi/7.3.1/../../../../arm-none-eabi/lib/thumb/v7e-m/fpv4-sp/hard\libc_nano.a(lib_a-puts.o)
 .ARM.attributes
                0x00000000000007a3       0x34 c:/st/stm32cubeide_1.4.0/stm32cubeide/plugins/com.st.stm32cube.ide.mcu.externaltools.gnu-tools-for-stm32.7-2018-q2-update.win32_1.4.0.202007081208/tools/bin/../lib/gcc/arm-none-eabi/7.3.1/../../../../arm-none-eabi/lib/thumb/v7e-m/fpv4-sp/hard\libc_nano.a(lib_a-sbrkr.o)
 .ARM.attributes
                0x00000000000007d7       0x34 c:/st/stm32cubeide_1.4.0/stm32cubeide/plugins/com.st.stm32cube.ide.mcu.externaltools.gnu-tools-for-stm32.7-2018-q2-update.win32_1.4.0.202007081208/tools/bin/../lib/gcc/arm-none-eabi/7.3.1/../../../../arm-none-eabi/lib/thumb/v7e-m/fpv4-sp/hard\libc_nano.a(lib_a-snprintf.o)
 .ARM.attributes
                0x000000000000080b       0x20 c:/st/stm32cubeide_1.4.0/stm32cubeide/plugins/com.st.stm32cube.ide.mcu.externaltools.gnu-tools-for-stm32.7-2018-q2-update.win32_1.4.0.202007081208/tools/bin/../lib/gcc/arm-none-eabi/7.3.1/../../../../arm-none-eabi/lib/thumb/v7e-m/fpv4-sp/hard\libc_nano.a(lib_a-strcmp.o)
 .ARM.attributes
                0x000000000000082b       0x34 c:/st/stm32cubeide_1.4.0/stm32cubeide/plugins/com.st.stm32cube.ide.mcu.externaltools.gnu-tools-for-stm32.7-2018-q2-update.win32_1.4.0.202007081208/tools/bin/../lib/gcc/arm-none-eabi/7.3.1/../../../../arm-none-eabi/lib/thumb/v7e-m/fpv4-sp/hard\libc_nano.a(lib_a-wbuf.o)
 .ARM.attributes
                0x000000000000085f       0x34 c:/st/stm32cubeide_1.4.0/stm32cubeide/plugins/com.st.stm32cube.ide.mcu.externaltools.gnu-tools-for-stm32.7-2018-q2-update.win32_1.4.0.202007081208/tools/bin/../lib/gcc/arm-none-eabi/7.3.1/../../../../arm-none-eabi/lib/thumb/v7e-m/fpv4-sp/hard\libc_nano.a(lib_a-wsetup.o)
 .ARM.attributes
                0x0000000000000893       0x34 c:/st/stm32cubeide_1.4.0/stm32cubeide/plugins/com.st.stm32cube.ide.mcu.externaltools.gnu-tools-for-stm32.7-2018-q2-update.win32_1.4.0.202007081208/tools/bin/../lib/gcc/arm-none-eabi/7.3.1/../../../../arm-none-eabi/lib/thumb/v7e-m/fpv4-sp/hard\libc_nano.a(lib_a-fflush.o)
 .ARM.attributes
                0x00000000000008c7       0x34 c:/st/stm32cubeide_1.4.0/stm32cubeide/plugins/com.st.stm32cube.ide.mcu.externaltools.gnu-tools-for-stm32.7-2018-q2-update.win32_1.4.0.202007081208/tools/bin/../lib/gcc/arm-none-eabi/7.3.1/../../../../arm-none-eabi/lib/thumb/v7e-m/fpv4-sp/hard\libc_nano.a(lib_a-findfp.o)
 .ARM.attributes
                0x00000000000008fb       0x34 c:/st/stm32cubeide_1.4.0/stm32cubeide/plugins/com.st.stm32cube.ide.mcu.externaltools.gnu-tools-for-stm32.7-2018-q2-update.win32_1.4.0.202007081208/tools/bin/../lib/gcc/arm-none-eabi/7.3.1/../../../../arm-none-eabi/lib/thumb/v7e-m/fpv4-sp/hard\libc_nano.a(lib_a-fwalk.o)
 .ARM.attributes
                0x000000000000092f       0x34 c:/st/stm32cubeide_1.4.0/stm32cubeide/plugins/com.st.stm32cube.ide.mcu.externaltools.gnu-tools-for-stm32.7-2018-q2-update.win32_1.4.0.202007081208/tools/bin/../lib/gcc/arm-none-eabi/7.3.1/../../../../arm-none-eabi/lib/thumb/v7e-m/fpv4-sp/hard\libc_nano.a(lib_a-makebuf.o)
 .ARM.attributes
                0x0000000000000963       0x34 c:/st/stm32cubeide_1.4.0/stm32cubeide/plugins/com.st.stm32cube.ide.mcu.externaltools.gnu-tools-for-stm32.7-2018-q2-update.win32_1.4.0.202007081208/tools/bin/../lib/gcc/arm-none-eabi/7.3.1/../../../../arm-none-eabi/lib/thumb/v7e-m/fpv4-sp/hard\libc_nano.a(lib_a-mlock.o)
 .ARM.attributes
                0x0000000000000997       0x34 c:/st/stm32cubeide_1.4.0/stm32cubeide/plugins/com.st.stm32cube.ide.mcu.externaltools.gnu-tools-for-stm32.7-2018-q2-update.win32_1.4.0.202007081208/tools/bin/../lib/gcc/arm-none-eabi/7.3.1/../../../../arm-none-eabi/lib/thumb/v7e-m/fpv4-sp/hard\libc_nano.a(lib_a-nano-svfprintf.o)
 .ARM.attributes
                0x00000000000009cb       0x34 c:/st/stm32cubeide_1.4.0/stm32cubeide/plugins/com.st.stm32cube.ide.mcu.externaltools.gnu-tools-for-stm32.7-2018-q2-update.win32_1.4.0.202007081208/tools/bin/../lib/gcc/arm-none-eabi/7.3.1/../../../../arm-none-eabi/lib/thumb/v7e-m/fpv4-sp/hard\libc_nano.a(lib_a-nano-vfprintf.o)
 .ARM.attributes
                0x00000000000009ff       0x34 c:/st/stm32cubeide_1.4.0/stm32cubeide/plugins/com.st.stm32cube.ide.mcu.externaltools.gnu-tools-for-stm32.7-2018-q2-update.win32_1.4.0.202007081208/tools/bin/../lib/gcc/arm-none-eabi/7.3.1/../../../../arm-none-eabi/lib/thumb/v7e-m/fpv4-sp/hard\libc_nano.a(lib_a-nano-vfprintf_i.o)
 .ARM.attributes
                0x0000000000000a33       0x34 c:/st/stm32cubeide_1.4.0/stm32cubeide/plugins/com.st.stm32cube.ide.mcu.externaltools.gnu-tools-for-stm32.7-2018-q2-update.win32_1.4.0.202007081208/tools/bin/../lib/gcc/arm-none-eabi/7.3.1/../../../../arm-none-eabi/lib/thumb/v7e-m/fpv4-sp/hard\libc_nano.a(lib_a-reent.o)
 .ARM.attributes
                0x0000000000000a67       0x34 c:/st/stm32cubeide_1.4.0/stm32cubeide/plugins/com.st.stm32cube.ide.mcu.externaltools.gnu-tools-for-stm32.7-2018-q2-update.win32_1.4.0.202007081208/tools/bin/../lib/gcc/arm-none-eabi/7.3.1/../../../../arm-none-eabi/lib/thumb/v7e-m/fpv4-sp/hard\libc_nano.a(lib_a-stdio.o)
 .ARM.attributes
                0x0000000000000a9b       0x34 c:/st/stm32cubeide_1.4.0/stm32cubeide/plugins/com.st.stm32cube.ide.mcu.externaltools.gnu-tools-for-stm32.7-2018-q2-update.win32_1.4.0.202007081208/tools/bin/../lib/gcc/arm-none-eabi/7.3.1/../../../../arm-none-eabi/lib/thumb/v7e-m/fpv4-sp/hard\libc_nano.a(lib_a-writer.o)
 .ARM.attributes
                0x0000000000000acf       0x34 c:/st/stm32cubeide_1.4.0/stm32cubeide/plugins/com.st.stm32cube.ide.mcu.externaltools.gnu-tools-for-stm32.7-2018-q2-update.win32_1.4.0.202007081208/tools/bin/../lib/gcc/arm-none-eabi/7.3.1/../../../../arm-none-eabi/lib/thumb/v7e-m/fpv4-sp/hard\libc_nano.a(lib_a-closer.o)
 .ARM.attributes
                0x0000000000000b03       0x34 c:/st/stm32cubeide_1.4.0/stm32cubeide/plugins/com.st.stm32cube.ide.mcu.externaltools.gnu-tools-for-stm32.7-2018-q2-update.win32_1.4.0.202007081208/tools/bin/../lib/gcc/arm-none-eabi/7.3.1/../../../../arm-none-eabi/lib/thumb/v7e-m/fpv4-sp/hard\libc_nano.a(lib_a-fstatr.o)
 .ARM.attributes
                0x0000000000000b37       0x34 c:/st/stm32cubeide_1.4.0/stm32cubeide/plugins/com.st.stm32cube.ide.mcu.externaltools.gnu-tools-for-stm32.7-2018-q2-update.win32_1.4.0.202007081208/tools/bin/../lib/gcc/arm-none-eabi/7.3.1/../../../../arm-none-eabi/lib/thumb/v7e-m/fpv4-sp/hard\libc_nano.a(lib_a-isattyr.o)
 .ARM.attributes
                0x0000000000000b6b       0x34 c:/st/stm32cubeide_1.4.0/stm32cubeide/plugins/com.st.stm32cube.ide.mcu.externaltools.gnu-tools-for-stm32.7-2018-q2-update.win32_1.4.0.202007081208/tools/bin/../lib/gcc/arm-none-eabi/7.3.1/../../../../arm-none-eabi/lib/thumb/v7e-m/fpv4-sp/hard\libc_nano.a(lib_a-lseekr.o)
 .ARM.attributes
                0x0000000000000b9f       0x20 c:/st/stm32cubeide_1.4.0/stm32cubeide/plugins/com.st.stm32cube.ide.mcu.externaltools.gnu-tools-for-stm32.7-2018-q2-update.win32_1.4.0.202007081208/tools/bin/../lib/gcc/arm-none-eabi/7.3.1/../../../../arm-none-eabi/lib/thumb/v7e-m/fpv4-sp/hard\libc_nano.a(lib_a-memchr.o)
 .ARM.attributes
                0x0000000000000bbf       0x34 c:/st/stm32cubeide_1.4.0/stm32cubeide/plugins/com.st.stm32cube.ide.mcu.externaltools.gnu-tools-for-stm32.7-2018-q2-update.win32_1.4.0.202007081208/tools/bin/../lib/gcc/arm-none-eabi/7.3.1/../../../../arm-none-eabi/lib/thumb/v7e-m/fpv4-sp/hard\libc_nano.a(lib_a-memcpy-stub.o)
 .ARM.attributes
                0x0000000000000bf3       0x34 c:/st/stm32cubeide_1.4.0/stm32cubeide/plugins/com.st.stm32cube.ide.mcu.externaltools.gnu-tools-for-stm32.7-2018-q2-update.win32_1.4.0.202007081208/tools/bin/../lib/gcc/arm-none-eabi/7.3.1/../../../../arm-none-eabi/lib/thumb/v7e-m/fpv4-sp/hard\libc_nano.a(lib_a-memmove.o)
 .ARM.attributes
                0x0000000000000c27       0x34 c:/st/stm32cubeide_1.4.0/stm32cubeide/plugins/com.st.stm32cube.ide.mcu.externaltools.gnu-tools-for-stm32.7-2018-q2-update.win32_1.4.0.202007081208/tools/bin/../lib/gcc/arm-none-eabi/7.3.1/../../../../arm-none-eabi/lib/thumb/v7e-m/fpv4-sp/hard\libc_nano.a(lib_a-nano-reallocr.o)
 .ARM.attributes
                0x0000000000000c5b       0x34 c:/st/stm32cubeide_1.4.0/stm32cubeide/plugins/com.st.stm32cube.ide.mcu.externaltools.gnu-tools-for-stm32.7-2018-q2-update.win32_1.4.0.202007081208/tools/bin/../lib/gcc/arm-none-eabi/7.3.1/../../../../arm-none-eabi/lib/thumb/v7e-m/fpv4-sp/hard\libc_nano.a(lib_a-readr.o)
 .ARM.attributes
                0x0000000000000c8f       0x34 c:/st/stm32cubeide_1.4.0/stm32cubeide/plugins/com.st.stm32cube.ide.mcu.externaltools.gnu-tools-for-stm32.7-2018-q2-update.win32_1.4.0.202007081208/tools/bin/../lib/gcc/arm-none-eabi/7.3.1/../../../../arm-none-eabi/lib/thumb/v7e-m/fpv4-sp/hard\libc_nano.a(lib_a-nano-msizer.o)
 .ARM.attributes
                0x0000000000000cc3       0x22 c:/st/stm32cubeide_1.4.0/stm32cubeide/plugins/com.st.stm32cube.ide.mcu.externaltools.gnu-tools-for-stm32.7-2018-q2-update.win32_1.4.0.202007081208/tools/bin/../lib/gcc/arm-none-eabi/7.3.1/thumb/v7e-m/fpv4-sp/hard/crtn.o
OUTPUT(CD_Card_2.elf elf32-littlearm)

.debug_info     0x0000000000000000    0x13e0c
 .debug_info    0x0000000000000000      0x3eb Core/Src/gpio.o
 .debug_info    0x00000000000003eb      0xf96 Core/Src/main.o
 .debug_info    0x0000000000001381      0x437 Core/Src/sd_diskio_spi.o
 .debug_info    0x00000000000017b8     0x1417 Core/Src/sd_functions.o
 .debug_info    0x0000000000002bcf     0x12d6 Core/Src/sd_spi.o
 .debug_info    0x0000000000003ea5      0x8d2 Core/Src/spi.o
 .debug_info    0x0000000000004777      0x278 Core/Src/stm32f3xx_hal_msp.o
 .debug_info    0x00000000000049ef      0x20d Core/Src/stm32f3xx_it.o
 .debug_info    0x0000000000004bfc      0xebd Core/Src/syscalls.o
 .debug_info    0x0000000000005ab9      0x985 Core/Src/sysmem.o
 .debug_info    0x000000000000643e      0x45c Core/Src/system_stm32f3xx.o
 .debug_info    0x000000000000689a      0x933 Core/Src/usart.o
 .debug_info    0x00000000000071cd       0x22 Core/Startup/startup_stm32f373cctx.o
 .debug_info    0x00000000000071ef      0x7d6 Drivers/STM32F3xx_HAL_Driver/Src/stm32f3xx_hal.o
 .debug_info    0x00000000000079c5      0xd8d Drivers/STM32F3xx_HAL_Driver/Src/stm32f3xx_hal_cortex.o
 .debug_info    0x0000000000008752      0x6a3 Drivers/STM32F3xx_HAL_Driver/Src/stm32f3xx_hal_gpio.o
 .debug_info    0x0000000000008df5     0x180f Drivers/STM32F3xx_HAL_Driver/Src/stm32f3xx_hal_rcc.o
 .debug_info    0x000000000000a604      0x661 Drivers/STM32F3xx_HAL_Driver/Src/stm32f3xx_hal_rcc_ex.o
 .debug_info    0x000000000000ac65     0x16a8 Drivers/STM32F3xx_HAL_Driver/Src/stm32f3xx_hal_spi.o
 .debug_info    0x000000000000c30d     0x3eee Drivers/STM32F3xx_HAL_Driver/Src/stm32f3xx_hal_uart.o
 .debug_info    0x00000000000101fb      0x4c6 Middlewares/Third_Party/FatFs/src/diskio.o
 .debug_info    0x00000000000106c1     0x2695 Middlewares/Third_Party/FatFs/src/ff.o
 .debug_info    0x0000000000012d56      0x464 Middlewares/Third_Party/FatFs/src/ff_gen_drv.o
 .debug_info    0x00000000000131ba      0x26e Middlewares/Third_Party/FatFs/src/option/ccsbcs.o
 .debug_info    0x0000000000013428      0x9e4 Middlewares/Third_Party/FatFs/src/option/syscall.o

.debug_abbrev   0x0000000000000000     0x2c3e
 .debug_abbrev  0x0000000000000000      0x134 Core/Src/gpio.o
 .debug_abbrev  0x0000000000000134      0x219 Core/Src/main.o
 .debug_abbrev  0x000000000000034d      0x155 Core/Src/sd_diskio_spi.o
 .debug_abbrev  0x00000000000004a2      0x2b6 Core/Src/sd_functions.o
 .debug_abbrev  0x0000000000000758      0x294 Core/Src/sd_spi.o
 .debug_abbrev  0x00000000000009ec      0x199 Core/Src/spi.o
 .debug_abbrev  0x0000000000000b85      0x109 Core/Src/stm32f3xx_hal_msp.o
 .debug_abbrev  0x0000000000000c8e       0xc6 Core/Src/stm32f3xx_it.o
 .debug_abbrev  0x0000000000000d54      0x261 Core/Src/syscalls.o
 .debug_abbrev  0x0000000000000fb5      0x19b Core/Src/sysmem.o
 .debug_abbrev  0x0000000000001150      0x12b Core/Src/system_stm32f3xx.o
 .debug_abbrev  0x000000000000127b      0x199 Core/Src/usart.o
 .debug_abbrev  0x0000000000001414       0x12 Core/Startup/startup_stm32f373cctx.o
 .debug_abbrev  0x0000000000001426      0x1c7 Drivers/STM32F3xx_HAL_Driver/Src/stm32f3xx_hal.o
 .debug_abbrev  0x00000000000015ed      0x2fa Drivers/STM32F3xx_HAL_Driver/Src/stm32f3xx_hal_cortex.o
 .debug_abbrev  0x00000000000018e7      0x1c0 Drivers/STM32F3xx_HAL_Driver/Src/stm32f3xx_hal_gpio.o
 .debug_abbrev  0x0000000000001aa7      0x28c Drivers/STM32F3xx_HAL_Driver/Src/stm32f3xx_hal_rcc.o
 .debug_abbrev  0x0000000000001d33      0x219 Drivers/STM32F3xx_HAL_Driver/Src/stm32f3xx_hal_rcc_ex.o
 .debug_abbrev  0x0000000000001f4c      0x228 Drivers/STM32F3xx_HAL_Driver/Src/stm32f3xx_hal_spi.o
 .debug_abbrev  0x0000000000002174      0x27f Drivers/STM32F3xx_HAL_Driver/Src/stm32f3xx_hal_uart.o
 .debug_abbrev  0x00000000000023f3      0x16f Middlewares/Third_Party/FatFs/src/diskio.o
 .debug_abbrev  0x0000000000002562      0x278 Middlewares/Third_Party/FatFs/src/ff.o
 .debug_abbrev  0x00000000000027da      0x19c Middlewares/Third_Party/FatFs/src/ff_gen_drv.o
 .debug_abbrev  0x0000000000002976      0x108 Middlewares/Third_Party/FatFs/src/option/ccsbcs.o
 .debug_abbrev  0x0000000000002a7e      0x1c0 Middlewares/Third_Party/FatFs/src/option/syscall.o

.debug_aranges  0x0000000000000000      0xd88
 .debug_aranges
                0x0000000000000000       0x20 Core/Src/gpio.o
 .debug_aranges
                0x0000000000000020       0x38 Core/Src/main.o
 .debug_aranges
                0x0000000000000058       0x40 Core/Src/sd_diskio_spi.o
 .debug_aranges
                0x0000000000000098       0x78 Core/Src/sd_functions.o
 .debug_aranges
                0x0000000000000110       0x78 Core/Src/sd_spi.o
 .debug_aranges
                0x0000000000000188       0x30 Core/Src/spi.o
 .debug_aranges
                0x00000000000001b8       0x20 Core/Src/stm32f3xx_hal_msp.o
 .debug_aranges
                0x00000000000001d8       0x60 Core/Src/stm32f3xx_it.o
 .debug_aranges
                0x0000000000000238       0xa8 Core/Src/syscalls.o
 .debug_aranges
                0x00000000000002e0       0x20 Core/Src/sysmem.o
 .debug_aranges
                0x0000000000000300       0x28 Core/Src/system_stm32f3xx.o
 .debug_aranges
                0x0000000000000328       0x30 Core/Src/usart.o
 .debug_aranges
                0x0000000000000358       0x28 Core/Startup/startup_stm32f373cctx.o
 .debug_aranges
                0x0000000000000380       0xe0 Drivers/STM32F3xx_HAL_Driver/Src/stm32f3xx_hal.o
 .debug_aranges
                0x0000000000000460      0x118 Drivers/STM32F3xx_HAL_Driver/Src/stm32f3xx_hal_cortex.o
 .debug_aranges
                0x0000000000000578       0x58 Drivers/STM32F3xx_HAL_Driver/Src/stm32f3xx_hal_gpio.o
 .debug_aranges
                0x00000000000005d0       0x88 Drivers/STM32F3xx_HAL_Driver/Src/stm32f3xx_hal_rcc.o
 .debug_aranges
                0x0000000000000658       0x38 Drivers/STM32F3xx_HAL_Driver/Src/stm32f3xx_hal_rcc_ex.o
 .debug_aranges
                0x0000000000000690      0x1d8 Drivers/STM32F3xx_HAL_Driver/Src/stm32f3xx_hal_spi.o
 .debug_aranges
                0x0000000000000868      0x228 Drivers/STM32F3xx_HAL_Driver/Src/stm32f3xx_hal_uart.o
 .debug_aranges
                0x0000000000000a90       0x48 Middlewares/Third_Party/FatFs/src/diskio.o
 .debug_aranges
                0x0000000000000ad8      0x220 Middlewares/Third_Party/FatFs/src/ff.o
 .debug_aranges
                0x0000000000000cf8       0x40 Middlewares/Third_Party/FatFs/src/ff_gen_drv.o
 .debug_aranges
                0x0000000000000d38       0x28 Middlewares/Third_Party/FatFs/src/option/ccsbcs.o
 .debug_aranges
                0x0000000000000d60       0x28 Middlewares/Third_Party/FatFs/src/option/syscall.o

.debug_ranges   0x0000000000000000      0xc30
 .debug_ranges  0x0000000000000000       0x10 Core/Src/gpio.o
 .debug_ranges  0x0000000000000010       0x28 Core/Src/main.o
 .debug_ranges  0x0000000000000038       0x30 Core/Src/sd_diskio_spi.o
 .debug_ranges  0x0000000000000068       0x68 Core/Src/sd_functions.o
 .debug_ranges  0x00000000000000d0       0x68 Core/Src/sd_spi.o
 .debug_ranges  0x0000000000000138       0x20 Core/Src/spi.o
 .debug_ranges  0x0000000000000158       0x10 Core/Src/stm32f3xx_hal_msp.o
 .debug_ranges  0x0000000000000168       0x50 Core/Src/stm32f3xx_it.o
 .debug_ranges  0x00000000000001b8       0x98 Core/Src/syscalls.o
 .debug_ranges  0x0000000000000250       0x10 Core/Src/sysmem.o
 .debug_ranges  0x0000000000000260       0x18 Core/Src/system_stm32f3xx.o
 .debug_ranges  0x0000000000000278       0x20 Core/Src/usart.o
 .debug_ranges  0x0000000000000298       0x20 Core/Startup/startup_stm32f373cctx.o
 .debug_ranges  0x00000000000002b8       0xd0 Drivers/STM32F3xx_HAL_Driver/Src/stm32f3xx_hal.o
 .debug_ranges  0x0000000000000388      0x108 Drivers/STM32F3xx_HAL_Driver/Src/stm32f3xx_hal_cortex.o
 .debug_ranges  0x0000000000000490       0x48 Drivers/STM32F3xx_HAL_Driver/Src/stm32f3xx_hal_gpio.o
 .debug_ranges  0x00000000000004d8       0x78 Drivers/STM32F3xx_HAL_Driver/Src/stm32f3xx_hal_rcc.o
 .debug_ranges  0x0000000000000550       0x28 Drivers/STM32F3xx_HAL_Driver/Src/stm32f3xx_hal_rcc_ex.o
 .debug_ranges  0x0000000000000578      0x1c8 Drivers/STM32F3xx_HAL_Driver/Src/stm32f3xx_hal_spi.o
 .debug_ranges  0x0000000000000740      0x248 Drivers/STM32F3xx_HAL_Driver/Src/stm32f3xx_hal_uart.o
 .debug_ranges  0x0000000000000988       0x38 Middlewares/Third_Party/FatFs/src/diskio.o
 .debug_ranges  0x00000000000009c0      0x210 Middlewares/Third_Party/FatFs/src/ff.o
 .debug_ranges  0x0000000000000bd0       0x30 Middlewares/Third_Party/FatFs/src/ff_gen_drv.o
 .debug_ranges  0x0000000000000c00       0x18 Middlewares/Third_Party/FatFs/src/option/ccsbcs.o
 .debug_ranges  0x0000000000000c18       0x18 Middlewares/Third_Party/FatFs/src/option/syscall.o

.debug_macro    0x0000000000000000    0x1d47f
 .debug_macro   0x0000000000000000      0x1f1 Core/Src/gpio.o
 .debug_macro   0x00000000000001f1      0xa5a Core/Src/gpio.o
 .debug_macro   0x0000000000000c4b      0x157 Core/Src/gpio.o
 .debug_macro   0x0000000000000da2       0x2e Core/Src/gpio.o
 .debug_macro   0x0000000000000dd0       0x28 Core/Src/gpio.o
 .debug_macro   0x0000000000000df8       0x22 Core/Src/gpio.o
 .debug_macro   0x0000000000000e1a       0x8e Core/Src/gpio.o
 .debug_macro   0x0000000000000ea8       0x51 Core/Src/gpio.o
 .debug_macro   0x0000000000000ef9       0xef Core/Src/gpio.o
 .debug_macro   0x0000000000000fe8       0x6a Core/Src/gpio.o
 .debug_macro   0x0000000000001052      0x1df Core/Src/gpio.o
 .debug_macro   0x0000000000001231       0x1c Core/Src/gpio.o
 .debug_macro   0x000000000000124d       0x22 Core/Src/gpio.o
 .debug_macro   0x000000000000126f       0xdf Core/Src/gpio.o
 .debug_macro   0x000000000000134e     0x102d Core/Src/gpio.o
 .debug_macro   0x000000000000237b      0x11f Core/Src/gpio.o
 .debug_macro   0x000000000000249a    0x10709 Core/Src/gpio.o
 .debug_macro   0x0000000000012ba3       0x6d Core/Src/gpio.o
 .debug_macro   0x0000000000012c10     0x354e Core/Src/gpio.o
 .debug_macro   0x000000000001615e      0x174 Core/Src/gpio.o
 .debug_macro   0x00000000000162d2       0x55 Core/Src/gpio.o
 .debug_macro   0x0000000000016327      0x95b Core/Src/gpio.o
 .debug_macro   0x0000000000016c82      0x5dc Core/Src/gpio.o
 .debug_macro   0x000000000001725e      0x1b6 Core/Src/gpio.o
 .debug_macro   0x0000000000017414      0x161 Core/Src/gpio.o
 .debug_macro   0x0000000000017575      0x1ab Core/Src/gpio.o
 .debug_macro   0x0000000000017720      0x1bc Core/Src/gpio.o
 .debug_macro   0x00000000000178dc       0x30 Core/Src/gpio.o
 .debug_macro   0x000000000001790c       0x3c Core/Src/gpio.o
 .debug_macro   0x0000000000017948      0x236 Core/Src/gpio.o
 .debug_macro   0x0000000000017b7e       0xc5 Core/Src/gpio.o
 .debug_macro   0x0000000000017c43      0x231 Core/Src/gpio.o
 .debug_macro   0x0000000000017e74      0x22c Core/Src/gpio.o
 .debug_macro   0x00000000000180a0       0x5b Core/Src/gpio.o
 .debug_macro   0x00000000000180fb       0xa5 Core/Src/gpio.o
 .debug_macro   0x00000000000181a0       0x81 Core/Src/gpio.o
 .debug_macro   0x0000000000018221       0xec Core/Src/gpio.o
 .debug_macro   0x000000000001830d      0x2fe Core/Src/gpio.o
 .debug_macro   0x000000000001860b      0x5a5 Core/Src/gpio.o
 .debug_macro   0x0000000000018bb0       0x3e Core/Src/gpio.o
 .debug_macro   0x0000000000018bee      0x244 Core/Src/gpio.o
 .debug_macro   0x0000000000018e32       0x10 Core/Src/gpio.o
 .debug_macro   0x0000000000018e42      0x260 Core/Src/main.o
 .debug_macro   0x00000000000190a2       0xde Core/Src/main.o
 .debug_macro   0x0000000000019180       0xf5 Core/Src/main.o
 .debug_macro   0x0000000000019275       0x8e Core/Src/main.o
 .debug_macro   0x0000000000019303      0x23e Core/Src/sd_diskio_spi.o
 .debug_macro   0x0000000000019541       0x16 Core/Src/sd_diskio_spi.o
 .debug_macro   0x0000000000019557       0x7c Core/Src/sd_diskio_spi.o
 .debug_macro   0x00000000000195d3       0x2e Core/Src/sd_diskio_spi.o
 .debug_macro   0x0000000000019601      0x415 Core/Src/sd_functions.o
 .debug_macro   0x0000000000019a16       0x16 Core/Src/sd_functions.o
 .debug_macro   0x0000000000019a2c       0x16 Core/Src/sd_functions.o
 .debug_macro   0x0000000000019a42       0x29 Core/Src/sd_functions.o
 .debug_macro   0x0000000000019a6b      0x398 Core/Src/sd_spi.o
 .debug_macro   0x0000000000019e03       0x10 Core/Src/sd_spi.o
 .debug_macro   0x0000000000019e13       0x1c Core/Src/sd_spi.o
 .debug_macro   0x0000000000019e2f      0x1f1 Core/Src/spi.o
 .debug_macro   0x000000000001a020      0x1e7 Core/Src/stm32f3xx_hal_msp.o
 .debug_macro   0x000000000001a207      0x1f1 Core/Src/stm32f3xx_it.o
 .debug_macro   0x000000000001a3f8      0x243 Core/Src/syscalls.o
 .debug_macro   0x000000000001a63b       0x40 Core/Src/syscalls.o
 .debug_macro   0x000000000001a67b       0x94 Core/Src/syscalls.o
 .debug_macro   0x000000000001a70f       0x57 Core/Src/syscalls.o
 .debug_macro   0x000000000001a766      0x330 Core/Src/syscalls.o
 .debug_macro   0x000000000001aa96       0x10 Core/Src/syscalls.o
 .debug_macro   0x000000000001aaa6       0x10 Core/Src/syscalls.o
 .debug_macro   0x000000000001aab6       0x10 Core/Src/syscalls.o
 .debug_macro   0x000000000001aac6       0x35 Core/Src/syscalls.o
 .debug_macro   0x000000000001aafb      0x122 Core/Src/syscalls.o
 .debug_macro   0x000000000001ac1d       0x10 Core/Src/syscalls.o
 .debug_macro   0x000000000001ac2d      0x241 Core/Src/syscalls.o